Archive member included to satisfy reference by file (symbol)

/home/leonas/User/SourceFile/CubeIDE/plugins/com.st.stm32cube.ide.mcu.externaltools.gnu-tools-for-stm32.13.3.rel1.linux64_1.0.100.202509120712/tools/bin/../lib/gcc/arm-none-eabi/13.3.1/../../../../arm-none-eabi/lib/thumb/v7e-m+fp/hard/libc_nano.a(libc_a-atof.o)
                              ./Core/Src/main.o (atof)
/home/leonas/User/SourceFile/CubeIDE/plugins/com.st.stm32cube.ide.mcu.externaltools.gnu-tools-for-stm32.13.3.rel1.linux64_1.0.100.202509120712/tools/bin/../lib/gcc/arm-none-eabi/13.3.1/../../../../arm-none-eabi/lib/thumb/v7e-m+fp/hard/libc_nano.a(libc_a-exit.o)
                              /home/leonas/User/SourceFile/CubeIDE/plugins/com.st.stm32cube.ide.mcu.externaltools.gnu-tools-for-stm32.13.3.rel1.linux64_1.0.100.202509120712/tools/bin/../lib/gcc/arm-none-eabi/13.3.1/../../../../arm-none-eabi/lib/thumb/v7e-m+fp/hard/crt0.o (exit)
/home/leonas/User/SourceFile/CubeIDE/plugins/com.st.stm32cube.ide.mcu.externaltools.gnu-tools-for-stm32.13.3.rel1.linux64_1.0.100.202509120712/tools/bin/../lib/gcc/arm-none-eabi/13.3.1/../../../../arm-none-eabi/lib/thumb/v7e-m+fp/hard/libc_nano.a(libc_a-strtod.o)
                              /home/leonas/User/SourceFile/CubeIDE/plugins/com.st.stm32cube.ide.mcu.externaltools.gnu-tools-for-stm32.13.3.rel1.linux64_1.0.100.202509120712/tools/bin/../lib/gcc/arm-none-eabi/13.3.1/../../../../arm-none-eabi/lib/thumb/v7e-m+fp/hard/libc_nano.a(libc_a-atof.o) (strtod)
/home/leonas/User/SourceFile/CubeIDE/plugins/com.st.stm32cube.ide.mcu.externaltools.gnu-tools-for-stm32.13.3.rel1.linux64_1.0.100.202509120712/tools/bin/../lib/gcc/arm-none-eabi/13.3.1/../../../../arm-none-eabi/lib/thumb/v7e-m+fp/hard/libc_nano.a(libc_a-nano-vfprintf_float.o)
                              (_printf_float)
/home/leonas/User/SourceFile/CubeIDE/plugins/com.st.stm32cube.ide.mcu.externaltools.gnu-tools-for-stm32.13.3.rel1.linux64_1.0.100.202509120712/tools/bin/../lib/gcc/arm-none-eabi/13.3.1/../../../../arm-none-eabi/lib/thumb/v7e-m+fp/hard/libc_nano.a(libc_a-nano-vfprintf_i.o)
                              /home/leonas/User/SourceFile/CubeIDE/plugins/com.st.stm32cube.ide.mcu.externaltools.gnu-tools-for-stm32.13.3.rel1.linux64_1.0.100.202509120712/tools/bin/../lib/gcc/arm-none-eabi/13.3.1/../../../../arm-none-eabi/lib/thumb/v7e-m+fp/hard/libc_nano.a(libc_a-nano-vfprintf_float.o) (_printf_common)
/home/leonas/User/SourceFile/CubeIDE/plugins/com.st.stm32cube.ide.mcu.externaltools.gnu-tools-for-stm32.13.3.rel1.linux64_1.0.100.202509120712/tools/bin/../lib/gcc/arm-none-eabi/13.3.1/../../../../arm-none-eabi/lib/thumb/v7e-m+fp/hard/libc_nano.a(libc_a-findfp.o)
                              /home/leonas/User/SourceFile/CubeIDE/plugins/com.st.stm32cube.ide.mcu.externaltools.gnu-tools-for-stm32.13.3.rel1.linux64_1.0.100.202509120712/tools/bin/../lib/gcc/arm-none-eabi/13.3.1/../../../../arm-none-eabi/lib/thumb/v7e-m+fp/hard/libc_nano.a(libc_a-exit.o) (__stdio_exit_handler)
/home/leonas/User/SourceFile/CubeIDE/plugins/com.st.stm32cube.ide.mcu.externaltools.gnu-tools-for-stm32.13.3.rel1.linux64_1.0.100.202509120712/tools/bin/../lib/gcc/arm-none-eabi/13.3.1/../../../../arm-none-eabi/lib/thumb/v7e-m+fp/hard/libc_nano.a(libc_a-fwalk.o)
                              /home/leonas/User/SourceFile/CubeIDE/plugins/com.st.stm32cube.ide.mcu.externaltools.gnu-tools-for-stm32.13.3.rel1.linux64_1.0.100.202509120712/tools/bin/../lib/gcc/arm-none-eabi/13.3.1/../../../../arm-none-eabi/lib/thumb/v7e-m+fp/hard/libc_nano.a(libc_a-findfp.o) (_fwalk_sglue)
/home/leonas/User/SourceFile/CubeIDE/plugins/com.st.stm32cube.ide.mcu.externaltools.gnu-tools-for-stm32.13.3.rel1.linux64_1.0.100.202509120712/tools/bin/../lib/gcc/arm-none-eabi/13.3.1/../../../../arm-none-eabi/lib/thumb/v7e-m+fp/hard/libc_nano.a(libc_a-printf.o)
                              ./Core/Src/main.o (printf)
/home/leonas/User/SourceFile/CubeIDE/plugins/com.st.stm32cube.ide.mcu.externaltools.gnu-tools-for-stm32.13.3.rel1.linux64_1.0.100.202509120712/tools/bin/../lib/gcc/arm-none-eabi/13.3.1/../../../../arm-none-eabi/lib/thumb/v7e-m+fp/hard/libc_nano.a(libc_a-puts.o)
                              ./Core/Src/main.o (puts)
/home/leonas/User/SourceFile/CubeIDE/plugins/com.st.stm32cube.ide.mcu.externaltools.gnu-tools-for-stm32.13.3.rel1.linux64_1.0.100.202509120712/tools/bin/../lib/gcc/arm-none-eabi/13.3.1/../../../../arm-none-eabi/lib/thumb/v7e-m+fp/hard/libc_nano.a(libc_a-snprintf.o)
                              ./Core/Src/main.o (snprintf)
/home/leonas/User/SourceFile/CubeIDE/plugins/com.st.stm32cube.ide.mcu.externaltools.gnu-tools-for-stm32.13.3.rel1.linux64_1.0.100.202509120712/tools/bin/../lib/gcc/arm-none-eabi/13.3.1/../../../../arm-none-eabi/lib/thumb/v7e-m+fp/hard/libc_nano.a(libc_a-stdio.o)
[...]
Memory Configuration

Name             Origin             Length             Attributes
RAM              0x20000000         0x00018000         xrw
FLASH            0x08000000         0x00080000         xr
*default*        0x00000000         0xffffffff

Linker script and memory map

LOAD /home/leonas/User/SourceFile/CubeIDE/plugins/com.st.stm32cube.ide.mcu.externaltools.gnu-tools-for-stm32.13.3.rel1.linux64_1.0.100.202509120712/tools/bin/../lib/gcc/arm-none-eabi/13.3.1/thumb/v7e-m+fp/hard/crti.o
LOAD /home/leonas/User/SourceFile/CubeIDE/plugins/com.st.stm32cube.ide.mcu.externaltools.gnu-tools-for-stm32.13.3.rel1.linux64_1.0.100.202509120712/tools/bin/../lib/gcc/arm-none-eabi/13.3.1/thumb/v7e-m+fp/hard/crtbegin.o
LOAD /home/leonas/User/SourceFile/CubeIDE/plugins/com.st.stm32cube.ide.mcu.externaltools.gnu-tools-for-stm32.13.3.rel1.linux64_1.0.100.202509120712/tools/bin/../lib/gcc/arm-none-eabi/13.3.1/../../../../arm-none-eabi/lib/thumb/v7e-m+fp/hard/crt0.o
LOAD ./Core/Src/main.o
LOAD ./Core/Src/stm32f4xx_hal_msp.o
LOAD ./Core/Src/stm32f4xx_it.o
LOAD ./Core/Src/syscalls.o
LOAD ./Core/Src/sysmem.o
LOAD ./Core/Src/system_stm32f4xx.o
LOAD ./Core/Startup/startup_stm32f401retx.o
LOAD ./Drivers/STM32F4xx_HAL_Driver/Src/stm32f4xx_hal.o
LOAD ./Drivers/STM32F4xx_HAL_Driver/Src/stm32f4xx_hal_adc.o
LOAD ./Drivers/STM32F4xx_HAL_Driver/Src/stm32f4xx_hal_adc_ex.o
LOAD ./Drivers/STM32F4xx_HAL_Driver/Src/stm32f4xx_hal_cortex.o
LOAD ./Drivers/STM32F4xx_HAL_Driver/Src/stm32f4xx_hal_dma.o
LOAD ./Drivers/STM32F4xx_HAL_Driver/Src/stm32f4xx_hal_dma_ex.o
LOAD ./Drivers/STM32F4xx_HAL_Driver/Src/stm32f4xx_hal_exti.o
LOAD ./Drivers/STM32F4xx_HAL_Driver/Src/stm32f4xx_hal_flash.o
LOAD ./Drivers/STM32F4xx_HAL_Driver/Src/stm32f4xx_hal_flash_ex.o
LOAD ./Drivers/STM32F4xx_HAL_Driver/Src/stm32f4xx_hal_flash_ramfunc.o
LOAD ./Drivers/STM32F4xx_HAL_Driver/Src/stm32f4xx_hal_gpio.o
LOAD ./Drivers/STM32F4xx_HAL_Driver/Src/stm32f4xx_hal_pwr.o
LOAD ./Drivers/STM32F4xx_HAL_Driver/Src/stm32f4xx_hal_pwr_ex.o
LOAD ./Drivers/STM32F4xx_HAL_Driver/Src/stm32f4xx_hal_rcc.o
LOAD ./Drivers/STM32F4xx_HAL_Driver/Src/stm32f4xx_hal_rcc_ex.o
LOAD ./Drivers/STM32F4xx_HAL_Driver/Src/stm32f4xx_hal_tim.o
LOAD ./Drivers/STM32F4xx_HAL_Driver/Src/stm32f4xx_hal_tim_ex.o
LOAD ./Drivers/STM32F4xx_HAL_Driver/Src/stm32f4xx_hal_uart.o
START GROUP
LOAD /home/leonas/User/SourceFile/CubeIDE/plugins/com.st.stm32cube.ide.mcu.externaltools.gnu-tools-for-stm32.13.3.rel1.linux64_1.0.100.202509120712/tools/bin/../lib/gcc/arm-none-eabi/13.3.1/../../../../arm-none-eabi/lib/thumb/v7e-m+fp/hard/libc_nano.a
LOAD /home/leonas/User/SourceFile/CubeIDE/plugins/com.st.stm32cube.ide.mcu.externaltools.gnu-tools-for-stm32.13.3.rel1.linux64_1.0.100.202509120712/tools/bin/../lib/gcc/arm-none-eabi/13.3.1/../../../../arm-none-eabi/lib/thumb/v7e-m+fp/hard/libm.a
END GROUP
START GROUP
LOAD /home/leonas/User/SourceFile/CubeIDE/plugins/com.st.stm32cube.ide.mcu.externaltools.gnu-tools-for-stm32.13.3.rel1.linux64_1.0.100.202509120712/tools/bin/../lib/gcc/arm-none-eabi/13.3.1/thumb/v7e-m+fp/hard/libgcc.a
LOAD /home/leonas/User/SourceFile/CubeIDE/plugins/com.st.stm32cube.ide.mcu.externaltools.gnu-tools-for-stm32.13.3.rel1.linux64_1.0.100.202509120712/tools/bin/../lib/gcc/arm-none-eabi/13.3.1/../../../../arm-none-eabi/lib/thumb/v7e-m+fp/hard/libc_nano.a
END GROUP
START GROUP
LOAD /home/leonas/User/SourceFile/CubeIDE/plugins/com.st.stm32cube.ide.mcu.externaltools.gnu-tools-for-stm32.13.3.rel1.linux64_1.0.100.202509120712/tools/bin/../lib/gcc/arm-none-eabi/13.3.1/thumb/v7e-m+fp/hard/libgcc.a
LOAD /home/leonas/User/SourceFile/CubeIDE/plugins/com.st.stm32cube.ide.mcu.externaltools.gnu-tools-for-stm32.13.3.rel1.linux64_1.0.100.202509120712/tools/bin/../lib/gcc/arm-none-eabi/13.3.1/../../../../arm-none-eabi/lib/thumb/v7e-m+fp/hard/libc_nano.a
LOAD /home/leonas/User/SourceFile/CubeIDE/plugins/com.st.stm32cube.ide.mcu.externaltools.gnu-tools-for-stm32.13.3.rel1.linux64_1.0.100.202509120712/tools/bin/../lib/gcc/arm-none-eabi/13.3.1/../../../../arm-none-eabi/lib/thumb/v7e-m+fp/hard/libnosys.a
END GROUP
START GROUP
LOAD /home/leonas/User/SourceFile/CubeIDE/plugins/com.st.stm32cube.ide.mcu.externaltools.gnu-tools-for-stm32.13.3.rel1.linux64_1.0.100.202509120712/tools/bin/../lib/gcc/arm-none-eabi/13.3.1/thumb/v7e-m+fp/hard/libgcc.a
LOAD /home/leonas/User/SourceFile/CubeIDE/plugins/com.st.stm32cube.ide.mcu.externaltools.gnu-tools-for-stm32.13.3.rel1.linux64_1.0.100.202509120712/tools/bin/../lib/gcc/arm-none-eabi/13.3.1/../../../../arm-none-eabi/lib/thumb/v7e-m+fp/hard/libc_nano.a
LOAD /home/leonas/User/SourceFile/CubeIDE/plugins/com.st.stm32cube.ide.mcu.externaltools.gnu-tools-for-stm32.13.3.rel1.linux64_1.0.100.202509120712/tools/bin/../lib/gcc/arm-none-eabi/13.3.1/../../../../arm-none-eabi/lib/thumb/v7e-m+fp/hard/libnosys.a
END GROUP
LOAD /home/leonas/User/SourceFile/CubeIDE/plugins/com.st.stm32cube.ide.mcu.externaltools.gnu-tools-for-stm32.13.3.rel1.linux64_1.0.100.202509120712/tools/bin/../lib/gcc/arm-none-eabi/13.3.1/thumb/v7e-m+fp/hard/crtend.o
LOAD /home/leonas/User/SourceFile/CubeIDE/plugins/com.st.stm32cube.ide.mcu.externaltools.gnu-tools-for-stm32.13.3.rel1.linux64_1.0.100.202509120712/tools/bin/../lib/gcc/arm-none-eabi/13.3.1/thumb/v7e-m+fp/hard/crtn.o
                0x20018000                        _estack = (ORIGIN (RAM) + LENGTH (RAM))
                0x00000200                        _Min_Heap_Size = 0x200
                0x00000400                        _Min_Stack_Size = 0x400

.isr_vector     0x08000000      0x194
                0x08000000                        . = ALIGN (0x4)
 *(.isr_vector)
 .isr_vector    0x08000000      0x194 ./Core/Startup/startup_stm32f401retx.o
                0x08000000                g_pfnVectors
                0x08000194                        . = ALIGN (0x4)

.text           0x080001a0     0xbb18
                0x080001a0                        . = ALIGN (0x4)
 *(.text)
 .text          0x080001a0       0x40 /home/leonas/User/SourceFile/CubeIDE/plugins/com.st.stm32cube.ide.mcu.externaltools.gnu-tools-for-stm32.13.3.rel1.linux64_1.0.100.202509120712/tools/bin/../lib/gcc/arm-none-eabi/13.3.1/thumb/v7e-m+fp/hard/crtbegin.o
 .text          0x080001e0       0xa0 /home/leonas/User/SourceFile/CubeIDE/plugins/com.st.stm32cube.ide.mcu.externaltools.gnu-tools-for-stm32.13.3.rel1.linux64_1.0.100.202509120712/tools/bin/../lib/gcc/arm-none-eabi/13.3.1/../../../../arm-none-eabi/lib/thumb/v7e-m+fp/hard/libc_nano.a(libc_a-memchr.o)
                0x080001e0                memchr
 .text          0x08000280       0x10 /home/leonas/User/SourceFile/CubeIDE/plugins/com.st.stm32cube.ide.mcu.externaltools.gnu-tools-for-stm32.13.3.rel1.linux64_1.0.100.202509120712/tools/bin/../lib/gcc/arm-none-eabi/13.3.1/../../../../arm-none-eabi/lib/thumb/v7e-m+fp/hard/libc_nano.a(libc_a-strlen.o)
                0x08000280                strlen
 .text          0x08000290      0x378 /home/leonas/User/SourceFile/CubeIDE/plugins/com.st.stm32cube.ide.mcu.externaltools.gnu-tools-for-stm32.13.3.rel1.linux64_1.0.100.202509120712/tools/bin/../lib/gcc/arm-none-eabi/13.3.1/thumb/v7e-m+fp/hard/libgcc.a(_arm_addsubdf3.o)
                0x08000290                __aeabi_drsub
                0x08000298                __aeabi_dsub
                0x08000298                __subdf3
                0x0800029c                __adddf3
                0x0800029c                __aeabi_dadd
                0x08000514                __aeabi_ui2d
                0x08000514                __floatunsidf
                0x08000534                __floatsidf
                0x08000534                __aeabi_i2d
                0x08000558                __extendsfdf2
                0x08000558                __aeabi_f2d
                0x0800059c                __aeabi_ul2d
                0x0800059c                __floatundidf
                0x080005ac                __floatdidf
                0x080005ac                __aeabi_l2d
 .text          0x08000608      0x424 /home/leonas/User/SourceFile/CubeIDE/plugins/com.st.stm32cube.ide.mcu.externaltools.gnu-tools-for-stm32.13.3.rel1.linux64_1.0.100.202509120712/tools/bin/../lib/gcc/arm-none-eabi/13.3.1/thumb/v7e-m+fp/hard/libgcc.a(_arm_muldivdf3.o)
                0x08000608                __aeabi_dmul
                0x08000608                __muldf3
                0x0800085c                __aeabi_ddiv
                0x0800085c                __divdf3
 .text          0x08000a2c      0x110 /home/leonas/User/SourceFile/CubeIDE/plugins/com.st.stm32cube.ide.mcu.externaltools.gnu-tools-for-stm32.13.3.rel1.linux64_1.0.100.202509120712/tools/bin/../lib/gcc/arm-none-eabi/13.3.1/thumb/v7e-m+fp/hard/libgcc.a(_arm_cmpdf2.o)
                0x08000a2c                __gtdf2
                0x08000a2c                __gedf2
                0x08000a34                __ltdf2
                0x08000a34                __ledf2
                0x08000a3c                __cmpdf2
                0x08000a3c                __eqdf2
                0x08000a3c                __nedf2
                0x08000ab8                __aeabi_cdrcmple
                0x08000ac8                __aeabi_cdcmple
                0x08000ac8                __aeabi_cdcmpeq
                0x08000ad8                __aeabi_dcmpeq
                0x08000aec                __aeabi_dcmplt
                0x08000b00                __aeabi_dcmple
                0x08000b14                __aeabi_dcmpge
                0x08000b28                __aeabi_dcmpgt
 .text          0x08000b3c       0x2c /home/leonas/User/SourceFile/CubeIDE/plugins/com.st.stm32cube.ide.mcu.externaltools.gnu-tools-for-stm32.13.3.rel1.linux64_1.0.100.202509120712/tools/bin/../lib/gcc/arm-none-eabi/13.3.1/thumb/v7e-m+fp/hard/libgcc.a(_arm_unorddf2.o)
                0x08000b3c                __aeabi_dcmpun
                0x08000b3c                __unorddf2
 .text          0x08000b68       0x50 /home/leonas/User/SourceFile/CubeIDE/plugins/com.st.stm32cube.ide.mcu.externaltools.gnu-tools-for-stm32.13.3.rel1.linux64_1.0.100.202509120712/tools/bin/../lib/gcc/arm-none-eabi/13.3.1/thumb/v7e-m+fp/hard/libgcc.a(_arm_fixdfsi.o)
                0x08000b68                __fixdfsi
                0x08000b68                __aeabi_d2iz
 .text          0x08000bb8       0x40 /home/leonas/User/SourceFile/CubeIDE/plugins/com.st.stm32cube.ide.mcu.externaltools.gnu-tools-for-stm32.13.3.rel1.linux64_1.0.100.202509120712/tools/bin/../lib/gcc/arm-none-eabi/13.3.1/thumb/v7e-m+fp/hard/libgcc.a(_arm_fixunsdfsi.o)
                0x08000bb8                __fixunsdfsi
                0x08000bb8                __aeabi_d2uiz
 .text          0x08000bf8       0xa0 /home/leonas/User/SourceFile/CubeIDE/plugins/com.st.stm32cube.ide.mcu.externaltools.gnu-tools-for-stm32.13.3.rel1.linux64_1.0.100.202509120712/tools/bin/../lib/gcc/arm-none-eabi/13.3.1/thumb/v7e-m+fp/hard/libgcc.a(_arm_truncdfsf2.o)
                0x08000bf8                __aeabi_d2f
                0x08000bf8                __truncdfsf2
 .text          0x08000c98       0x30 /home/leonas/User/SourceFile/CubeIDE/plugins/com.st.stm32cube.ide.mcu.externaltools.gnu-tools-for-stm32.13.3.rel1.linux64_1.0.100.202509120712/tools/bin/../lib/gcc/arm-none-eabi/13.3.1/thumb/v7e-m+fp/hard/libgcc.a(_aeabi_uldivmod.o)
                0x08000c98                __aeabi_uldivmod
 .text          0x08000cc8       0x30 /home/leonas/User/SourceFile/CubeIDE/plugins/com.st.stm32cube.ide.mcu.externaltools.gnu-tools-for-stm32.13.3.rel1.linux64_1.0.100.202509120712/tools/bin/../lib/gcc/arm-none-eabi/13.3.1/thumb/v7e-m+fp/hard/libgcc.a(_fixdfdi.o)
                0x08000cc8                __aeabi_d2lz
                0x08000cc8                __fixdfdi
 .text          0x08000cf8       0x3c /home/leonas/User/SourceFile/CubeIDE/plugins/com.st.stm32cube.ide.mcu.externaltools.gnu-tools-for-stm32.13.3.rel1.linux64_1.0.100.202509120712/tools/bin/../lib/gcc/arm-none-eabi/13.3.1/thumb/v7e-m+fp/hard/libgcc.a(_fixunsdfdi.o)
                0x08000cf8                __aeabi_d2ulz
                0x08000cf8                __fixunsdfdi
 .text          0x08000d34      0x2f8 /home/leonas/User/SourceFile/CubeIDE/plugins/com.st.stm32cube.ide.mcu.externaltools.gnu-tools-for-stm32.13.3.rel1.linux64_1.0.100.202509120712/tools/bin/../lib/gcc/arm-none-eabi/13.3.1/thumb/v7e-m+fp/hard/libgcc.a(_udivmoddi4.o)
                0x08000d34                __udivmoddi4
 .text          0x0800102c        0x4 /home/leonas/User/SourceFile/CubeIDE/plugins/com.st.stm32cube.ide.mcu.externaltools.gnu-tools-for-stm32.13.3.rel1.linux64_1.0.100.202509120712/tools/bin/../lib/gcc/arm-none-eabi/13.3.1/thumb/v7e-m+fp/hard/libgcc.a(_dvmd_tls.o)
                0x0800102c                __aeabi_ldiv0
                0x0800102c                __aeabi_idiv0
 *(.text*)
 .text.__io_putchar
                0x08001030       0x24 ./Core/Src/main.o
                0x08001030                __io_putchar
 .text.BT_Send  0x08001054       0x2c ./Core/Src/main.o
                0x08001054                BT_Send
 .text.TB6612_Enable
                0x08001080       0x18 ./Core/Src/main.o
                0x08001080                TB6612_Enable
 .text.MotorA_SetSpeed
                0x08001098      0x15c ./Core/Src/main.o
                0x08001098                MotorA_SetSpeed
 .text.MotorB_SetSpeed
                0x080011f4      0x144 ./Core/Src/main.o
                0x080011f4                MotorB_SetSpeed
 .text.Motors_Stop
                0x08001338       0x40 ./Core/Src/main.o
                0x08001338                Motors_Stop
 .text.Motors_Brake
                0x08001378       0x40 ./Core/Src/main.o
                0x08001378                Motors_Brake
 .text.ADC_UpdateIR
                0x080013b8       0x58 ./Core/Src/main.o
                0x080013b8                ADC_UpdateIR
 .text.Encoder_UpdateSpeed
                0x08001410      0x20c ./Core/Src/main.o
                0x08001410                Encoder_UpdateSpeed
 .text.ToggleRunning
                0x0800161c       0xe0 ./Core/Src/main.o
                0x0800161c                ToggleRunning
 .text.Tuning_ResetDefaults
                0x080016fc      0x100 ./Core/Src/main.o
                0x080016fc                Tuning_ResetDefaults
 .text.BT_SendTuningMenu
                0x080017fc      0x270 ./Core/Src/main.o
                0x080017fc                BT_SendTuningMenu
 .text.EnterTuningMode
                0x08001a6c       0x80 ./Core/Src/main.o
                0x08001a6c                EnterTuningMode
 .text.ExitTuningMode
                0x08001aec       0xcc ./Core/Src/main.o
                0x08001aec                ExitTuningMode
 .text.BT_ProcessCommand
                0x08001bb8      0x6a0 ./Core/Src/main.o
                0x08001bb8                BT_ProcessCommand
 .text.SetMode  0x08002258       0xb0 ./Core/Src/main.o
                0x08002258                SetMode
 .text.ManualDrive
                0x08002308      0x1c8 ./Core/Src/main.o
                0x08002308                ManualDrive
 .text.ManualTimeoutCheck
                0x080024d0       0x60 ./Core/Src/main.o
                0x080024d0                ManualTimeoutCheck
 .text.HAL_UART_RxCpltCallback
                0x08002530      0x1f0 ./Core/Src/main.o
                0x08002530                HAL_UART_RxCpltCallback
 .text.LineFollow_PID
                0x08002720      0x408 ./Core/Src/main.o
                0x08002720                LineFollow_PID
 .text.UART_PrintStatus
                0x08002b28      0x164 ./Core/Src/main.o
                0x08002b28                UART_PrintStatus
 .text.BT_SendStatus
                0x08002c8c      0x148 ./Core/Src/main.o
                0x08002c8c                BT_SendStatus
 .text.EXTI15_10_IRQHandler
                0x08002dd4       0x10 ./Core/Src/main.o
                0x08002dd4                EXTI15_10_IRQHandler
 .text.USART1_IRQHandler
                0x08002de4       0x14 ./Core/Src/main.o
                0x08002de4                USART1_IRQHandler
 .text.DMA2_Stream0_IRQHandler
                0x08002df8       0x14 ./Core/Src/main.o
                0x08002df8                DMA2_Stream0_IRQHandler
 .text.HAL_GPIO_EXTI_Callback
                0x08002e0c       0x40 ./Core/Src/main.o
                0x08002e0c                HAL_GPIO_EXTI_Callback
 .text.main     0x08002e4c      0x188 ./Core/Src/main.o
                0x08002e4c                main
 .text.SystemClock_Config
                0x08002fd4       0xd8 ./Core/Src/main.o
                0x08002fd4                SystemClock_Config
 .text.MX_DMA_Init
                0x080030ac       0xac ./Core/Src/main.o
 .text.MX_ADC1_Init
                0x08003158      0x1e8 ./Core/Src/main.o
 .text.MX_TIM2_Init
                0x08003340       0xf4 ./Core/Src/main.o
 .text.MX_TIM3_Init
                0x08003434       0xe8 ./Core/Src/main.o
 .text.MX_TIM4_Init
                0x0800351c       0xf4 ./Core/Src/main.o
 .text.MX_USART1_UART_Init
                0x08003610       0xcc ./Core/Src/main.o
 .text.MX_USART2_UART_Init
                0x080036dc       0x54 ./Core/Src/main.o
 .text.MX_GPIO_Init
                0x08003730      0x11c ./Core/Src/main.o
 .text.Error_Handler
                0x0800384c        0xc ./Core/Src/main.o
                0x0800384c                Error_Handler
 .text.HAL_MspInit
                0x08003858       0x50 ./Core/Src/stm32f4xx_hal_msp.o
                0x08003858                HAL_MspInit
 .text.HAL_ADC_MspInit
                0x080038a8       0xf8 ./Core/Src/stm32f4xx_hal_msp.o
                0x080038a8                HAL_ADC_MspInit
 .text.HAL_TIM_PWM_MspInit
                0x080039a0       0x44 ./Core/Src/stm32f4xx_hal_msp.o
                0x080039a0                HAL_TIM_PWM_MspInit
 .text.HAL_TIM_MspPostInit
                0x080039e4       0xb4 ./Core/Src/stm32f4xx_hal_msp.o
                0x080039e4                HAL_TIM_MspPostInit
 .text.HAL_UART_MspInit
                0x08003a98       0xf8 ./Core/Src/stm32f4xx_hal_msp.o
                0x08003a98                HAL_UART_MspInit
 .text.NMI_Handler
                0x08003b90        0x8 ./Core/Src/stm32f4xx_it.o
                0x08003b90                NMI_Handler
 .text.HardFault_Handler
                0x08003b98        0x8 ./Core/Src/stm32f4xx_it.o
                0x08003b98                HardFault_Handler
 .text.MemManage_Handler
                0x08003ba0        0x8 ./Core/Src/stm32f4xx_it.o
                0x08003ba0                MemManage_Handler
 .text.BusFault_Handler
                0x08003ba8        0x8 ./Core/Src/stm32f4xx_it.o
                0x08003ba8                BusFault_Handler
 .text.UsageFault_Handler
                0x08003bb0        0x8 ./Core/Src/stm32f4xx_it.o
                0x08003bb0                UsageFault_Handler
 .text.SVC_Handler
                0x08003bb8        0xe ./Core/Src/stm32f4xx_it.o
                0x08003bb8                SVC_Handler
 .text.DebugMon_Handler
                0x08003bc6        0xe ./Core/Src/stm32f4xx_it.o
                0x08003bc6                DebugMon_Handler
 .text.PendSV_Handler
                0x08003bd4        0xe ./Core/Src/stm32f4xx_it.o
                0x08003bd4                PendSV_Handler
 .text.SysTick_Handler
                0x08003be2        0xc ./Core/Src/stm32f4xx_it.o
                0x08003be2                SysTick_Handler
 .text._getpid  0x08003bee       0x10 ./Core/Src/syscalls.o
                0x08003bee                _getpid
 .text._kill    0x08003bfe       0x20 ./Core/Src/syscalls.o
                0x08003bfe                _kill
 .text._exit    0x08003c1e       0x16 ./Core/Src/syscalls.o
                0x08003c1e                _exit
 .text._read    0x08003c34       0x3a ./Core/Src/syscalls.o
                0x08003c34                _read
 .text._write   0x08003c6e       0x38 ./Core/Src/syscalls.o
                0x08003c6e                _write
 .text._close   0x08003ca6       0x18 ./Core/Src/syscalls.o
                0x08003ca6                _close
 .text._fstat   0x08003cbe       0x20 ./Core/Src/syscalls.o
                0x08003cbe                _fstat
 .text._isatty  0x08003cde       0x16 ./Core/Src/syscalls.o
                0x08003cde                _isatty
 .text._lseek   0x08003cf4       0x1a ./Core/Src/syscalls.o
                0x08003cf4                _lseek
 *fill*         0x08003d0e        0x2 
 .text._sbrk    0x08003d10       0x6c ./Core/Src/sysmem.o
                0x08003d10                _sbrk
 .text.SystemInit
                0x08003d7c       0x24 ./Core/Src/system_stm32f4xx.o
                0x08003d7c                SystemInit
 .text.Reset_Handler
                0x08003da0       0x50 ./Core/Startup/startup_stm32f401retx.o
                0x08003da0                Reset_Handler
 .text.Default_Handler
                0x08003df0        0x2 ./Core/Startup/startup_stm32f401retx.o
                0x08003df0                RTC_Alarm_IRQHandler
                0x08003df0                EXTI2_IRQHandler
                0x08003df0                SPI4_IRQHandler
                0x08003df0                TIM1_CC_IRQHandler
                0x08003df0                DMA2_Stream5_IRQHandler
                0x08003df0                DMA1_Stream5_IRQHandler
                0x08003df0                PVD_IRQHandler
                0x08003df0                SDIO_IRQHandler
                0x08003df0                TAMP_STAMP_IRQHandler
                0x08003df0                EXTI3_IRQHandler
                0x08003df0                TIM1_UP_TIM10_IRQHandler
                0x08003df0                I2C3_ER_IRQHandler
                0x08003df0                EXTI0_IRQHandler
                0x08003df0                I2C2_EV_IRQHandler
                0x08003df0                DMA1_Stream2_IRQHandler
                0x08003df0                FPU_IRQHandler
                0x08003df0                DMA2_Stream2_IRQHandler
                0x08003df0                SPI1_IRQHandler
                0x08003df0                TIM1_BRK_TIM9_IRQHandler
                0x08003df0                DMA2_Stream3_IRQHandler
                0x08003df0                USART6_IRQHandler
                0x08003df0                TIM4_IRQHandler
                0x08003df0                I2C1_EV_IRQHandler
                0x08003df0                DMA1_Stream6_IRQHandler
                0x08003df0                DMA1_Stream1_IRQHandler
                0x08003df0                TIM3_IRQHandler
                0x08003df0                RCC_IRQHandler
                0x08003df0                Default_Handler
                0x08003df0                ADC_IRQHandler
                0x08003df0                DMA1_Stream7_IRQHandler
                0x08003df0                TIM5_IRQHandler
                0x08003df0                DMA2_Stream7_IRQHandler
                0x08003df0                I2C3_EV_IRQHandler
                0x08003df0                EXTI9_5_IRQHandler
                0x08003df0                RTC_WKUP_IRQHandler
                0x08003df0                SPI2_IRQHandler
                0x08003df0                DMA1_Stream0_IRQHandler
                0x08003df0                EXTI4_IRQHandler
                0x08003df0                WWDG_IRQHandler
                0x08003df0                TIM2_IRQHandler
                0x08003df0                OTG_FS_WKUP_IRQHandler
                0x08003df0                TIM1_TRG_COM_TIM11_IRQHandler
                0x08003df0                EXTI1_IRQHandler
                0x08003df0                USART2_IRQHandler
                0x08003df0                I2C2_ER_IRQHandler
                0x08003df0                DMA2_Stream1_IRQHandler
                0x08003df0                FLASH_IRQHandler
                0x08003df0                DMA2_Stream4_IRQHandler
                0x08003df0                OTG_FS_IRQHandler
                0x08003df0                SPI3_IRQHandler
                0x08003df0                DMA1_Stream4_IRQHandler
                0x08003df0                I2C1_ER_IRQHandler
                0x08003df0                DMA2_Stream6_IRQHandler
                0x08003df0                DMA1_Stream3_IRQHandler
 *fill*         0x08003df2        0x2 
 .text.HAL_Init
                0x08003df4       0x44 ./Drivers/STM32F4xx_HAL_Driver/Src/stm32f4xx_hal.o
                0x08003df4                HAL_Init
 .text.HAL_InitTick
                0x08003e38       0x60 ./Drivers/STM32F4xx_HAL_Driver/Src/stm32f4xx_hal.o
                0x08003e38                HAL_InitTick
 .text.HAL_IncTick
                0x08003e98       0x28 ./Drivers/STM32F4xx_HAL_Driver/Src/stm32f4xx_hal.o
                0x08003e98                HAL_IncTick
 .text.HAL_GetTick
                0x08003ec0       0x18 ./Drivers/STM32F4xx_HAL_Driver/Src/stm32f4xx_hal.o
                0x08003ec0                HAL_GetTick
 .text.HAL_ADC_Init
                0x08003ed8       0x86 ./Drivers/STM32F4xx_HAL_Driver/Src/stm32f4xx_hal_adc.o
                0x08003ed8                HAL_ADC_Init
 *fill*         0x08003f5e        0x2 
 .text.HAL_ADC_Start_DMA
                0x08003f60      0x1e8 ./Drivers/STM32F4xx_HAL_Driver/Src/stm32f4xx_hal_adc.o
                0x08003f60                HAL_ADC_Start_DMA
 .text.HAL_ADC_ConvCpltCallback
                0x08004148       0x14 ./Drivers/STM32F4xx_HAL_Driver/Src/stm32f4xx_hal_adc.o
                0x08004148                HAL_ADC_ConvCpltCallback
 .text.HAL_ADC_ConvHalfCpltCallback
                0x0800415c       0x14 ./Drivers/STM32F4xx_HAL_Driver/Src/stm32f4xx_hal_adc.o
                0x0800415c                HAL_ADC_ConvHalfCpltCallback
 .text.HAL_ADC_ErrorCallback
                0x08004170       0x14 ./Drivers/STM32F4xx_HAL_Driver/Src/stm32f4xx_hal_adc.o
                0x08004170                HAL_ADC_ErrorCallback
 .text.HAL_ADC_ConfigChannel
                0x08004184      0x244 ./Drivers/STM32F4xx_HAL_Driver/Src/stm32f4xx_hal_adc.o
                0x08004184                HAL_ADC_ConfigChannel
 .text.ADC_Init
                0x080043c8      0x1f8 ./Drivers/STM32F4xx_HAL_Driver/Src/stm32f4xx_hal_adc.o
 .text.ADC_DMAConvCplt
                0x080045c0       0xba ./Drivers/STM32F4xx_HAL_Driver/Src/stm32f4xx_hal_adc.o
 .text.ADC_DMAHalfConvCplt
                0x0800467a       0x1c ./Drivers/STM32F4xx_HAL_Driver/Src/stm32f4xx_hal_adc.o
 .text.ADC_DMAError
                0x08004696       0x2e ./Drivers/STM32F4xx_HAL_Driver/Src/stm32f4xx_hal_adc.o
 .text.__NVIC_SetPriorityGrouping
                0x080046c4       0x48 ./Drivers/STM32F4xx_HAL_Driver/Src/stm32f4xx_hal_cortex.o
 .text.__NVIC_GetPriorityGrouping
                0x0800470c       0x1c ./Drivers/STM32F4xx_HAL_Driver/Src/stm32f4xx_hal_cortex.o
 .text.__NVIC_EnableIRQ
                0x08004728       0x3c ./Drivers/STM32F4xx_HAL_Driver/Src/stm32f4xx_hal_cortex.o
 .text.__NVIC_SetPriority
                0x08004764       0x54 ./Drivers/STM32F4xx_HAL_Driver/Src/stm32f4xx_hal_cortex.o
 .text.NVIC_EncodePriority
                0x080047b8       0x66 ./Drivers/STM32F4xx_HAL_Driver/Src/stm32f4xx_hal_cortex.o
 *fill*         0x0800481e        0x2 
 .text.SysTick_Config
                0x08004820       0x44 ./Drivers/STM32F4xx_HAL_Driver/Src/stm32f4xx_hal_cortex.o
 .text.HAL_NVIC_SetPriorityGrouping
                0x08004864       0x16 ./Drivers/STM32F4xx_HAL_Driver/Src/stm32f4xx_hal_cortex.o
                0x08004864                HAL_NVIC_SetPriorityGrouping
 .text.HAL_NVIC_SetPriority
                0x0800487a       0x38 ./Drivers/STM32F4xx_HAL_Driver/Src/stm32f4xx_hal_cortex.o
                0x0800487a                HAL_NVIC_SetPriority
 .text.HAL_NVIC_EnableIRQ
                0x080048b2       0x1c ./Drivers/STM32F4xx_HAL_Driver/Src/stm32f4xx_hal_cortex.o
                0x080048b2                HAL_NVIC_EnableIRQ
 .text.HAL_SYSTICK_Config
                0x080048ce       0x18 ./Drivers/STM32F4xx_HAL_Driver/Src/stm32f4xx_hal_cortex.o
                0x080048ce                HAL_SYSTICK_Config
 *fill*         0x080048e6        0x2 
 .text.HAL_DMA_Init
                0x080048e8      0x15c ./Drivers/STM32F4xx_HAL_Driver/Src/stm32f4xx_hal_dma.o
                0x080048e8                HAL_DMA_Init
 .text.HAL_DMA_Start_IT
                0x08004a44       0xb0 ./Drivers/STM32F4xx_HAL_Driver/Src/stm32f4xx_hal_dma.o
                0x08004a44                HAL_DMA_Start_IT
 .text.HAL_DMA_Abort
                0x08004af4       0xe0 ./Drivers/STM32F4xx_HAL_Driver/Src/stm32f4xx_hal_dma.o
                0x08004af4                HAL_DMA_Abort
 .text.HAL_DMA_Abort_IT
                0x08004bd4       0x44 ./Drivers/STM32F4xx_HAL_Driver/Src/stm32f4xx_hal_dma.o
                0x08004bd4                HAL_DMA_Abort_IT
 .text.HAL_DMA_IRQHandler
                0x08004c18      0x314 ./Drivers/STM32F4xx_HAL_Driver/Src/stm32f4xx_hal_dma.o
                0x08004c18                HAL_DMA_IRQHandler
 .text.DMA_SetConfig
                0x08004f2c       0x5c ./Drivers/STM32F4xx_HAL_Driver/Src/stm32f4xx_hal_dma.o
 .text.DMA_CalcBaseAndBitshift
                0x08004f88       0x6c ./Drivers/STM32F4xx_HAL_Driver/Src/stm32f4xx_hal_dma.o
 .text.DMA_CheckFifoParam
                0x08004ff4       0xf8 ./Drivers/STM32F4xx_HAL_Driver/Src/stm32f4xx_hal_dma.o
 .text.HAL_GPIO_Init
                0x080050ec      0x308 ./Drivers/STM32F4xx_HAL_Driver/Src/stm32f4xx_hal_gpio.o
                0x080050ec                HAL_GPIO_Init
 .text.HAL_GPIO_WritePin
                0x080053f4       0x32 ./Drivers/STM32F4xx_HAL_Driver/Src/stm32f4xx_hal_gpio.o
                0x080053f4                HAL_GPIO_WritePin
 *fill*         0x08005426        0x2 
 .text.HAL_GPIO_EXTI_IRQHandler
                0x08005428       0x30 ./Drivers/STM32F4xx_HAL_Driver/Src/stm32f4xx_hal_gpio.o
                0x08005428                HAL_GPIO_EXTI_IRQHandler
 .text.HAL_RCC_OscConfig
                0x08005458      0x4f0 ./Drivers/STM32F4xx_HAL_Driver/Src/stm32f4xx_hal_rcc.o
                0x08005458                HAL_RCC_OscConfig
 .text.HAL_RCC_ClockConfig
                0x08005948      0x1cc ./Drivers/STM32F4xx_HAL_Driver/Src/stm32f4xx_hal_rcc.o
                0x08005948                HAL_RCC_ClockConfig
 .text.HAL_RCC_GetSysClockFreq
                0x08005b14      0x20c ./Drivers/STM32F4xx_HAL_Driver/Src/stm32f4xx_hal_rcc.o
                0x08005b14                HAL_RCC_GetSysClockFreq
 .text.HAL_RCC_GetHCLKFreq
                0x08005d20       0x18 ./Drivers/STM32F4xx_HAL_Driver/Src/stm32f4xx_hal_rcc.o
                0x08005d20                HAL_RCC_GetHCLKFreq
 .text.HAL_RCC_GetPCLK1Freq
                0x08005d38       0x28 ./Drivers/STM32F4xx_HAL_Driver/Src/stm32f4xx_hal_rcc.o
                0x08005d38                HAL_RCC_GetPCLK1Freq
 .text.HAL_RCC_GetPCLK2Freq
                0x08005d60       0x28 ./Drivers/STM32F4xx_HAL_Driver/Src/stm32f4xx_hal_rcc.o
                0x08005d60                HAL_RCC_GetPCLK2Freq
 .text.HAL_TIM_PWM_Init
                0x08005d88       0x9e ./Drivers/STM32F4xx_HAL_Driver/Src/stm32f4xx_hal_tim.o
                0x08005d88                HAL_TIM_PWM_Init
 *fill*         0x08005e26        0x2 
 .text.HAL_TIM_PWM_Start
                0x08005e28      0x160 ./Drivers/STM32F4xx_HAL_Driver/Src/stm32f4xx_hal_tim.o
                0x08005e28                HAL_TIM_PWM_Start
 .text.HAL_TIM_Encoder_Init
                0x08005f88      0x14c ./Drivers/STM32F4xx_HAL_Driver/Src/stm32f4xx_hal_tim.o
                0x08005f88                HAL_TIM_Encoder_Init
 .text.HAL_TIM_Encoder_MspInit
                0x080060d4       0x14 ./Drivers/STM32F4xx_HAL_Driver/Src/stm32f4xx_hal_tim.o
                0x080060d4                HAL_TIM_Encoder_MspInit
 .text.HAL_TIM_Encoder_Start
                0x080060e8      0x11c ./Drivers/STM32F4xx_HAL_Driver/Src/stm32f4xx_hal_tim.o
                0x080060e8                HAL_TIM_Encoder_Start
 .text.HAL_TIM_PWM_ConfigChannel
                0x08006204      0x184 ./Drivers/STM32F4xx_HAL_Driver/Src/stm32f4xx_hal_tim.o
                0x08006204                HAL_TIM_PWM_ConfigChannel
 .text.TIM_Base_SetConfig
                0x08006388      0x10c ./Drivers/STM32F4xx_HAL_Driver/Src/stm32f4xx_hal_tim.o
                0x08006388                TIM_Base_SetConfig
 .text.TIM_OC1_SetConfig
                0x08006494       0xcc ./Drivers/STM32F4xx_HAL_Driver/Src/stm32f4xx_hal_tim.o
 .text.TIM_OC2_SetConfig
                0x08006560       0xd8 ./Drivers/STM32F4xx_HAL_Driver/Src/stm32f4xx_hal_tim.o
                0x08006560                TIM_OC2_SetConfig
 .text.TIM_OC3_SetConfig
                0x08006638       0xd4 ./Drivers/STM32F4xx_HAL_Driver/Src/stm32f4xx_hal_tim.o
 .text.TIM_OC4_SetConfig
                0x0800670c       0xa0 ./Drivers/STM32F4xx_HAL_Driver/Src/stm32f4xx_hal_tim.o
 .text.TIM_CCxChannelCmd
                0x080067ac       0x4a ./Drivers/STM32F4xx_HAL_Driver/Src/stm32f4xx_hal_tim.o
                0x080067ac                TIM_CCxChannelCmd
 *fill*         0x080067f6        0x2 
 .text.HAL_TIMEx_MasterConfigSynchronization
                0x080067f8       0xdc ./Drivers/STM32F4xx_HAL_Driver/Src/stm32f4xx_hal_tim_ex.o
                0x080067f8                HAL_TIMEx_MasterConfigSynchronization
 .text.HAL_UART_Init
                0x080068d4       0xa0 ./Drivers/STM32F4xx_HAL_Driver/Src/stm32f4xx_hal_uart.o
                0x080068d4                HAL_UART_Init
 .text.HAL_UART_Transmit
                0x08006974      0x116 ./Drivers/STM32F4xx_HAL_Driver/Src/stm32f4xx_hal_uart.o
                0x08006974                HAL_UART_Transmit
 .text.HAL_UART_Receive_IT
                0x08006a8a       0x4a ./Drivers/STM32F4xx_HAL_Driver/Src/stm32f4xx_hal_uart.o
                0x08006a8a                HAL_UART_Receive_IT
 .text.HAL_UART_IRQHandler
                0x08006ad4      0x554 ./Drivers/STM32F4xx_HAL_Driver/Src/stm32f4xx_hal_uart.o
                0x08006ad4                HAL_UART_IRQHandler
 .text.HAL_UART_TxCpltCallback
                0x08007028       0x14 ./Drivers/STM32F4xx_HAL_Driver/Src/stm32f4xx_hal_uart.o
                0x08007028                HAL_UART_TxCpltCallback
 .text.HAL_UART_ErrorCallback
                0x0800703c       0x14 ./Drivers/STM32F4xx_HAL_Driver/Src/stm32f4xx_hal_uart.o
                0x0800703c                HAL_UART_ErrorCallback
 .text.HAL_UARTEx_RxEventCallback
                0x08007050       0x18 ./Drivers/STM32F4xx_HAL_Driver/Src/stm32f4xx_hal_uart.o
                0x08007050                HAL_UARTEx_RxEventCallback
 .text.UART_WaitOnFlagUntilTimeout
                0x08007068       0xb2 ./Drivers/STM32F4xx_HAL_Driver/Src/stm32f4xx_hal_uart.o
 .text.UART_Start_Receive_IT
                0x0800711a       0x74 ./Drivers/STM32F4xx_HAL_Driver/Src/stm32f4xx_hal_uart.o
                0x0800711a                UART_Start_Receive_IT
 .text.UART_EndRxTransfer
                0x0800718e       0xc6 ./Drivers/STM32F4xx_HAL_Driver/Src/stm32f4xx_hal_uart.o
 .text.UART_DMAAbortOnError
                0x08007254       0x22 ./Drivers/STM32F4xx_HAL_Driver/Src/stm32f4xx_hal_uart.o
 .text.UART_Transmit_IT
                0x08007276       0xa0 ./Drivers/STM32F4xx_HAL_Driver/Src/stm32f4xx_hal_uart.o
 .text.UART_EndTransmit_IT
                0x08007316       0x30 ./Drivers/STM32F4xx_HAL_Driver/Src/stm32f4xx_hal_uart.o
 .text.UART_Receive_IT
                0x08007346      0x17c ./Drivers/STM32F4xx_HAL_Driver/Src/stm32f4xx_hal_uart.o
 *fill*         0x080074c2        0x2 
 .text.UART_SetConfig
                0x080074c4      0x4e8 ./Drivers/STM32F4xx_HAL_Driver/Src/stm32f4xx_hal_uart.o
 .text.atof     0x080079ac        0x6 /home/leonas/User/SourceFile/CubeIDE/plugins/com.st.stm32cube.ide.mcu.externaltools.gnu-tools-for-stm32.13.3.rel1.linux64_1.0.100.202509120712/tools/bin/../lib/gcc/arm-none-eabi/13.3.1/../../../../arm-none-eabi/lib/thumb/v7e-m+fp/hard/libc_nano.a(libc_a-atof.o)
                0x080079ac                atof
 .text.sulp     0x080079b2       0x3c /home/leonas/User/SourceFile/CubeIDE/plugins/com.st.stm32cube.ide.mcu.externaltools.gnu-tools-for-stm32.13.3.rel1.linux64_1.0.100.202509120712/tools/bin/../lib/gcc/arm-none-eabi/13.3.1/../../../../arm-none-eabi/lib/thumb/v7e-m+fp/hard/libc_nano.a(libc_a-strtod.o)
 *fill*         0x080079ee        0x2 
 .text._strtod_l
                0x080079f0      0xbc8 /home/leonas/User/SourceFile/CubeIDE/plugins/com.st.stm32cube.ide.mcu.externaltools.gnu-tools-for-stm32.13.3.rel1.linux64_1.0.100.202509120712/tools/bin/../lib/gcc/arm-none-eabi/13.3.1/../../../../arm-none-eabi/lib/thumb/v7e-m+fp/hard/libc_nano.a(libc_a-strtod.o)
                0x080079f0                _strtod_l
 .text.strtod   0x080085b8       0x18 /home/leonas/User/SourceFile/CubeIDE/plugins/com.st.stm32cube.ide.mcu.externaltools.gnu-tools-for-stm32.13.3.rel1.linux64_1.0.100.202509120712/tools/bin/../lib/gcc/arm-none-eabi/13.3.1/../../../../arm-none-eabi/lib/thumb/v7e-m+fp/hard/libc_nano.a(libc_a-strtod.o)
                0x080085b8                strtod
 .text.__cvt    0x080085d0       0xca /home/leonas/User/SourceFile/CubeIDE/plugins/com.st.stm32cube.ide.mcu.externaltools.gnu-tools-for-stm32.13.3.rel1.linux64_1.0.100.202509120712/tools/bin/../lib/gcc/arm-none-eabi/13.3.1/../../../../arm-none-eabi/lib/thumb/v7e-m+fp/hard/libc_nano.a(libc_a-nano-vfprintf_float.o)
                0x080085d0                __cvt
 .text.__exponent
                0x0800869a       0x74 /home/leonas/User/SourceFile/CubeIDE/plugins/com.st.stm32cube.ide.mcu.externaltools.gnu-tools-for-stm32.13.3.rel1.linux64_1.0.100.202509120712/tools/bin/../lib/gcc/arm-none-eabi/13.3.1/../../../../arm-none-eabi/lib/thumb/v7e-m+fp/hard/libc_nano.a(libc_a-nano-vfprintf_float.o)
                0x0800869a                __exponent
 *fill*         0x0800870e        0x2 
 .text._printf_float
                0x08008710      0x454 /home/leonas/User/SourceFile/CubeIDE/plugins/com.st.stm32cube.ide.mcu.externaltools.gnu-tools-for-stm32.13.3.rel1.linux64_1.0.100.202509120712/tools/bin/../lib/gcc/arm-none-eabi/13.3.1/../../../../arm-none-eabi/lib/thumb/v7e-m+fp/hard/libc_nano.a(libc_a-nano-vfprintf_float.o)
                0x08008710                _printf_float
 .text._printf_common
                0x08008b64       0xda /home/leonas/User/SourceFile/CubeIDE/plugins/com.st.stm32cube.ide.mcu.externaltools.gnu-tools-for-stm32.13.3.rel1.linux64_1.0.100.202509120712/tools/bin/../lib/gcc/arm-none-eabi/13.3.1/../../../../arm-none-eabi/lib/thumb/v7e-m+fp/hard/libc_nano.a(libc_a-nano-vfprintf_i.o)
                0x08008b64                _printf_common
 *fill*         0x08008c3e        0x2 
 .text._printf_i
                0x08008c40      0x23c /home/leonas/User/SourceFile/CubeIDE/plugins/com.st.stm32cube.ide.mcu.externaltools.gnu-tools-for-stm32.13.3.rel1.linux64_1.0.100.202509120712/tools/bin/../lib/gcc/arm-none-eabi/13.3.1/../../../../arm-none-eabi/lib/thumb/v7e-m+fp/hard/libc_nano.a(libc_a-nano-vfprintf_i.o)
                0x08008c40                _printf_i
 .text.std      0x08008e7c       0x6c /home/leonas/User/SourceFile/CubeIDE/plugins/com.st.stm32cube.ide.mcu.externaltools.gnu-tools-for-stm32.13.3.rel1.linux64_1.0.100.202509120712/tools/bin/../lib/gcc/arm-none-eabi/13.3.1/../../../../arm-none-eabi/lib/thumb/v7e-m+fp/hard/libc_nano.a(libc_a-findfp.o)
 .text.stdio_exit_handler
                0x08008ee8       0x18 /home/leonas/User/SourceFile/CubeIDE/plugins/com.st.stm32cube.ide.mcu.externaltools.gnu-tools-for-stm32.13.3.rel1.linux64_1.0.100.202509120712/tools/bin/../lib/gcc/arm-none-eabi/13.3.1/../../../../arm-none-eabi/lib/thumb/v7e-m+fp/hard/libc_nano.a(libc_a-findfp.o)
 .text.cleanup_stdio
                0x08008f00       0x40 /home/leonas/User/SourceFile/CubeIDE/plugins/com.st.stm32cube.ide.mcu.externaltools.gnu-tools-for-stm32.13.3.rel1.linux64_1.0.100.202509120712/tools/bin/../lib/gcc/arm-none-eabi/13.3.1/../../../../arm-none-eabi/lib/thumb/v7e-m+fp/hard/libc_nano.a(libc_a-findfp.o)
 .text.global_stdio_init.part.0
                0x08008f40       0x3c /home/leonas/User/SourceFile/CubeIDE/plugins/com.st.stm32cube.ide.mcu.externaltools.gnu-tools-for-stm32.13.3.rel1.linux64_1.0.100.202509120712/tools/bin/../lib/gcc/arm-none-eabi/13.3.1/../../../../arm-none-eabi/lib/thumb/v7e-m+fp/hard/libc_nano.a(libc_a-findfp.o)
 .text.__sfp_lock_acquire
                0x08008f7c        0xc /home/leonas/User/SourceFile/CubeIDE/plugins/com.st.stm32cube.ide.mcu.externaltools.gnu-tools-for-stm32.13.3.rel1.linux64_1.0.100.202509120712/tools/bin/../lib/gcc/arm-none-eabi/13.3.1/../../../../arm-none-eabi/lib/thumb/v7e-m+fp/hard/libc_nano.a(libc_a-findfp.o)
                0x08008f7c                __sfp_lock_acquire
 .text.__sfp_lock_release
                0x08008f88        0xc /home/leonas/User/SourceFile/CubeIDE/plugins/com.st.stm32cube.ide.mcu.externaltools.gnu-tools-for-stm32.13.3.rel1.linux64_1.0.100.202509120712/tools/bin/../lib/gcc/arm-none-eabi/13.3.1/../../../../arm-none-eabi/lib/thumb/v7e-m+fp/hard/libc_nano.a(libc_a-findfp.o)
                0x08008f88                __sfp_lock_release
 .text.__sinit  0x08008f94       0x30 /home/leonas/User/SourceFile/CubeIDE/plugins/com.st.stm32cube.ide.mcu.externaltools.gnu-tools-for-stm32.13.3.rel1.linux64_1.0.100.202509120712/tools/bin/../lib/gcc/arm-none-eabi/13.3.1/../../../../arm-none-eabi/lib/thumb/v7e-m+fp/hard/libc_nano.a(libc_a-findfp.o)
                0x08008f94                __sinit
 .text._fwalk_sglue
                0x08008fc4       0x3c /home/leonas/User/SourceFile/CubeIDE/plugins/com.st.stm32cube.ide.mcu.externaltools.gnu-tools-for-stm32.13.3.rel1.linux64_1.0.100.202509120712/tools/bin/../lib/gcc/arm-none-eabi/13.3.1/../../../../arm-none-eabi/lib/thumb/v7e-m+fp/hard/libc_nano.a(libc_a-fwalk.o)
                0x08008fc4                _fwalk_sglue
 .text.printf   0x08009000       0x24 /home/leonas/User/SourceFile/CubeIDE/plugins/com.st.stm32cube.ide.mcu.externaltools.gnu-tools-for-stm32.13.3.rel1.linux64_1.0.100.202509120712/tools/bin/../lib/gcc/arm-none-eabi/13.3.1/../../../../arm-none-eabi/lib/thumb/v7e-m+fp/hard/libc_nano.a(libc_a-printf.o)
                0x08009000                printf
                0x08009000                iprintf
 .text._puts_r  0x08009024       0xaa /home/leonas/User/SourceFile/CubeIDE/plugins/com.st.stm32cube.ide.mcu.externaltools.gnu-tools-for-stm32.13.3.rel1.linux64_1.0.100.202509120712/tools/bin/../lib/gcc/arm-none-eabi/13.3.1/../../../../arm-none-eabi/lib/thumb/v7e-m+fp/hard/libc_nano.a(libc_a-puts.o)
                0x08009024                _puts_r
 *fill*         0x080090ce        0x2 
 .text.puts     0x080090d0       0x10 /home/leonas/User/SourceFile/CubeIDE/plugins/com.st.stm32cube.ide.mcu.externaltools.gnu-tools-for-stm32.13.3.rel1.linux64_1.0.100.202509120712/tools/bin/../lib/gcc/arm-none-eabi/13.3.1/../../../../arm-none-eabi/lib/thumb/v7e-m+fp/hard/libc_nano.a(libc_a-puts.o)
                0x080090d0                puts
 .text.snprintf
                0x080090e0       0x6c /home/leonas/User/SourceFile/CubeIDE/plugins/com.st.stm32cube.ide.mcu.externaltools.gnu-tools-for-stm32.13.3.rel1.linux64_1.0.100.202509120712/tools/bin/../lib/gcc/arm-none-eabi/13.3.1/../../../../arm-none-eabi/lib/thumb/v7e-m+fp/hard/libc_nano.a(libc_a-snprintf.o)
                0x080090e0                snprintf
                0x080090e0                sniprintf
 .text.__sread  0x0800914c       0x22 /home/leonas/User/SourceFile/CubeIDE/plugins/com.st.stm32cube.ide.mcu.externaltools.gnu-tools-for-stm32.13.3.rel1.linux64_1.0.100.202509120712/tools/bin/../lib/gcc/arm-none-eabi/13.3.1/../../../../arm-none-eabi/lib/thumb/v7e-m+fp/hard/libc_nano.a(libc_a-stdio.o)
                0x0800914c                __sread
 .text.__swrite
                0x0800916e       0x38 /home/leonas/User/SourceFile/CubeIDE/plugins/com.st.stm32cube.ide.mcu.externaltools.gnu-tools-for-stm32.13.3.rel1.linux64_1.0.100.202509120712/tools/bin/../lib/gcc/arm-none-eabi/13.3.1/../../../../arm-none-eabi/lib/thumb/v7e-m+fp/hard/libc_nano.a(libc_a-stdio.o)
                0x0800916e                __swrite
 .text.__sseek  0x080091a6       0x24 /home/leonas/User/SourceFile/CubeIDE/plugins/com.st.stm32cube.ide.mcu.externaltools.gnu-tools-for-stm32.13.3.rel1.linux64_1.0.100.202509120712/tools/bin/../lib/gcc/arm-none-eabi/13.3.1/../../../../arm-none-eabi/lib/thumb/v7e-m+fp/hard/libc_nano.a(libc_a-stdio.o)
                0x080091a6                __sseek
 .text.__sclose
                0x080091ca        0x8 /home/leonas/User/SourceFile/CubeIDE/plugins/com.st.stm32cube.ide.mcu.externaltools.gnu-tools-for-stm32.13.3.rel1.linux64_1.0.100.202509120712/tools/bin/../lib/gcc/arm-none-eabi/13.3.1/../../../../arm-none-eabi/lib/thumb/v7e-m+fp/hard/libc_nano.a(libc_a-stdio.o)
                0x080091ca                __sclose
 .text.__swbuf_r
                0x080091d2       0x7c /home/leonas/User/SourceFile/CubeIDE/plugins/com.st.stm32cube.ide.mcu.externaltools.gnu-tools-for-stm32.13.3.rel1.linux64_1.0.100.202509120712/tools/bin/../lib/gcc/arm-none-eabi/13.3.1/../../../../arm-none-eabi/lib/thumb/v7e-m+fp/hard/libc_nano.a(libc_a-wbuf.o)
                0x080091d2                __swbuf_r
 *fill*         0x0800924e        0x2 
 .text.__swsetup_r
                0x08009250       0xac /home/leonas/User/SourceFile/CubeIDE/plugins/com.st.stm32cube.ide.mcu.externaltools.gnu-tools-for-stm32.13.3.rel1.linux64_1.0.100.202509120712/tools/bin/../lib/gcc/arm-none-eabi/13.3.1/../../../../arm-none-eabi/lib/thumb/v7e-m+fp/hard/libc_nano.a(libc_a-wsetup.o)
                0x08009250                __swsetup_r
 .text.memset   0x080092fc       0x10 /home/leonas/User/SourceFile/CubeIDE/plugins/com.st.stm32cube.ide.mcu.externaltools.gnu-tools-for-stm32.13.3.rel1.linux64_1.0.100.202509120712/tools/bin/../lib/gcc/arm-none-eabi/13.3.1/../../../../arm-none-eabi/lib/thumb/v7e-m+fp/hard/libc_nano.a(libc_a-memset.o)
                0x080092fc                memset
 .text.strncmp  0x0800930c       0x24 /home/leonas/User/SourceFile/CubeIDE/plugins/com.st.stm32cube.ide.mcu.externaltools.gnu-tools-for-stm32.13.3.rel1.linux64_1.0.100.202509120712/tools/bin/../lib/gcc/arm-none-eabi/13.3.1/../../../../arm-none-eabi/lib/thumb/v7e-m+fp/hard/libc_nano.a(libc_a-strncmp.o)
                0x0800930c                strncmp
 .text.strncpy  0x08009330       0x26 /home/leonas/User/SourceFile/CubeIDE/plugins/com.st.stm32cube.ide.mcu.externaltools.gnu-tools-for-stm32.13.3.rel1.linux64_1.0.100.202509120712/tools/bin/../lib/gcc/arm-none-eabi/13.3.1/../../../../arm-none-eabi/lib/thumb/v7e-m+fp/hard/libc_nano.a(libc_a-strncpy.o)
                0x08009330                strncpy
 *fill*         0x08009356        0x2 
 .text._localeconv_r
                0x08009358        0x8 /home/leonas/User/SourceFile/CubeIDE/plugins/com.st.stm32cube.ide.mcu.externaltools.gnu-tools-for-stm32.13.3.rel1.linux64_1.0.100.202509120712/tools/bin/../lib/gcc/arm-none-eabi/13.3.1/../../../../arm-none-eabi/lib/thumb/v7e-m+fp/hard/libc_nano.a(libc_a-localeconv.o)
                0x08009358                _localeconv_r
 .text._close_r
                0x08009360       0x20 /home/leonas/User/SourceFile/CubeIDE/plugins/com.st.stm32cube.ide.mcu.externaltools.gnu-tools-for-stm32.13.3.rel1.linux64_1.0.100.202509120712/tools/bin/../lib/gcc/arm-none-eabi/13.3.1/../../../../arm-none-eabi/lib/thumb/v7e-m+fp/hard/libc_nano.a(libc_a-closer.o)
                0x08009360                _close_r
 .text._lseek_r
                0x08009380       0x24 /home/leonas/User/SourceFile/CubeIDE/plugins/com.st.stm32cube.ide.mcu.externaltools.gnu-tools-for-stm32.13.3.rel1.linux64_1.0.100.202509120712/tools/bin/../lib/gcc/arm-none-eabi/13.3.1/../../../../arm-none-eabi/lib/thumb/v7e-m+fp/hard/libc_nano.a(libc_a-lseekr.o)
                0x08009380                _lseek_r
 .text._read_r  0x080093a4       0x24 /home/leonas/User/SourceFile/CubeIDE/plugins/com.st.stm32cube.ide.mcu.externaltools.gnu-tools-for-stm32.13.3.rel1.linux64_1.0.100.202509120712/tools/bin/../lib/gcc/arm-none-eabi/13.3.1/../../../../arm-none-eabi/lib/thumb/v7e-m+fp/hard/libc_nano.a(libc_a-readr.o)
                0x080093a4                _read_r
 .text._write_r
                0x080093c8       0x24 /home/leonas/User/SourceFile/CubeIDE/plugins/com.st.stm32cube.ide.mcu.externaltools.gnu-tools-for-stm32.13.3.rel1.linux64_1.0.100.202509120712/tools/bin/../lib/gcc/arm-none-eabi/13.3.1/../../../../arm-none-eabi/lib/thumb/v7e-m+fp/hard/libc_nano.a(libc_a-writer.o)
                0x080093c8                _write_r
 .text.__errno  0x080093ec        0xc /home/leonas/User/SourceFile/CubeIDE/plugins/com.st.stm32cube.ide.mcu.externaltools.gnu-tools-for-stm32.13.3.rel1.linux64_1.0.100.202509120712/tools/bin/../lib/gcc/arm-none-eabi/13.3.1/../../../../arm-none-eabi/lib/thumb/v7e-m+fp/hard/libc_nano.a(libc_a-errno.o)
                0x080093ec                __errno
 .text.__libc_init_array
                0x080093f8       0x48 /home/leonas/User/SourceFile/CubeIDE/plugins/com.st.stm32cube.ide.mcu.externaltools.gnu-tools-for-stm32.13.3.rel1.linux64_1.0.100.202509120712/tools/bin/../lib/gcc/arm-none-eabi/13.3.1/../../../../arm-none-eabi/lib/thumb/v7e-m+fp/hard/libc_nano.a(libc_a-init.o)
                0x080093f8                __libc_init_array
 .text.__retarget_lock_init_recursive
                0x08009440        0x2 /home/leonas/User/SourceFile/CubeIDE/plugins/com.st.stm32cube.ide.mcu.externaltools.gnu-tools-for-stm32.13.3.rel1.linux64_1.0.100.202509120712/tools/bin/../lib/gcc/arm-none-eabi/13.3.1/../../../../arm-none-eabi/lib/thumb/v7e-m+fp/hard/libc_nano.a(libc_a-lock.o)
                0x08009440                __retarget_lock_init_recursive
 .text.__retarget_lock_acquire_recursive
                0x08009442        0x2 /home/leonas/User/SourceFile/CubeIDE/plugins/com.st.stm32cube.ide.mcu.externaltools.gnu-tools-for-stm32.13.3.rel1.linux64_1.0.100.202509120712/tools/bin/../lib/gcc/arm-none-eabi/13.3.1/../../../../arm-none-eabi/lib/thumb/v7e-m+fp/hard/libc_nano.a(libc_a-lock.o)
                0x08009442                __retarget_lock_acquire_recursive
 .text.__retarget_lock_release_recursive
                0x08009444        0x2 /home/leonas/User/SourceFile/CubeIDE/plugins/com.st.stm32cube.ide.mcu.externaltools.gnu-tools-for-stm32.13.3.rel1.linux64_1.0.100.202509120712/tools/bin/../lib/gcc/arm-none-eabi/13.3.1/../../../../arm-none-eabi/lib/thumb/v7e-m+fp/hard/libc_nano.a(libc_a-lock.o)
                0x08009444                __retarget_lock_release_recursive
 .text.memcpy   0x08009446       0x1c /home/leonas/User/SourceFile/CubeIDE/plugins/com.st.stm32cube.ide.mcu.externaltools.gnu-tools-for-stm32.13.3.rel1.linux64_1.0.100.202509120712/tools/bin/../lib/gcc/arm-none-eabi/13.3.1/../../../../arm-none-eabi/lib/thumb/v7e-m+fp/hard/libc_nano.a(libc_a-memcpy-stub.o)
                0x08009446                memcpy
 *fill*         0x08009462        0x6 
 .text.nan      0x08009468       0x10 /home/leonas/User/SourceFile/CubeIDE/plugins/com.st.stm32cube.ide.mcu.externaltools.gnu-tools-for-stm32.13.3.rel1.linux64_1.0.100.202509120712/tools/bin/../lib/gcc/arm-none-eabi/13.3.1/../../../../arm-none-eabi/lib/thumb/v7e-m+fp/hard/libc_nano.a(libm_a-s_nan.o)
                0x08009468                nan
 .text.quorem   0x08009478      0x110 /home/leonas/User/SourceFile/CubeIDE/plugins/com.st.stm32cube.ide.mcu.externaltools.gnu-tools-for-stm32.13.3.rel1.linux64_1.0.100.202509120712/tools/bin/../lib/gcc/arm-none-eabi/13.3.1/../../../../arm-none-eabi/lib/thumb/v7e-m+fp/hard/libc_nano.a(libc_a-dtoa.o)
 .text._dtoa_r  0x08009588      0xba0 /home/leonas/User/SourceFile/CubeIDE/plugins/com.st.stm32cube.ide.mcu.externaltools.gnu-tools-for-stm32.13.3.rel1.linux64_1.0.100.202509120712/tools/bin/../lib/gcc/arm-none-eabi/13.3.1/../../../../arm-none-eabi/lib/thumb/v7e-m+fp/hard/libc_nano.a(libc_a-dtoa.o)
                0x08009588                _dtoa_r
 .text._free_r  0x0800a128       0x94 /home/leonas/User/SourceFile/CubeIDE/plugins/com.st.stm32cube.ide.mcu.externaltools.gnu-tools-for-stm32.13.3.rel1.linux64_1.0.100.202509120712/tools/bin/../lib/gcc/arm-none-eabi/13.3.1/../../../../arm-none-eabi/lib/thumb/v7e-m+fp/hard/libc_nano.a(libc_a-freer.o)
                0x0800a128                _free_r
 .text.rshift   0x0800a1bc       0xa4 /home/leonas/User/SourceFile/CubeIDE/plugins/com.st.stm32cube.ide.mcu.externaltools.gnu-tools-for-stm32.13.3.rel1.linux64_1.0.100.202509120712/tools/bin/../lib/gcc/arm-none-eabi/13.3.1/../../../../arm-none-eabi/lib/thumb/v7e-m+fp/hard/libc_nano.a(libc_a-gdtoa-gethex.o)
 .text.__hexdig_fun
                0x0800a260       0x2a /home/leonas/User/SourceFile/CubeIDE/plugins/com.st.stm32cube.ide.mcu.externaltools.gnu-tools-for-stm32.13.3.rel1.linux64_1.0.100.202509120712/tools/bin/../lib/gcc/arm-none-eabi/13.3.1/../../../../arm-none-eabi/lib/thumb/v7e-m+fp/hard/libc_nano.a(libc_a-gdtoa-gethex.o)
                0x0800a260                __hexdig_fun
 *fill*         0x0800a28a        0x2 
 .text.__gethex
                0x0800a28c      0x420 /home/leonas/User/SourceFile/CubeIDE/plugins/com.st.stm32cube.ide.mcu.externaltools.gnu-tools-for-stm32.13.3.rel1.linux64_1.0.100.202509120712/tools/bin/../lib/gcc/arm-none-eabi/13.3.1/../../../../arm-none-eabi/lib/thumb/v7e-m+fp/hard/libc_nano.a(libc_a-gdtoa-gethex.o)
                0x0800a28c                __gethex
 .text.L_shift  0x0800a6ac       0x24 /home/leonas/User/SourceFile/CubeIDE/plugins/com.st.stm32cube.ide.mcu.externaltools.gnu-tools-for-stm32.13.3.rel1.linux64_1.0.100.202509120712/tools/bin/../lib/gcc/arm-none-eabi/13.3.1/../../../../arm-none-eabi/lib/thumb/v7e-m+fp/hard/libc_nano.a(libc_a-gdtoa-hexnan.o)
 .text.__match  0x0800a6d0       0x28 /home/leonas/User/SourceFile/CubeIDE/plugins/com.st.stm32cube.ide.mcu.externaltools.gnu-tools-for-stm32.13.3.rel1.linux64_1.0.100.202509120712/tools/bin/../lib/gcc/arm-none-eabi/13.3.1/../../../../arm-none-eabi/lib/thumb/v7e-m+fp/hard/libc_nano.a(libc_a-gdtoa-hexnan.o)
                0x0800a6d0                __match
 .text.__hexnan
                0x0800a6f8      0x136 /home/leonas/User/SourceFile/CubeIDE/plugins/com.st.stm32cube.ide.mcu.externaltools.gnu-tools-for-stm32.13.3.rel1.linux64_1.0.100.202509120712/tools/bin/../lib/gcc/arm-none-eabi/13.3.1/../../../../arm-none-eabi/lib/thumb/v7e-m+fp/hard/libc_nano.a(libc_a-gdtoa-hexnan.o)
                0x0800a6f8                __hexnan
 *fill*         0x0800a82e        0x2 
 .text.malloc   0x0800a830       0x10 /home/leonas/User/SourceFile/CubeIDE/plugins/com.st.stm32cube.ide.mcu.externaltools.gnu-tools-for-stm32.13.3.rel1.linux64_1.0.100.202509120712/tools/bin/../lib/gcc/arm-none-eabi/13.3.1/../../../../arm-none-eabi/lib/thumb/v7e-m+fp/hard/libc_nano.a(libc_a-malloc.o)
                0x0800a830                malloc
 .text.sbrk_aligned
                0x0800a840       0x44 /home/leonas/User/SourceFile/CubeIDE/plugins/com.st.stm32cube.ide.mcu.externaltools.gnu-tools-for-stm32.13.3.rel1.linux64_1.0.100.202509120712/tools/bin/../lib/gcc/arm-none-eabi/13.3.1/../../../../arm-none-eabi/lib/thumb/v7e-m+fp/hard/libc_nano.a(libc_a-mallocr.o)
 .text._malloc_r
                0x0800a884      0x100 /home/leonas/User/SourceFile/CubeIDE/plugins/com.st.stm32cube.ide.mcu.externaltools.gnu-tools-for-stm32.13.3.rel1.linux64_1.0.100.202509120712/tools/bin/../lib/gcc/arm-none-eabi/13.3.1/../../../../arm-none-eabi/lib/thumb/v7e-m+fp/hard/libc_nano.a(libc_a-mallocr.o)
                0x0800a884                _malloc_r
 .text.__ascii_mbtowc
                0x0800a984       0x24 /home/leonas/User/SourceFile/CubeIDE/plugins/com.st.stm32cube.ide.mcu.externaltools.gnu-tools-for-stm32.13.3.rel1.linux64_1.0.100.202509120712/tools/bin/../lib/gcc/arm-none-eabi/13.3.1/../../../../arm-none-eabi/lib/thumb/v7e-m+fp/hard/libc_nano.a(libc_a-mbtowc_r.o)
                0x0800a984                __ascii_mbtowc
 .text.__malloc_lock
                0x0800a9a8        0xc /home/leonas/User/SourceFile/CubeIDE/plugins/com.st.stm32cube.ide.mcu.externaltools.gnu-tools-for-stm32.13.3.rel1.linux64_1.0.100.202509120712/tools/bin/../lib/gcc/arm-none-eabi/13.3.1/../../../../arm-none-eabi/lib/thumb/v7e-m+fp/hard/libc_nano.a(libc_a-mlock.o)
                0x0800a9a8                __malloc_lock
 .text.__malloc_unlock
                0x0800a9b4        0xc /home/leonas/User/SourceFile/CubeIDE/plugins/com.st.stm32cube.ide.mcu.externaltools.gnu-tools-for-stm32.13.3.rel1.linux64_1.0.100.202509120712/tools/bin/../lib/gcc/arm-none-eabi/13.3.1/../../../../arm-none-eabi/lib/thumb/v7e-m+fp/hard/libc_nano.a(libc_a-mlock.o)
                0x0800a9b4                __malloc_unlock
 .text._Balloc  0x0800a9c0       0x80 /home/leonas/User/SourceFile/CubeIDE/plugins/com.st.stm32cube.ide.mcu.externaltools.gnu-tools-for-stm32.13.3.rel1.linux64_1.0.100.202509120712/tools/bin/../lib/gcc/arm-none-eabi/13.3.1/../../../../arm-none-eabi/lib/thumb/v7e-m+fp/hard/libc_nano.a(libc_a-mprec.o)
                0x0800a9c0                _Balloc
 .text._Bfree   0x0800aa40       0x44 /home/leonas/User/SourceFile/CubeIDE/plugins/com.st.stm32cube.ide.mcu.externaltools.gnu-tools-for-stm32.13.3.rel1.linux64_1.0.100.202509120712/tools/bin/../lib/gcc/arm-none-eabi/13.3.1/../../../../arm-none-eabi/lib/thumb/v7e-m+fp/hard/libc_nano.a(libc_a-mprec.o)
                0x0800aa40                _Bfree
 .text.__multadd
                0x0800aa84       0x8c /home/leonas/User/SourceFile/CubeIDE/plugins/com.st.stm32cube.ide.mcu.externaltools.gnu-tools-for-stm32.13.3.rel1.linux64_1.0.100.202509120712/tools/bin/../lib/gcc/arm-none-eabi/13.3.1/../../../../arm-none-eabi/lib/thumb/v7e-m+fp/hard/libc_nano.a(libc_a-mprec.o)
                0x0800aa84                __multadd
 .text.__s2b    0x0800ab10       0x94 /home/leonas/User/SourceFile/CubeIDE/plugins/com.st.stm32cube.ide.mcu.externaltools.gnu-tools-for-stm32.13.3.rel1.linux64_1.0.100.202509120712/tools/bin/../lib/gcc/arm-none-eabi/13.3.1/../../../../arm-none-eabi/lib/thumb/v7e-m+fp/hard/libc_nano.a(libc_a-mprec.o)
                0x0800ab10                __s2b
 .text.__hi0bits
                0x0800aba4       0x3e /home/leonas/User/SourceFile/CubeIDE/plugins/com.st.stm32cube.ide.mcu.externaltools.gnu-tools-for-stm32.13.3.rel1.linux64_1.0.100.202509120712/tools/bin/../lib/gcc/arm-none-eabi/13.3.1/../../../../arm-none-eabi/lib/thumb/v7e-m+fp/hard/libc_nano.a(libc_a-mprec.o)
                0x0800aba4                __hi0bits
 .text.__lo0bits
                0x0800abe2       0x5a /home/leonas/User/SourceFile/CubeIDE/plugins/com.st.stm32cube.ide.mcu.externaltools.gnu-tools-for-stm32.13.3.rel1.linux64_1.0.100.202509120712/tools/bin/../lib/gcc/arm-none-eabi/13.3.1/../../../../arm-none-eabi/lib/thumb/v7e-m+fp/hard/libc_nano.a(libc_a-mprec.o)
                0x0800abe2                __lo0bits
 .text.__i2b    0x0800ac3c       0x2c /home/leonas/User/SourceFile/CubeIDE/plugins/com.st.stm32cube.ide.mcu.externaltools.gnu-tools-for-stm32.13.3.rel1.linux64_1.0.100.202509120712/tools/bin/../lib/gcc/arm-none-eabi/13.3.1/../../../../arm-none-eabi/lib/thumb/v7e-m+fp/hard/libc_nano.a(libc_a-mprec.o)
                0x0800ac3c                __i2b
 .text.__multiply
                0x0800ac68      0x144 /home/leonas/User/SourceFile/CubeIDE/plugins/com.st.stm32cube.ide.mcu.externaltools.gnu-tools-for-stm32.13.3.rel1.linux64_1.0.100.202509120712/tools/bin/../lib/gcc/arm-none-eabi/13.3.1/../../../../arm-none-eabi/lib/thumb/v7e-m+fp/hard/libc_nano.a(libc_a-mprec.o)
                0x0800ac68                __multiply
 .text.__pow5mult
                0x0800adac       0xb4 /home/leonas/User/SourceFile/CubeIDE/plugins/com.st.stm32cube.ide.mcu.externaltools.gnu-tools-for-stm32.13.3.rel1.linux64_1.0.100.202509120712/tools/bin/../lib/gcc/arm-none-eabi/13.3.1/../../../../arm-none-eabi/lib/thumb/v7e-m+fp/hard/libc_nano.a(libc_a-mprec.o)
                0x0800adac                __pow5mult
 .text.__lshift
                0x0800ae60       0xd8 /home/leonas/User/SourceFile/CubeIDE/plugins/com.st.stm32cube.ide.mcu.externaltools.gnu-tools-for-stm32.13.3.rel1.linux64_1.0.100.202509120712/tools/bin/../lib/gcc/arm-none-eabi/13.3.1/../../../../arm-none-eabi/lib/thumb/v7e-m+fp/hard/libc_nano.a(libc_a-mprec.o)
                0x0800ae60                __lshift
 .text.__mcmp   0x0800af38       0x36 /home/leonas/User/SourceFile/CubeIDE/plugins/com.st.stm32cube.ide.mcu.externaltools.gnu-tools-for-stm32.13.3.rel1.linux64_1.0.100.202509120712/tools/bin/../lib/gcc/arm-none-eabi/13.3.1/../../../../arm-none-eabi/lib/thumb/v7e-m+fp/hard/libc_nano.a(libc_a-mprec.o)
                0x0800af38                __mcmp
 *fill*         0x0800af6e        0x2 
 .text.__mdiff  0x0800af70      0x128 /home/leonas/User/SourceFile/CubeIDE/plugins/com.st.stm32cube.ide.mcu.externaltools.gnu-tools-for-stm32.13.3.rel1.linux64_1.0.100.202509120712/tools/bin/../lib/gcc/arm-none-eabi/13.3.1/../../../../arm-none-eabi/lib/thumb/v7e-m+fp/hard/libc_nano.a(libc_a-mprec.o)
                0x0800af70                __mdiff
 .text.__ulp    0x0800b098       0x4c /home/leonas/User/SourceFile/CubeIDE/plugins/com.st.stm32cube.ide.mcu.externaltools.gnu-tools-for-stm32.13.3.rel1.linux64_1.0.100.202509120712/tools/bin/../lib/gcc/arm-none-eabi/13.3.1/../../../../arm-none-eabi/lib/thumb/v7e-m+fp/hard/libc_nano.a(libc_a-mprec.o)
                0x0800b098                __ulp
 .text.__b2d    0x0800b0e4       0x94 /home/leonas/User/SourceFile/CubeIDE/plugins/com.st.stm32cube.ide.mcu.externaltools.gnu-tools-for-stm32.13.3.rel1.linux64_1.0.100.202509120712/tools/bin/../lib/gcc/arm-none-eabi/13.3.1/../../../../arm-none-eabi/lib/thumb/v7e-m+fp/hard/libc_nano.a(libc_a-mprec.o)
                0x0800b0e4                __b2d
 .text.__d2b    0x0800b178       0xb0 /home/leonas/User/SourceFile/CubeIDE/plugins/com.st.stm32cube.ide.mcu.externaltools.gnu-tools-for-stm32.13.3.rel1.linux64_1.0.100.202509120712/tools/bin/../lib/gcc/arm-none-eabi/13.3.1/../../../../arm-none-eabi/lib/thumb/v7e-m+fp/hard/libc_nano.a(libc_a-mprec.o)
                0x0800b178                __d2b
 .text.__ratio  0x0800b228       0x64 /home/leonas/User/SourceFile/CubeIDE/plugins/com.st.stm32cube.ide.mcu.externaltools.gnu-tools-for-stm32.13.3.rel1.linux64_1.0.100.202509120712/tools/bin/../lib/gcc/arm-none-eabi/13.3.1/../../../../arm-none-eabi/lib/thumb/v7e-m+fp/hard/libc_nano.a(libc_a-mprec.o)
                0x0800b228                __ratio
 .text.__copybits
                0x0800b28c       0x46 /home/leonas/User/SourceFile/CubeIDE/plugins/com.st.stm32cube.ide.mcu.externaltools.gnu-tools-for-stm32.13.3.rel1.linux64_1.0.100.202509120712/tools/bin/../lib/gcc/arm-none-eabi/13.3.1/../../../../arm-none-eabi/lib/thumb/v7e-m+fp/hard/libc_nano.a(libc_a-mprec.o)
                0x0800b28c                __copybits
 .text.__any_on
                0x0800b2d2       0x42 /home/leonas/User/SourceFile/CubeIDE/plugins/com.st.stm32cube.ide.mcu.externaltools.gnu-tools-for-stm32.13.3.rel1.linux64_1.0.100.202509120712/tools/bin/../lib/gcc/arm-none-eabi/13.3.1/../../../../arm-none-eabi/lib/thumb/v7e-m+fp/hard/libc_nano.a(libc_a-mprec.o)
                0x0800b2d2                __any_on
 .text.__ascii_wctomb
                0x0800b314       0x1a /home/leonas/User/SourceFile/CubeIDE/plugins/com.st.stm32cube.ide.mcu.externaltools.gnu-tools-for-stm32.13.3.rel1.linux64_1.0.100.202509120712/tools/bin/../lib/gcc/arm-none-eabi/13.3.1/../../../../arm-none-eabi/lib/thumb/v7e-m+fp/hard/libc_nano.a(libc_a-wctomb_r.o)
                0x0800b314                __ascii_wctomb
 .text.__ssputs_r
                0x0800b32e       0xb6 /home/leonas/User/SourceFile/CubeIDE/plugins/com.st.stm32cube.ide.mcu.externaltools.gnu-tools-for-stm32.13.3.rel1.linux64_1.0.100.202509120712/tools/bin/../lib/gcc/arm-none-eabi/13.3.1/../../../../arm-none-eabi/lib/thumb/v7e-m+fp/hard/libc_nano.a(libc_a-nano-svfprintf.o)
                0x0800b32e                __ssputs_r
 .text._svfprintf_r
                0x0800b3e4      0x1f8 /home/leonas/User/SourceFile/CubeIDE/plugins/com.st.stm32cube.ide.mcu.externaltools.gnu-tools-for-stm32.13.3.rel1.linux64_1.0.100.202509120712/tools/bin/../lib/gcc/arm-none-eabi/13.3.1/../../../../arm-none-eabi/lib/thumb/v7e-m+fp/hard/libc_nano.a(libc_a-nano-svfprintf.o)
                0x0800b3e4                _svfprintf_r
                0x0800b3e4                _svfiprintf_r
 .text.__sfputc_r
                0x0800b5dc       0x2e /home/leonas/User/SourceFile/CubeIDE/plugins/com.st.stm32cube.ide.mcu.externaltools.gnu-tools-for-stm32.13.3.rel1.linux64_1.0.100.202509120712/tools/bin/../lib/gcc/arm-none-eabi/13.3.1/../../../../arm-none-eabi/lib/thumb/v7e-m+fp/hard/libc_nano.a(libc_a-nano-vfprintf.o)
 .text.__sfputs_r
                0x0800b60a       0x24 /home/leonas/User/SourceFile/CubeIDE/plugins/com.st.stm32cube.ide.mcu.externaltools.gnu-tools-for-stm32.13.3.rel1.linux64_1.0.100.202509120712/tools/bin/../lib/gcc/arm-none-eabi/13.3.1/../../../../arm-none-eabi/lib/thumb/v7e-m+fp/hard/libc_nano.a(libc_a-nano-vfprintf.o)
                0x0800b60a                __sfputs_r
 *fill*         0x0800b62e        0x2 
 .text._vfprintf_r
                0x0800b630      0x230 /home/leonas/User/SourceFile/CubeIDE/plugins/com.st.stm32cube.ide.mcu.externaltools.gnu-tools-for-stm32.13.3.rel1.linux64_1.0.100.202509120712/tools/bin/../lib/gcc/arm-none-eabi/13.3.1/../../../../arm-none-eabi/lib/thumb/v7e-m+fp/hard/libc_nano.a(libc_a-nano-vfprintf.o)
                0x0800b630                _vfiprintf_r
                0x0800b630                _vfprintf_r
 .text.__sflush_r
                0x0800b860      0x108 /home/leonas/User/SourceFile/CubeIDE/plugins/com.st.stm32cube.ide.mcu.externaltools.gnu-tools-for-stm32.13.3.rel1.linux64_1.0.100.202509120712/tools/bin/../lib/gcc/arm-none-eabi/13.3.1/../../../../arm-none-eabi/lib/thumb/v7e-m+fp/hard/libc_nano.a(libc_a-fflush.o)
                0x0800b860                __sflush_r
 .text._fflush_r
                0x0800b968       0x50 /home/leonas/User/SourceFile/CubeIDE/plugins/com.st.stm32cube.ide.mcu.externaltools.gnu-tools-for-stm32.13.3.rel1.linux64_1.0.100.202509120712/tools/bin/../lib/gcc/arm-none-eabi/13.3.1/../../../../arm-none-eabi/lib/thumb/v7e-m+fp/hard/libc_nano.a(libc_a-fflush.o)
                0x0800b968                _fflush_r
 .text.__swhatbuf_r
                0x0800b9b8       0x4c /home/leonas/User/SourceFile/CubeIDE/plugins/com.st.stm32cube.ide.mcu.externaltools.gnu-tools-for-stm32.13.3.rel1.linux64_1.0.100.202509120712/tools/bin/../lib/gcc/arm-none-eabi/13.3.1/../../../../arm-none-eabi/lib/thumb/v7e-m+fp/hard/libc_nano.a(libc_a-makebuf.o)
                0x0800b9b8                __swhatbuf_r
 .text.__smakebuf_r
                0x0800ba04       0x78 /home/leonas/User/SourceFile/CubeIDE/plugins/com.st.stm32cube.ide.mcu.externaltools.gnu-tools-for-stm32.13.3.rel1.linux64_1.0.100.202509120712/tools/bin/../lib/gcc/arm-none-eabi/13.3.1/../../../../arm-none-eabi/lib/thumb/v7e-m+fp/hard/libc_nano.a(libc_a-makebuf.o)
                0x0800ba04                __smakebuf_r
 .text.memmove  0x0800ba7c       0x34 /home/leonas/User/SourceFile/CubeIDE/plugins/com.st.stm32cube.ide.mcu.externaltools.gnu-tools-for-stm32.13.3.rel1.linux64_1.0.100.202509120712/tools/bin/../lib/gcc/arm-none-eabi/13.3.1/../../../../arm-none-eabi/lib/thumb/v7e-m+fp/hard/libc_nano.a(libc_a-memmove.o)
                0x0800ba7c                memmove
 .text._fstat_r
                0x0800bab0       0x24 /home/leonas/User/SourceFile/CubeIDE/plugins/com.st.stm32cube.ide.mcu.externaltools.gnu-tools-for-stm32.13.3.rel1.linux64_1.0.100.202509120712/tools/bin/../lib/gcc/arm-none-eabi/13.3.1/../../../../arm-none-eabi/lib/thumb/v7e-m+fp/hard/libc_nano.a(libc_a-fstatr.o)
                0x0800bab0                _fstat_r
 .text._isatty_r
                0x0800bad4       0x20 /home/leonas/User/SourceFile/CubeIDE/plugins/com.st.stm32cube.ide.mcu.externaltools.gnu-tools-for-stm32.13.3.rel1.linux64_1.0.100.202509120712/tools/bin/../lib/gcc/arm-none-eabi/13.3.1/../../../../arm-none-eabi/lib/thumb/v7e-m+fp/hard/libc_nano.a(libc_a-isattyr.o)
                0x0800bad4                _isatty_r
 .text._sbrk_r  0x0800baf4       0x20 /home/leonas/User/SourceFile/CubeIDE/plugins/com.st.stm32cube.ide.mcu.externaltools.gnu-tools-for-stm32.13.3.rel1.linux64_1.0.100.202509120712/tools/bin/../lib/gcc/arm-none-eabi/13.3.1/../../../../arm-none-eabi/lib/thumb/v7e-m+fp/hard/libc_nano.a(libc_a-sbrkr.o)
                0x0800baf4                _sbrk_r
 .text.__assert_func
                0x0800bb14       0x3c /home/leonas/User/SourceFile/CubeIDE/plugins/com.st.stm32cube.ide.mcu.externaltools.gnu-tools-for-stm32.13.3.rel1.linux64_1.0.100.202509120712/tools/bin/../lib/gcc/arm-none-eabi/13.3.1/../../../../arm-none-eabi/lib/thumb/v7e-m+fp/hard/libc_nano.a(libc_a-assert.o)
                0x0800bb14                __assert_func
 .text._calloc_r
                0x0800bb50       0x28 /home/leonas/User/SourceFile/CubeIDE/plugins/com.st.stm32cube.ide.mcu.externaltools.gnu-tools-for-stm32.13.3.rel1.linux64_1.0.100.202509120712/tools/bin/../lib/gcc/arm-none-eabi/13.3.1/../../../../arm-none-eabi/lib/thumb/v7e-m+fp/hard/libc_nano.a(libc_a-callocr.o)
                0x0800bb50                _calloc_r
 .text._realloc_r
                0x0800bb78       0x5c /home/leonas/User/SourceFile/CubeIDE/plugins/com.st.stm32cube.ide.mcu.externaltools.gnu-tools-for-stm32.13.3.rel1.linux64_1.0.100.202509120712/tools/bin/../lib/gcc/arm-none-eabi/13.3.1/../../../../arm-none-eabi/lib/thumb/v7e-m+fp/hard/libc_nano.a(libc_a-reallocr.o)
                0x0800bb78                _realloc_r
 .text.fprintf  0x0800bbd4       0x24 /home/leonas/User/SourceFile/CubeIDE/plugins/com.st.stm32cube.ide.mcu.externaltools.gnu-tools-for-stm32.13.3.rel1.linux64_1.0.100.202509120712/tools/bin/../lib/gcc/arm-none-eabi/13.3.1/../../../../arm-none-eabi/lib/thumb/v7e-m+fp/hard/libc_nano.a(libc_a-fprintf.o)
                0x0800bbd4                fprintf
                0x0800bbd4                fiprintf
 .text.abort    0x0800bbf8        0xe /home/leonas/User/SourceFile/CubeIDE/plugins/com.st.stm32cube.ide.mcu.externaltools.gnu-tools-for-stm32.13.3.rel1.linux64_1.0.100.202509120712/tools/bin/../lib/gcc/arm-none-eabi/13.3.1/../../../../arm-none-eabi/lib/thumb/v7e-m+fp/hard/libc_nano.a(libc_a-abort.o)
                0x0800bbf8                abort
 .text._malloc_usable_size_r
                0x0800bc06       0x10 /home/leonas/User/SourceFile/CubeIDE/plugins/com.st.stm32cube.ide.mcu.externaltools.gnu-tools-for-stm32.13.3.rel1.linux64_1.0.100.202509120712/tools/bin/../lib/gcc/arm-none-eabi/13.3.1/../../../../arm-none-eabi/lib/thumb/v7e-m+fp/hard/libc_nano.a(libc_a-msizer.o)
                0x0800bc06                _malloc_usable_size_r
 .text._raise_r
                0x0800bc16       0x50 /home/leonas/User/SourceFile/CubeIDE/plugins/com.st.stm32cube.ide.mcu.externaltools.gnu-tools-for-stm32.13.3.rel1.linux64_1.0.100.202509120712/tools/bin/../lib/gcc/arm-none-eabi/13.3.1/../../../../arm-none-eabi/lib/thumb/v7e-m+fp/hard/libc_nano.a(libc_a-signal.o)
                0x0800bc16                _raise_r
 *fill*         0x0800bc66        0x2 
 .text.raise    0x0800bc68       0x10 /home/leonas/User/SourceFile/CubeIDE/plugins/com.st.stm32cube.ide.mcu.externaltools.gnu-tools-for-stm32.13.3.rel1.linux64_1.0.100.202509120712/tools/bin/../lib/gcc/arm-none-eabi/13.3.1/../../../../arm-none-eabi/lib/thumb/v7e-m+fp/hard/libc_nano.a(libc_a-signal.o)
                0x0800bc68                raise
 .text._kill_r  0x0800bc78       0x24 /home/leonas/User/SourceFile/CubeIDE/plugins/com.st.stm32cube.ide.mcu.externaltools.gnu-tools-for-stm32.13.3.rel1.linux64_1.0.100.202509120712/tools/bin/../lib/gcc/arm-none-eabi/13.3.1/../../../../arm-none-eabi/lib/thumb/v7e-m+fp/hard/libc_nano.a(libc_a-signalr.o)
                0x0800bc78                _kill_r
 .text._getpid_r
                0x0800bc9c        0x4 /home/leonas/User/SourceFile/CubeIDE/plugins/com.st.stm32cube.ide.mcu.externaltools.gnu-tools-for-stm32.13.3.rel1.linux64_1.0.100.202509120712/tools/bin/../lib/gcc/arm-none-eabi/13.3.1/../../../../arm-none-eabi/lib/thumb/v7e-m+fp/hard/libc_nano.a(libc_a-signalr.o)
                0x0800bc9c                _getpid_r
 *(.glue_7)
 .glue_7        0x0800bca0        0x0 linker stubs
 *(.glue_7t)
 .glue_7t       0x0800bca0        0x0 linker stubs
 *(.eh_frame)
 .eh_frame      0x0800bca0        0x0 /home/leonas/User/SourceFile/CubeIDE/plugins/com.st.stm32cube.ide.mcu.externaltools.gnu-tools-for-stm32.13.3.rel1.linux64_1.0.100.202509120712/tools/bin/../lib/gcc/arm-none-eabi/13.3.1/thumb/v7e-m+fp/hard/crtbegin.o
 *(.init)
 .init          0x0800bca0        0x4 /home/leonas/User/SourceFile/CubeIDE/plugins/com.st.stm32cube.ide.mcu.externaltools.gnu-tools-for-stm32.13.3.rel1.linux64_1.0.100.202509120712/tools/bin/../lib/gcc/arm-none-eabi/13.3.1/thumb/v7e-m+fp/hard/crti.o
                0x0800bca0                _init
 .init          0x0800bca4        0x8 /home/leonas/User/SourceFile/CubeIDE/plugins/com.st.stm32cube.ide.mcu.externaltools.gnu-tools-for-stm32.13.3.rel1.linux64_1.0.100.202509120712/tools/bin/../lib/gcc/arm-none-eabi/13.3.1/thumb/v7e-m+fp/hard/crtn.o
 *(.fini)
 .fini          0x0800bcac        0x4 /home/leonas/User/SourceFile/CubeIDE/plugins/com.st.stm32cube.ide.mcu.externaltools.gnu-tools-for-stm32.13.3.rel1.linux64_1.0.100.202509120712/tools/bin/../lib/gcc/arm-none-eabi/13.3.1/thumb/v7e-m+fp/hard/crti.o
                0x0800bcac                _fini
 .fini          0x0800bcb0        0x8 /home/leonas/User/SourceFile/CubeIDE/plugins/com.st.stm32cube.ide.mcu.externaltools.gnu-tools-for-stm32.13.3.rel1.linux64_1.0.100.202509120712/tools/bin/../lib/gcc/arm-none-eabi/13.3.1/thumb/v7e-m+fp/hard/crtn.o
                0x0800bcb8                        . = ALIGN (0x4)
                0x0800bcb8                        _etext = .

.vfp11_veneer   0x0800bcb8        0x0
 .vfp11_veneer  0x0800bcb8        0x0 linker stubs

.v4_bx          0x0800bcb8        0x0
 .v4_bx         0x0800bcb8        0x0 linker stubs

.iplt           0x0800bcb8        0x0
 .iplt          0x0800bcb8        0x0 /home/leonas/User/SourceFile/CubeIDE/plugins/com.st.stm32cube.ide.mcu.externaltools.gnu-tools-for-stm32.13.3.rel1.linux64_1.0.100.202509120712/tools/bin/../lib/gcc/arm-none-eabi/13.3.1/thumb/v7e-m+fp/hard/crtbegin.o

.rodata         0x0800bcb8      0xca4
                0x0800bcb8                        . = ALIGN (0x4)
 *(.rodata)
 .rodata        0x0800bcb8      0x856 ./Core/Src/main.o
 *(.rodata*)
 *fill*         0x0800c50e        0x2 
 .rodata.AHBPrescTable
                0x0800c510       0x10 ./Core/Src/system_stm32f4xx.o
                0x0800c510                AHBPrescTable
 .rodata.APBPrescTable
                0x0800c520        0x8 ./Core/Src/system_stm32f4xx.o
                0x0800c520                APBPrescTable
 .rodata.flagBitshiftOffset.0
                0x0800c528        0x8 ./Drivers/STM32F4xx_HAL_Driver/Src/stm32f4xx_hal_dma.o
 .rodata._strtod_l.str1.1
                0x0800c530      0x1d1 /home/leonas/User/SourceFile/CubeIDE/plugins/com.st.stm32cube.ide.mcu.externaltools.gnu-tools-for-stm32.13.3.rel1.linux64_1.0.100.202509120712/tools/bin/../lib/gcc/arm-none-eabi/13.3.1/../../../../arm-none-eabi/lib/thumb/v7e-m+fp/hard/libc_nano.a(libc_a-strtod.o)
                                  0xf (size before relaxing)
 *fill*         0x0800c701        0x3 
 .rodata.fpinan.0
                0x0800c704       0x14 /home/leonas/User/SourceFile/CubeIDE/plugins/com.st.stm32cube.ide.mcu.externaltools.gnu-tools-for-stm32.13.3.rel1.linux64_1.0.100.202509120712/tools/bin/../lib/gcc/arm-none-eabi/13.3.1/../../../../arm-none-eabi/lib/thumb/v7e-m+fp/hard/libc_nano.a(libc_a-strtod.o)
 .rodata.fpi.1  0x0800c718       0x14 /home/leonas/User/SourceFile/CubeIDE/plugins/com.st.stm32cube.ide.mcu.externaltools.gnu-tools-for-stm32.13.3.rel1.linux64_1.0.100.202509120712/tools/bin/../lib/gcc/arm-none-eabi/13.3.1/../../../../arm-none-eabi/lib/thumb/v7e-m+fp/hard/libc_nano.a(libc_a-strtod.o)
 *fill*         0x0800c72c        0x4 
 .rodata.tinytens
                0x0800c730       0x28 /home/leonas/User/SourceFile/CubeIDE/plugins/com.st.stm32cube.ide.mcu.externaltools.gnu-tools-for-stm32.13.3.rel1.linux64_1.0.100.202509120712/tools/bin/../lib/gcc/arm-none-eabi/13.3.1/../../../../arm-none-eabi/lib/thumb/v7e-m+fp/hard/libc_nano.a(libc_a-strtod.o)
 .rodata._printf_float.str1.1
                0x0800c758        0x0 /home/leonas/User/SourceFile/CubeIDE/plugins/com.st.stm32cube.ide.mcu.externaltools.gnu-tools-for-stm32.13.3.rel1.linux64_1.0.100.202509120712/tools/bin/../lib/gcc/arm-none-eabi/13.3.1/../../../../arm-none-eabi/lib/thumb/v7e-m+fp/hard/libc_nano.a(libc_a-nano-vfprintf_float.o)
                                 0x12 (size before relaxing)
 .rodata._printf_i.str1.1
                0x0800c758        0x0 /home/leonas/User/SourceFile/CubeIDE/plugins/com.st.stm32cube.ide.mcu.externaltools.gnu-tools-for-stm32.13.3.rel1.linux64_1.0.100.202509120712/tools/bin/../lib/gcc/arm-none-eabi/13.3.1/../../../../arm-none-eabi/lib/thumb/v7e-m+fp/hard/libc_nano.a(libc_a-nano-vfprintf_i.o)
                                 0x22 (size before relaxing)
 .rodata._setlocale_r.str1.1
                0x0800c758        0x0 /home/leonas/User/SourceFile/CubeIDE/plugins/com.st.stm32cube.ide.mcu.externaltools.gnu-tools-for-stm32.13.3.rel1.linux64_1.0.100.202509120712/tools/bin/../lib/gcc/arm-none-eabi/13.3.1/../../../../arm-none-eabi/lib/thumb/v7e-m+fp/hard/libc_nano.a(libc_a-locale.o)
                                  0x9 (size before relaxing)
 .rodata.str1.1
                0x0800c758        0x0 /home/leonas/User/SourceFile/CubeIDE/plugins/com.st.stm32cube.ide.mcu.externaltools.gnu-tools-for-stm32.13.3.rel1.linux64_1.0.100.202509120712/tools/bin/../lib/gcc/arm-none-eabi/13.3.1/../../../../arm-none-eabi/lib/thumb/v7e-m+fp/hard/libc_nano.a(libc_a-locale.o)
                                  0x2 (size before relaxing)
 .rodata._dtoa_r.str1.1
                0x0800c758        0x0 /home/leonas/User/SourceFile/CubeIDE/plugins/com.st.stm32cube.ide.mcu.externaltools.gnu-tools-for-stm32.13.3.rel1.linux64_1.0.100.202509120712/tools/bin/../lib/gcc/arm-none-eabi/13.3.1/../../../../arm-none-eabi/lib/thumb/v7e-m+fp/hard/libc_nano.a(libc_a-dtoa.o)
                                 0x8f (size before relaxing)
 .rodata.__gethex.str1.1
                0x0800c758        0x0 /home/leonas/User/SourceFile/CubeIDE/plugins/com.st.stm32cube.ide.mcu.externaltools.gnu-tools-for-stm32.13.3.rel1.linux64_1.0.100.202509120712/tools/bin/../lib/gcc/arm-none-eabi/13.3.1/../../../../arm-none-eabi/lib/thumb/v7e-m+fp/hard/libc_nano.a(libc_a-gdtoa-gethex.o)
                                 0x73 (size before relaxing)
 .rodata._Balloc.str1.1
                0x0800c758        0x0 /home/leonas/User/SourceFile/CubeIDE/plugins/com.st.stm32cube.ide.mcu.externaltools.gnu-tools-for-stm32.13.3.rel1.linux64_1.0.100.202509120712/tools/bin/../lib/gcc/arm-none-eabi/13.3.1/../../../../arm-none-eabi/lib/thumb/v7e-m+fp/hard/libc_nano.a(libc_a-mprec.o)
                                 0x70 (size before relaxing)
 .rodata.__multadd.str1.1
                0x0800c758        0x0 /home/leonas/User/SourceFile/CubeIDE/plugins/com.st.stm32cube.ide.mcu.externaltools.gnu-tools-for-stm32.13.3.rel1.linux64_1.0.100.202509120712/tools/bin/../lib/gcc/arm-none-eabi/13.3.1/../../../../arm-none-eabi/lib/thumb/v7e-m+fp/hard/libc_nano.a(libc_a-mprec.o)
                                 0x11 (size before relaxing)
 .rodata.p05.0  0x0800c758        0xc /home/leonas/User/SourceFile/CubeIDE/plugins/com.st.stm32cube.ide.mcu.externaltools.gnu-tools-for-stm32.13.3.rel1.linux64_1.0.100.202509120712/tools/bin/../lib/gcc/arm-none-eabi/13.3.1/../../../../arm-none-eabi/lib/thumb/v7e-m+fp/hard/libc_nano.a(libc_a-mprec.o)
 *fill*         0x0800c764        0x4 
 .rodata.__mprec_bigtens
                0x0800c768       0x28 /home/leonas/User/SourceFile/CubeIDE/plugins/com.st.stm32cube.ide.mcu.externaltools.gnu-tools-for-stm32.13.3.rel1.linux64_1.0.100.202509120712/tools/bin/../lib/gcc/arm-none-eabi/13.3.1/../../../../arm-none-eabi/lib/thumb/v7e-m+fp/hard/libc_nano.a(libc_a-mprec.o)
                0x0800c768                __mprec_bigtens
 .rodata.__mprec_tens
                0x0800c790       0xc8 /home/leonas/User/SourceFile/CubeIDE/plugins/com.st.stm32cube.ide.mcu.externaltools.gnu-tools-for-stm32.13.3.rel1.linux64_1.0.100.202509120712/tools/bin/../lib/gcc/arm-none-eabi/13.3.1/../../../../arm-none-eabi/lib/thumb/v7e-m+fp/hard/libc_nano.a(libc_a-mprec.o)
                0x0800c790                __mprec_tens
 .rodata._ctype_
                0x0800c858      0x101 /home/leonas/User/SourceFile/CubeIDE/plugins/com.st.stm32cube.ide.mcu.externaltools.gnu-tools-for-stm32.13.3.rel1.linux64_1.0.100.202509120712/tools/bin/../lib/gcc/arm-none-eabi/13.3.1/../../../../arm-none-eabi/lib/thumb/v7e-m+fp/hard/libc_nano.a(libc_a-ctype_.o)
                0x0800c858                _ctype_
 .rodata._svfprintf_r.str1.1
                0x0800c959        0x0 /home/leonas/User/SourceFile/CubeIDE/plugins/com.st.stm32cube.ide.mcu.externaltools.gnu-tools-for-stm32.13.3.rel1.linux64_1.0.100.202509120712/tools/bin/../lib/gcc/arm-none-eabi/13.3.1/../../../../arm-none-eabi/lib/thumb/v7e-m+fp/hard/libc_nano.a(libc_a-nano-svfprintf.o)
                                 0x11 (size before relaxing)
 .rodata._vfprintf_r.str1.1
                0x0800c959        0x0 /home/leonas/User/SourceFile/CubeIDE/plugins/com.st.stm32cube.ide.mcu.externaltools.gnu-tools-for-stm32.13.3.rel1.linux64_1.0.100.202509120712/tools/bin/../lib/gcc/arm-none-eabi/13.3.1/../../../../arm-none-eabi/lib/thumb/v7e-m+fp/hard/libc_nano.a(libc_a-nano-vfprintf.o)
                                 0x11 (size before relaxing)
 .rodata.__assert_func.str1.1
                0x0800c959        0x0 /home/leonas/User/SourceFile/CubeIDE/plugins/com.st.stm32cube.ide.mcu.externaltools.gnu-tools-for-stm32.13.3.rel1.linux64_1.0.100.202509120712/tools/bin/../lib/gcc/arm-none-eabi/13.3.1/../../../../arm-none-eabi/lib/thumb/v7e-m+fp/hard/libc_nano.a(libc_a-assert.o)
                                 0x3d (size before relaxing)
                0x0800c95c                        . = ALIGN (0x4)
 *fill*         0x0800c959        0x3 

.ARM.extab      0x0800c95c        0x0
                0x0800c95c                        . = ALIGN (0x4)
 *(.ARM.extab* .gnu.linkonce.armextab.*)
                0x0800c95c                        . = ALIGN (0x4)

.ARM            0x0800c95c        0x8
                0x0800c95c                        . = ALIGN (0x4)
                0x0800c95c                        __exidx_start = .
 *(.ARM.exidx*)
 .ARM.exidx     0x0800c95c        0x8 /home/leonas/User/SourceFile/CubeIDE/plugins/com.st.stm32cube.ide.mcu.externaltools.gnu-tools-for-stm32.13.3.rel1.linux64_1.0.100.202509120712/tools/bin/../lib/gcc/arm-none-eabi/13.3.1/../../../../arm-none-eabi/lib/thumb/v7e-m+fp/hard/libc_nano.a(libc_a-memchr.o)
 .ARM.exidx     0x0800c964        0x0 /home/leonas/User/SourceFile/CubeIDE/plugins/com.st.stm32cube.ide.mcu.externaltools.gnu-tools-for-stm32.13.3.rel1.linux64_1.0.100.202509120712/tools/bin/../lib/gcc/arm-none-eabi/13.3.1/../../../../arm-none-eabi/lib/thumb/v7e-m+fp/hard/libc_nano.a(libc_a-strlen.o)
                                  0x8 (size before relaxing)
 .ARM.exidx     0x0800c964        0x0 /home/leonas/User/SourceFile/CubeIDE/plugins/com.st.stm32cube.ide.mcu.externaltools.gnu-tools-for-stm32.13.3.rel1.linux64_1.0.100.202509120712/tools/bin/../lib/gcc/arm-none-eabi/13.3.1/thumb/v7e-m+fp/hard/libgcc.a(_udivmoddi4.o)
                                  0x8 (size before relaxing)
                0x0800c964                        __exidx_end = .
                0x0800c964                        . = ALIGN (0x4)

.preinit_array  0x0800c964        0x0
                0x0800c964                        . = ALIGN (0x4)
                0x0800c964                        PROVIDE (__preinit_array_start = .)
 *(.preinit_array*)
                0x0800c964                        PROVIDE (__preinit_array_end = .)
                0x0800c964                        . = ALIGN (0x4)

.init_array     0x0800c964        0x4
                0x0800c964                        . = ALIGN (0x4)
                0x0800c964                        PROVIDE (__init_array_start = .)
 *(SORT_BY_NAME(.init_array.*))
 *(.init_array*)
 .init_array    0x0800c964        0x4 /home/leonas/User/SourceFile/CubeIDE/plugins/com.st.stm32cube.ide.mcu.externaltools.gnu-tools-for-stm32.13.3.rel1.linux64_1.0.100.202509120712/tools/bin/../lib/gcc/arm-none-eabi/13.3.1/thumb/v7e-m+fp/hard/crtbegin.o
                0x0800c968                        PROVIDE (__init_array_end = .)
                0x0800c968                        . = ALIGN (0x4)

.fini_array     0x0800c968        0x4
                0x0800c968                        . = ALIGN (0x4)
                [!provide]                        PROVIDE (__fini_array_start = .)
 *(SORT_BY_NAME(.fini_array.*))
 *(.fini_array*)
 .fini_array    0x0800c968        0x4 /home/leonas/User/SourceFile/CubeIDE/plugins/com.st.stm32cube.ide.mcu.externaltools.gnu-tools-for-stm32.13.3.rel1.linux64_1.0.100.202509120712/tools/bin/../lib/gcc/arm-none-eabi/13.3.1/thumb/v7e-m+fp/hard/crtbegin.o
                [!provide]                        PROVIDE (__fini_array_end = .)
                0x0800c96c                        . = ALIGN (0x4)
                0x0800c96c                        _sidata = LOADADDR (.data)

.rel.dyn        0x0800c96c        0x0
 .rel.iplt      0x0800c96c        0x0 /home/leonas/User/SourceFile/CubeIDE/plugins/com.st.stm32cube.ide.mcu.externaltools.gnu-tools-for-stm32.13.3.rel1.linux64_1.0.100.202509120712/tools/bin/../lib/gcc/arm-none-eabi/13.3.1/thumb/v7e-m+fp/hard/crtbegin.o

.data           0x20000000      0x20c load address 0x0800c96c
                0x20000000                        . = ALIGN (0x4)
                0x20000000                        _sdata = .
 *(.data)
 *(.data*)
 .data.g_kp     0x20000000        0x4 ./Core/Src/main.o
 .data.g_kd     0x20000004        0x4 ./Core/Src/main.o
 .data.g_base_speed
                0x20000008        0x1 ./Core/Src/main.o
 .data.g_turn_lost
                0x20000009        0x1 ./Core/Src/main.o
 .data.g_manual_speed
                0x2000000a        0x1 ./Core/Src/main.o
 *fill*         0x2000000b        0x1 
 .data.g_manual_timeout
                0x2000000c        0x4 ./Core/Src/main.o
 .data.g_w_outer
                0x20000010        0x4 ./Core/Src/main.o
 .data.g_w_inner
                0x20000014        0x4 ./Core/Src/main.o
 .data.g_cl_kp  0x20000018        0x4 ./Core/Src/main.o
 .data.g_cl_kd  0x2000001c        0x4 ./Core/Src/main.o
 .data.g_ir_threshold
                0x20000020        0x2 ./Core/Src/main.o
 *fill*         0x20000022        0x2 
 .data.g_state  0x20000024       0x14 ./Core/Src/main.o
 .data.SystemCoreClock
                0x20000038        0x4 ./Core/Src/system_stm32f4xx.o
                0x20000038                SystemCoreClock
 .data.uwTickPrio
                0x2000003c        0x4 ./Drivers/STM32F4xx_HAL_Driver/Src/stm32f4xx_hal.o
                0x2000003c                uwTickPrio
 .data.uwTickFreq
                0x20000040        0x1 ./Drivers/STM32F4xx_HAL_Driver/Src/stm32f4xx_hal.o
                0x20000040                uwTickFreq
 *fill*         0x20000041        0x3 
 .data.__sglue  0x20000044        0xc /home/leonas/User/SourceFile/CubeIDE/plugins/com.st.stm32cube.ide.mcu.externaltools.gnu-tools-for-stm32.13.3.rel1.linux64_1.0.100.202509120712/tools/bin/../lib/gcc/arm-none-eabi/13.3.1/../../../../arm-none-eabi/lib/thumb/v7e-m+fp/hard/libc_nano.a(libc_a-findfp.o)
                0x20000044                __sglue
 .data.__global_locale
                0x20000050      0x16c /home/leonas/User/SourceFile/CubeIDE/plugins/com.st.stm32cube.ide.mcu.externaltools.gnu-tools-for-stm32.13.3.rel1.linux64_1.0.100.202509120712/tools/bin/../lib/gcc/arm-none-eabi/13.3.1/../../../../arm-none-eabi/lib/thumb/v7e-m+fp/hard/libc_nano.a(libc_a-locale.o)
                0x20000050                __global_locale
 .data._impure_ptr
                0x200001bc        0x4 /home/leonas/User/SourceFile/CubeIDE/plugins/com.st.stm32cube.ide.mcu.externaltools.gnu-tools-for-stm32.13.3.rel1.linux64_1.0.100.202509120712/tools/bin/../lib/gcc/arm-none-eabi/13.3.1/../../../../arm-none-eabi/lib/thumb/v7e-m+fp/hard/libc_nano.a(libc_a-impure.o)
                0x200001bc                _impure_ptr
 .data._impure_data
                0x200001c0       0x4c /home/leonas/User/SourceFile/CubeIDE/plugins/com.st.stm32cube.ide.mcu.externaltools.gnu-tools-for-stm32.13.3.rel1.linux64_1.0.100.202509120712/tools/bin/../lib/gcc/arm-none-eabi/13.3.1/../../../../arm-none-eabi/lib/thumb/v7e-m+fp/hard/libc_nano.a(libc_a-impure.o)
                0x200001c0                _impure_data
 *(.RamFunc)
 *(.RamFunc*)
                0x2000020c                        . = ALIGN (0x4)
                0x2000020c                        _edata = .

.igot.plt       0x2000020c        0x0 load address 0x0800cb78
 .igot.plt      0x2000020c        0x0 /home/leonas/User/SourceFile/CubeIDE/plugins/com.st.stm32cube.ide.mcu.externaltools.gnu-tools-for-stm32.13.3.rel1.linux64_1.0.100.202509120712/tools/bin/../lib/gcc/arm-none-eabi/13.3.1/thumb/v7e-m+fp/hard/crtbegin.o
                0x2000020c                        . = ALIGN (0x4)

.bss            0x2000020c      0x3fc load address 0x0800cb78
                0x2000020c                        _sbss = .
                0x2000020c                        __bss_start__ = _sbss
 *(.bss)
 .bss           0x2000020c       0x1c /home/leonas/User/SourceFile/CubeIDE/plugins/com.st.stm32cube.ide.mcu.externaltools.gnu-tools-for-stm32.13.3.rel1.linux64_1.0.100.202509120712/tools/bin/../lib/gcc/arm-none-eabi/13.3.1/thumb/v7e-m+fp/hard/crtbegin.o
 *(.bss*)
 .bss.htim2     0x20000228       0x48 ./Core/Src/main.o
                0x20000228                htim2
 .bss.htim3     0x20000270       0x48 ./Core/Src/main.o
                0x20000270                htim3
 .bss.htim4     0x200002b8       0x48 ./Core/Src/main.o
                0x200002b8                htim4
 .bss.huart1    0x20000300       0x48 ./Core/Src/main.o
                0x20000300                huart1
 .bss.huart2    0x20000348       0x48 ./Core/Src/main.o
                0x20000348                huart2
 .bss.hadc1     0x20000390       0x48 ./Core/Src/main.o
                0x20000390                hadc1
 .bss.hdma_adc1
                0x200003d8       0x60 ./Core/Src/main.o
                0x200003d8                hdma_adc1
 .bss.g_ki      0x20000438        0x4 ./Core/Src/main.o
 .bss.g_bias_a  0x2000043c        0x4 ./Core/Src/main.o
 .bss.g_bias_b  0x20000440        0x4 ./Core/Src/main.o
 .bss.g_cl_enabled
                0x20000444        0x1 ./Core/Src/main.o
 *fill*         0x20000445        0x3 
 .bss.g_error   0x20000448        0x4 ./Core/Src/main.o
 .bss.g_last_error
                0x2000044c        0x4 ./Core/Src/main.o
 .bss.g_integral
                0x20000450        0x4 ./Core/Src/main.o
 .bss.g_last_pid_time
                0x20000454        0x4 ./Core/Src/main.o
 .bss.g_adc_buf
                0x20000458        0xa ./Core/Src/main.o
 .bss.g_ir_L2   0x20000462        0x2 ./Core/Src/main.o
 .bss.g_ir_L1   0x20000464        0x2 ./Core/Src/main.o
 .bss.g_ir_C    0x20000466        0x2 ./Core/Src/main.o
 .bss.g_ir_R1   0x20000468        0x2 ./Core/Src/main.o
 .bss.g_ir_R2   0x2000046a        0x2 ./Core/Src/main.o
 .bss.g_enc_left_prev
                0x2000046c        0x4 ./Core/Src/main.o
 .bss.g_enc_right_prev
                0x20000470        0x4 ./Core/Src/main.o
 .bss.g_rpm_left
                0x20000474        0x4 ./Core/Src/main.o
 .bss.g_rpm_right
                0x20000478        0x4 ./Core/Src/main.o
 .bss.g_speed_last_tick
                0x2000047c        0x4 ./Core/Src/main.o
 .bss.g_cl_error_prev
                0x20000480        0x4 ./Core/Src/main.o
 .bss.g_cl_correction
                0x20000484        0x4 ./Core/Src/main.o
 .bss.g_bt_rx_byte
                0x20000488        0x1 ./Core/Src/main.o
 *fill*         0x20000489        0x3 
 .bss.g_bt_cmd_buf
                0x2000048c       0x10 ./Core/Src/main.o
 .bss.g_bt_cmd_len
                0x2000049c        0x1 ./Core/Src/main.o
 .bss.g_running
                0x2000049d        0x1 ./Core/Src/main.o
                0x2000049d                g_running
 *fill*         0x2000049e        0x2 
 .bss.g_btn_last_tick
                0x200004a0        0x4 ./Core/Src/main.o
                0x200004a0                g_btn_last_tick
 .bss.g_mode    0x200004a4        0x1 ./Core/Src/main.o
                0x200004a4                g_mode
 *fill*         0x200004a5        0x3 
 .bss.g_bt_last_cmd_tick
                0x200004a8        0x4 ./Core/Src/main.o
                0x200004a8                g_bt_last_cmd_tick
 .bss.g_manual_active
                0x200004ac        0x1 ./Core/Src/main.o
                0x200004ac                g_manual_active
 .bss.g_tuning  0x200004ad        0x1 ./Core/Src/main.o
                0x200004ad                g_tuning
 .bss.g_resume_run
                0x200004ae        0x1 ./Core/Src/main.o
 .bss.g_spd_A   0x200004af        0x1 ./Core/Src/main.o
 .bss.g_spd_B   0x200004b0        0x1 ./Core/Src/main.o
 *fill*         0x200004b1        0x3 
 .bss.__sbrk_heap_end
                0x200004b4        0x4 ./Core/Src/sysmem.o
 .bss.uwTick    0x200004b8        0x4 ./Drivers/STM32F4xx_HAL_Driver/Src/stm32f4xx_hal.o
                0x200004b8                uwTick
 .bss.__sf      0x200004bc      0x138 /home/leonas/User/SourceFile/CubeIDE/plugins/com.st.stm32cube.ide.mcu.externaltools.gnu-tools-for-stm32.13.3.rel1.linux64_1.0.100.202509120712/tools/bin/../lib/gcc/arm-none-eabi/13.3.1/../../../../arm-none-eabi/lib/thumb/v7e-m+fp/hard/libc_nano.a(libc_a-findfp.o)
                0x200004bc                __sf
 .bss.__stdio_exit_handler
                0x200005f4        0x4 /home/leonas/User/SourceFile/CubeIDE/plugins/com.st.stm32cube.ide.mcu.externaltools.gnu-tools-for-stm32.13.3.rel1.linux64_1.0.100.202509120712/tools/bin/../lib/gcc/arm-none-eabi/13.3.1/../../../../arm-none-eabi/lib/thumb/v7e-m+fp/hard/libc_nano.a(libc_a-findfp.o)
                0x200005f4                __stdio_exit_handler
 .bss.errno     0x200005f8        0x4 /home/leonas/User/SourceFile/CubeIDE/plugins/com.st.stm32cube.ide.mcu.externaltools.gnu-tools-for-stm32.13.3.rel1.linux64_1.0.100.202509120712/tools/bin/../lib/gcc/arm-none-eabi/13.3.1/../../../../arm-none-eabi/lib/thumb/v7e-m+fp/hard/libc_nano.a(libc_a-reent.o)
                0x200005f8                errno
 .bss.__lock___malloc_recursive_mutex