Archive member included to satisfy reference by file (symbol)

/home/leonas/User/SourceFile/CubeIDE/plugins/com.st.stm32cube.ide.mcu.externaltools.gnu-tools-for-stm32.13.3.rel1.linux64_1.0.100.202509120712/tools/bin/../lib/gcc/arm-none-eabi/13.3.1/../../../../arm-none-eabi/lib/thumb/v7e-m+fp/hard/libc_nano.a(libc_a-atof.o)
                              ./Core/Src/main.o (atof)
/home/leonas/User/SourceFile/CubeIDE/plugins/com.st.stm32cube.ide.mcu.externaltools.gnu-tools-for-stm32.13.3.rel1.linux64_1.0.100.202509120712/tools/bin/../lib/gcc/arm-none-eabi/13.3.1/../../../../arm-none-eabi/lib/thumb/v7e-m+fp/hard/libc_nano.a(libc_a-exit.o)
                              /home/leonas/User/SourceFile/CubeIDE/plugins/com.st.stm32cube.ide.mcu.externaltools.gnu-tools-for-stm32.13.3.rel1.linux64_1.0.100.202509120712/tools/bin/../lib/gcc/arm-none-eabi/13.3.1/../../../../arm-none-eabi/lib/thumb/v7e-m+fp/hard/crt0.o (exit)
/home/leonas/User/SourceFile/CubeIDE/plugins/com.st.stm32cube.ide.mcu.externaltools.gnu-tools-for-stm32.13.3.rel1.linux64_1.0.100.202509120712/tools/bin/../lib/gcc/arm-none-eabi/13.3.1/../../../../arm-none-eabi/lib/thumb/v7e-m+fp/hard/libc_nano.a(libc_a-strtod.o)
                              /home/leonas/User/SourceFile/CubeIDE/plugins/com.st.stm32cube.ide.mcu.externaltools.gnu-tools-for-stm32.13.3.rel1.linux64_1.0.100.202509120712/tools/bin/../lib/gcc/arm-none-eabi/13.3.1/../../../../arm-none-eabi/lib/thumb/v7e-m+fp/hard/libc_nano.a(libc_a-atof.o) (strtod)
/home/leonas/User/SourceFile/CubeIDE/plugins/com.st.stm32cube.ide.mcu.externaltools.gnu-tools-for-stm32.13.3.rel1.linux64_1.0.100.202509120712/tools/bin/../lib/gcc/arm-none-eabi/13.3.1/../../../../arm-none-eabi/lib/thumb/v7e-m+fp/hard/libc_nano.a(libc_a-nano-vfprintf_float.o)
                              (_printf_float)
/home/leonas/User/SourceFile/CubeIDE/plugins/com.st.stm32cube.ide.mcu.externaltools.gnu-tools-for-stm32.13.3.rel1.linux64_1.0.100.202509120712/tools/bin/../lib/gcc/arm-none-eabi/13.3.1/../../../../arm-none-eabi/lib/thumb/v7e-m+fp/hard/libc_nano.a(libc_a-nano-vfprintf_i.o)
                              /home/leonas/User/SourceFile/CubeIDE/plugins/com.st.stm32cube.ide.mcu.externaltools.gnu-tools-for-stm32.13.3.rel1.linux64_1.0.100.202509120712/tools/bin/../lib/gcc/arm-none-eabi/13.3.1/../../../../arm-none-eabi/lib/thumb/v7e-m+fp/hard/libc_nano.a(libc_a-nano-vfprintf_float.o) (_printf_common)
/home/leonas/User/SourceFile/CubeIDE/plugins/com.st.stm32cube.ide.mcu.externaltools.gnu-tools-for-stm32.13.3.rel1.linux64_1.0.100.202509120712/tools/bin/../lib/gcc/arm-none-eabi/13.3.1/../../../../arm-none-eabi/lib/thumb/v7e-m+fp/hard/libc_nano.a(libc_a-findfp.o)
                              /home/leonas/User/SourceFile/CubeIDE/plugins/com.st.stm32cube.ide.mcu.externaltools.gnu-tools-for-stm32.13.3.rel1.linux64_1.0.100.202509120712/tools/bin/../lib/gcc/arm-none-eabi/13.3.1/../../../../arm-none-eabi/lib/thumb/v7e-m+fp/hard/libc_nano.a(libc_a-exit.o) (__stdio_exit_handler)
/home/leonas/User/SourceFile/CubeIDE/plugins/com.st.stm32cube.ide.mcu.externaltools.gnu-tools-for-stm32.13.3.rel1.linux64_1.0.100.202509120712/tools/bin/../lib/gcc/arm-none-eabi/13.3.1/../../../../arm-none-eabi/lib/thumb/v7e-m+fp/hard/libc_nano.a(libc_a-fwalk.o)
                              /home/leonas/User/SourceFile/CubeIDE/plugins/com.st.stm32cube.ide.mcu.externaltools.gnu-tools-for-stm32.13.3.rel1.linux64_1.0.100.202509120712/tools/bin/../lib/gcc/arm-none-eabi/13.3.1/../../../../arm-none-eabi/lib/thumb/v7e-m+fp/hard/libc_nano.a(libc_a-findfp.o) (_fwalk_sglue)
/home/leonas/User/SourceFile/CubeIDE/plugins/com.st.stm32cube.ide.mcu.externaltools.gnu-tools-for-stm32.13.3.rel1.linux64_1.0.100.202509120712/tools/bin/../lib/gcc/arm-none-eabi/13.3.1/../../../../arm-none-eabi/lib/thumb/v7e-m+fp/hard/libc_nano.a(libc_a-printf.o)
                              ./Core/Src/main.o (printf)
/home/leonas/User/SourceFile/CubeIDE/plugins/com.st.stm32cube.ide.mcu.externaltools.gnu-tools-for-stm32.13.3.rel1.linux64_1.0.100.202509120712/tools/bin/../lib/gcc/arm-none-eabi/13.3.1/../../../../arm-none-eabi/lib/thumb/v7e-m+fp/hard/libc_nano.a(libc_a-puts.o)
                              ./Core/Src/main.o (puts)
/home/leonas/User/SourceFile/CubeIDE/plugins/com.st.stm32cube.ide.mcu.externaltools.gnu-tools-for-stm32.13.3.rel1.linux64_1.0.100.202509120712/tools/bin/../lib/gcc/arm-none-eabi/13.3.1/../../../../arm-none-eabi/lib/thumb/v7e-m+fp/hard/libc_nano.a(libc_a-snprintf.o)
                              ./Core/Src/main.o (snprintf)
/home/leonas/User/SourceFile/CubeIDE/plugins/com.st.stm32cube.ide.mcu.externaltools.gnu-tools-for-stm32.13.3.rel1.linux64_1.0.100.202509120712/tools/bin/../lib/gcc/arm-none-eabi/13.3.1/../../../../arm-none-eabi/lib/thumb/v7e-m+fp/hard/libc_nano.a(libc_a-stdio.o)
[...]
Memory Configuration

Name             Origin             Length             Attributes
RAM              0x20000000         0x00018000         xrw
FLASH            0x08000000         0x00080000         xr
*default*        0x00000000         0xffffffff

Linker script and memory map

LOAD /home/leonas/User/SourceFile/CubeIDE/plugins/com.st.stm32cube.ide.mcu.externaltools.gnu-tools-for-stm32.13.3.rel1.linux64_1.0.100.202509120712/tools/bin/../lib/gcc/arm-none-eabi/13.3.1/thumb/v7e-m+fp/hard/crti.o
LOAD /home/leonas/User/SourceFile/CubeIDE/plugins/com.st.stm32cube.ide.mcu.externaltools.gnu-tools-for-stm32.13.3.rel1.linux64_1.0.100.202509120712/tools/bin/../lib/gcc/arm-none-eabi/13.3.1/thumb/v7e-m+fp/hard/crtbegin.o
LOAD /home/leonas/User/SourceFile/CubeIDE/plugins/com.st.stm32cube.ide.mcu.externaltools.gnu-tools-for-stm32.13.3.rel1.linux64_1.0.100.202509120712/tools/bin/../lib/gcc/arm-none-eabi/13.3.1/../../../../arm-none-eabi/lib/thumb/v7e-m+fp/hard/crt0.o
LOAD ./Core/Src/main.o
LOAD ./Core/Src/stm32f4xx_hal_msp.o
LOAD ./Core/Src/stm32f4xx_it.o
LOAD ./Core/Src/syscalls.o
LOAD ./Core/Src/sysmem.o
LOAD ./Core/Src/system_stm32f4xx.o
LOAD ./Core/Startup/startup_stm32f401retx.o
LOAD ./Drivers/STM32F4xx_HAL_Driver/Src/stm32f4xx_hal.o
LOAD ./Drivers/STM32F4xx_HAL_Driver/Src/stm32f4xx_hal_adc.o
LOAD ./Drivers/STM32F4xx_HAL_Driver/Src/stm32f4xx_hal_adc_ex.o
LOAD ./Drivers/STM32F4xx_HAL_Driver/Src/stm32f4xx_hal_cortex.o
LOAD ./Drivers/STM32F4xx_HAL_Driver/Src/stm32f4xx_hal_dma.o
LOAD ./Drivers/STM32F4xx_HAL_Driver/Src/stm32f4xx_hal_dma_ex.o
LOAD ./Drivers/STM32F4xx_HAL_Driver/Src/stm32f4xx_hal_exti.o
LOAD ./Drivers/STM32F4xx_HAL_Driver/Src/stm32f4xx_hal_flash.o
LOAD ./Drivers/STM32F4xx_HAL_Driver/Src/stm32f4xx_hal_flash_ex.o
LOAD ./Drivers/STM32F4xx_HAL_Driver/Src/stm32f4xx_hal_flash_ramfunc.o
LOAD ./Drivers/STM32F4xx_HAL_Driver/Src/stm32f4xx_hal_gpio.o
LOAD ./Drivers/STM32F4xx_HAL_Driver/Src/stm32f4xx_hal_pwr.o
LOAD ./Drivers/STM32F4xx_HAL_Driver/Src/stm32f4xx_hal_pwr_ex.o
LOAD ./Drivers/STM32F4xx_HAL_Driver/Src/stm32f4xx_hal_rcc.o
LOAD ./Drivers/STM32F4xx_HAL_Driver/Src/stm32f4xx_hal_rcc_ex.o
LOAD ./Drivers/STM32F4xx_HAL_Driver/Src/stm32f4xx_hal_tim.o
LOAD ./Drivers/STM32F4xx_HAL_Driver/Src/stm32f4xx_hal_tim_ex.o
LOAD ./Drivers/STM32F4xx_HAL_Driver/Src/stm32f4xx_hal_uart.o
START GROUP
LOAD /home/leonas/User/SourceFile/CubeIDE/plugins/com.st.stm32cube.ide.mcu.externaltools.gnu-tools-for-stm32.13.3.rel1.linux64_1.0.100.202509120712/tools/bin/../lib/gcc/arm-none-eabi/13.3.1/../../../../arm-none-eabi/lib/thumb/v7e-m+fp/hard/libc_nano.a
LOAD /home/leonas/User/SourceFile/CubeIDE/plugins/com.st.stm32cube.ide.mcu.externaltools.gnu-tools-for-stm32.13.3.rel1.linux64_1.0.100.202509120712/tools/bin/../lib/gcc/arm-none-eabi/13.3.1/../../../../arm-none-eabi/lib/thumb/v7e-m+fp/hard/libm.a
END GROUP
START GROUP
LOAD /home/leonas/User/SourceFile/CubeIDE/plugins/com.st.stm32cube.ide.mcu.externaltools.gnu-tools-for-stm32.13.3.rel1.linux64_1.0.100.202509120712/tools/bin/../lib/gcc/arm-none-eabi/13.3.1/thumb/v7e-m+fp/hard/libgcc.a
LOAD /home/leonas/User/SourceFile/CubeIDE/plugins/com.st.stm32cube.ide.mcu.externaltools.gnu-tools-for-stm32.13.3.rel1.linux64_1.0.100.202509120712/tools/bin/../lib/gcc/arm-none-eabi/13.3.1/../../../../arm-none-eabi/lib/thumb/v7e-m+fp/hard/libc_nano.a
END GROUP
START GROUP
LOAD /home/leonas/User/SourceFile/CubeIDE/plugins/com.st.stm32cube.ide.mcu.externaltools.gnu-tools-for-stm32.13.3.rel1.linux64_1.0.100.202509120712/tools/bin/../lib/gcc/arm-none-eabi/13.3.1/thumb/v7e-m+fp/hard/libgcc.a
LOAD /home/leonas/User/SourceFile/CubeIDE/plugins/com.st.stm32cube.ide.mcu.externaltools.gnu-tools-for-stm32.13.3.rel1.linux64_1.0.100.202509120712/tools/bin/../lib/gcc/arm-none-eabi/13.3.1/../../../../arm-none-eabi/lib/thumb/v7e-m+fp/hard/libc_nano.a
LOAD /home/leonas/User/SourceFile/CubeIDE/plugins/com.st.stm32cube.ide.mcu.externaltools.gnu-tools-for-stm32.13.3.rel1.linux64_1.0.100.202509120712/tools/bin/../lib/gcc/arm-none-eabi/13.3.1/../../../../arm-none-eabi/lib/thumb/v7e-m+fp/hard/libnosys.a
END GROUP
START GROUP
LOAD /home/leonas/User/SourceFile/CubeIDE/plugins/com.st.stm32cube.ide.mcu.externaltools.gnu-tools-for-stm32.13.3.rel1.linux64_1.0.100.202509120712/tools/bin/../lib/gcc/arm-none-eabi/13.3.1/thumb/v7e-m+fp/hard/libgcc.a
LOAD /home/leonas/User/SourceFile/CubeIDE/plugins/com.st.stm32cube.ide.mcu.externaltools.gnu-tools-for-stm32.13.3.rel1.linux64_1.0.100.202509120712/tools/bin/../lib/gcc/arm-none-eabi/13.3.1/../../../../arm-none-eabi/lib/thumb/v7e-m+fp/hard/libc_nano.a
LOAD /home/leonas/User/SourceFile/CubeIDE/plugins/com.st.stm32cube.ide.mcu.externaltools.gnu-tools-for-stm32.13.3.rel1.linux64_1.0.100.202509120712/tools/bin/../lib/gcc/arm-none-eabi/13.3.1/../../../../arm-none-eabi/lib/thumb/v7e-m+fp/hard/libnosys.a
END GROUP
LOAD /home/leonas/User/SourceFile/CubeIDE/plugins/com.st.stm32cube.ide.mcu.externaltools.gnu-tools-for-stm32.13.3.rel1.linux64_1.0.100.202509120712/tools/bin/../lib/gcc/arm-none-eabi/13.3.1/thumb/v7e-m+fp/hard/crtend.o
LOAD /home/leonas/User/SourceFile/CubeIDE/plugins/com.st.stm32cube.ide.mcu.externaltools.gnu-tools-for-stm32.13.3.rel1.linux64_1.0.100.202509120712/tools/bin/../lib/gcc/arm-none-eabi/13.3.1/thumb/v7e-m+fp/hard/crtn.o
                0x20018000                        _estack = (ORIGIN (RAM) + LENGTH (RAM))
                0x00000200                        _Min_Heap_Size = 0x200
                0x00000400                        _Min_Stack_Size = 0x400

.isr_vector     0x08000000      0x194
                0x08000000                        . = ALIGN (0x4)
 *(.isr_vector)
 .isr_vector    0x08000000      0x194 ./Core/Startup/startup_stm32f401retx.o
                0x08000000                g_pfnVectors
                0x08000194                        . = ALIGN (0x4)

.text           0x080001a0     0xbcd0
                0x080001a0                        . = ALIGN (0x4)
 *(.text)
 .text          0x080001a0       0x40 /home/leonas/User/SourceFile/CubeIDE/plugins/com.st.stm32cube.ide.mcu.externaltools.gnu-tools-for-stm32.13.3.rel1.linux64_1.0.100.202509120712/tools/bin/../lib/gcc/arm-none-eabi/13.3.1/thumb/v7e-m+fp/hard/crtbegin.o
 .text          0x080001e0       0xa0 /home/leonas/User/SourceFile/CubeIDE/plugins/com.st.stm32cube.ide.mcu.externaltools.gnu-tools-for-stm32.13.3.rel1.linux64_1.0.100.202509120712/tools/bin/../lib/gcc/arm-none-eabi/13.3.1/../../../../arm-none-eabi/lib/thumb/v7e-m+fp/hard/libc_nano.a(libc_a-memchr.o)
                0x080001e0                memchr
 .text          0x08000280       0x10 /home/leonas/User/SourceFile/CubeIDE/plugins/com.st.stm32cube.ide.mcu.externaltools.gnu-tools-for-stm32.13.3.rel1.linux64_1.0.100.202509120712/tools/bin/../lib/gcc/arm-none-eabi/13.3.1/../../../../arm-none-eabi/lib/thumb/v7e-m+fp/hard/libc_nano.a(libc_a-strlen.o)
                0x08000280                strlen
 .text          0x08000290      0x378 /home/leonas/User/SourceFile/CubeIDE/plugins/com.st.stm32cube.ide.mcu.externaltools.gnu-tools-for-stm32.13.3.rel1.linux64_1.0.100.202509120712/tools/bin/../lib/gcc/arm-none-eabi/13.3.1/thumb/v7e-m+fp/hard/libgcc.a(_arm_addsubdf3.o)
                0x08000290                __aeabi_drsub
                0x08000298                __aeabi_dsub
                0x08000298                __subdf3
                0x0800029c                __adddf3
                0x0800029c                __aeabi_dadd
                0x08000514                __aeabi_ui2d
                0x08000514                __floatunsidf
                0x08000534                __floatsidf
                0x08000534                __aeabi_i2d
                0x08000558                __extendsfdf2
                0x08000558                __aeabi_f2d
                0x0800059c                __aeabi_ul2d
                0x0800059c                __floatundidf
                0x080005ac                __floatdidf
                0x080005ac                __aeabi_l2d
 .text          0x08000608      0x424 /home/leonas/User/SourceFile/CubeIDE/plugins/com.st.stm32cube.ide.mcu.externaltools.gnu-tools-for-stm32.13.3.rel1.linux64_1.0.100.202509120712/tools/bin/../lib/gcc/arm-none-eabi/13.3.1/thumb/v7e-m+fp/hard/libgcc.a(_arm_muldivdf3.o)
                0x08000608                __aeabi_dmul
                0x08000608                __muldf3
                0x0800085c                __aeabi_ddiv
                0x0800085c                __divdf3
 .text          0x08000a2c      0x110 /home/leonas/User/SourceFile/CubeIDE/plugins/com.st.stm32cube.ide.mcu.externaltools.gnu-tools-for-stm32.13.3.rel1.linux64_1.0.100.202509120712/tools/bin/../lib/gcc/arm-none-eabi/13.3.1/thumb/v7e-m+fp/hard/libgcc.a(_arm_cmpdf2.o)
                0x08000a2c                __gtdf2
                0x08000a2c                __gedf2
                0x08000a34                __ltdf2
                0x08000a34                __ledf2
                0x08000a3c                __cmpdf2
                0x08000a3c                __eqdf2
                0x08000a3c                __nedf2
                0x08000ab8                __aeabi_cdrcmple
                0x08000ac8                __aeabi_cdcmple
                0x08000ac8                __aeabi_cdcmpeq
                0x08000ad8                __aeabi_dcmpeq
                0x08000aec                __aeabi_dcmplt
                0x08000b00                __aeabi_dcmple
                0x08000b14                __aeabi_dcmpge
                0x08000b28                __aeabi_dcmpgt
 .text          0x08000b3c       0x2c /home/leonas/User/SourceFile/CubeIDE/plugins/com.st.stm32cube.ide.mcu.externaltools.gnu-tools-for-stm32.13.3.rel1.linux64_1.0.100.202509120712/tools/bin/../lib/gcc/arm-none-eabi/13.3.1/thumb/v7e-m+fp/hard/libgcc.a(_arm_unorddf2.o)
                0x08000b3c                __aeabi_dcmpun
                0x08000b3c                __unorddf2
 .text          0x08000b68       0x50 /home/leonas/User/SourceFile/CubeIDE/plugins/com.st.stm32cube.ide.mcu.externaltools.gnu-tools-for-stm32.13.3.rel1.linux64_1.0.100.202509120712/tools/bin/../lib/gcc/arm-none-eabi/13.3.1/thumb/v7e-m+fp/hard/libgcc.a(_arm_fixdfsi.o)
                0x08000b68                __fixdfsi
                0x08000b68                __aeabi_d2iz
 .text          0x08000bb8       0x40 /home/leonas/User/SourceFile/CubeIDE/plugins/com.st.stm32cube.ide.mcu.externaltools.gnu-tools-for-stm32.13.3.rel1.linux64_1.0.100.202509120712/tools/bin/../lib/gcc/arm-none-eabi/13.3.1/thumb/v7e-m+fp/hard/libgcc.a(_arm_fixunsdfsi.o)
                0x08000bb8                __fixunsdfsi
                0x08000bb8                __aeabi_d2uiz
 .text          0x08000bf8       0xa0 /home/leonas/User/SourceFile/CubeIDE/plugins/com.st.stm32cube.ide.mcu.externaltools.gnu-tools-for-stm32.13.3.rel1.linux64_1.0.100.202509120712/tools/bin/../lib/gcc/arm-none-eabi/13.3.1/thumb/v7e-m+fp/hard/libgcc.a(_arm_truncdfsf2.o)
                0x08000bf8                __aeabi_d2f
                0x08000bf8                __truncdfsf2
 .text          0x08000c98       0x30 /home/leonas/User/SourceFile/CubeIDE/plugins/com.st.stm32cube.ide.mcu.externaltools.gnu-tools-for-stm32.13.3.rel1.linux64_1.0.100.202509120712/tools/bin/../lib/gcc/arm-none-eabi/13.3.1/thumb/v7e-m+fp/hard/libgcc.a(_aeabi_uldivmod.o)
                0x08000c98                __aeabi_uldivmod
 .text          0x08000cc8       0x30 /home/leonas/User/SourceFile/CubeIDE/plugins/com.st.stm32cube.ide.mcu.externaltools.gnu-tools-for-stm32.13.3.rel1.linux64_1.0.100.202509120712/tools/bin/../lib/gcc/arm-none-eabi/13.3.1/thumb/v7e-m+fp/hard/libgcc.a(_fixdfdi.o)
                0x08000cc8                __aeabi_d2lz
                0x08000cc8                __fixdfdi
 .text          0x08000cf8       0x3c /home/leonas/User/SourceFile/CubeIDE/plugins/com.st.stm32cube.ide.mcu.externaltools.gnu-tools-for-stm32.13.3.rel1.linux64_1.0.100.202509120712/tools/bin/../lib/gcc/arm-none-eabi/13.3.1/thumb/v7e-m+fp/hard/libgcc.a(_fixunsdfdi.o)
                0x08000cf8                __aeabi_d2ulz
                0x08000cf8                __fixunsdfdi
 .text          0x08000d34      0x2f8 /home/leonas/User/SourceFile/CubeIDE/plugins/com.st.stm32cube.ide.mcu.externaltools.gnu-tools-for-stm32.13.3.rel1.linux64_1.0.100.202509120712/tools/bin/../lib/gcc/arm-none-eabi/13.3.1/thumb/v7e-m+fp/hard/libgcc.a(_udivmoddi4.o)
                0x08000d34                __udivmoddi4
 .text          0x0800102c        0x4 /home/leonas/User/SourceFile/CubeIDE/plugins/com.st.stm32cube.ide.mcu.externaltools.gnu-tools-for-stm32.13.3.rel1.linux64_1.0.100.202509120712/tools/bin/../lib/gcc/arm-none-eabi/13.3.1/thumb/v7e-m+fp/hard/libgcc.a(_dvmd_tls.o)
                0x0800102c                __aeabi_ldiv0
                0x0800102c                __aeabi_idiv0
 *(.text*)
 .text.__io_putchar
                0x08001030       0x24 ./Core/Src/main.o
                0x08001030                __io_putchar
 .text.BT_Send  0x08001054       0x2c ./Core/Src/main.o
                0x08001054                BT_Send
 .text.TB6612_Enable
                0x08001080       0x18 ./Core/Src/main.o
                0x08001080                TB6612_Enable
 .text.MotorA_SetSpeed
                0x08001098      0x158 ./Core/Src/main.o
                0x08001098                MotorA_SetSpeed
 .text.MotorB_SetSpeed
                0x080011f0      0x144 ./Core/Src/main.o
                0x080011f0                MotorB_SetSpeed
 .text.Motors_Stop
                0x08001334       0x50 ./Core/Src/main.o
                0x08001334                Motors_Stop
 .text.Motors_Brake
                0x08001384       0x50 ./Core/Src/main.o
                0x08001384                Motors_Brake
 .text.ADC_UpdateIR
                0x080013d4      0x164 ./Core/Src/main.o
                0x080013d4                ADC_UpdateIR
 .text.Encoder_UpdateSpeed
                0x08001538      0x20c ./Core/Src/main.o
                0x08001538                Encoder_UpdateSpeed
 .text.ToggleRunning
                0x08001744      0x12c ./Core/Src/main.o
                0x08001744                ToggleRunning
 .text.LineFollow_PID
                0x08001870      0x770 ./Core/Src/main.o
                0x08001870                LineFollow_PID
 .text.Tuning_ResetDefaults
                0x08001fe0      0x128 ./Core/Src/main.o
                0x08001fe0                Tuning_ResetDefaults
 .text.BT_SendTuningMenu
                0x08002108      0x1d0 ./Core/Src/main.o
                0x08002108                BT_SendTuningMenu
 .text.EnterTuningMode
                0x080022d8       0x80 ./Core/Src/main.o
                0x080022d8                EnterTuningMode
 .text.ExitTuningMode
                0x08002358       0xf4 ./Core/Src/main.o
                0x08002358                ExitTuningMode
 .text.BT_ProcessCommand
                0x0800244c      0x544 ./Core/Src/main.o
                0x0800244c                BT_ProcessCommand
 .text.SetMode  0x08002990       0xc8 ./Core/Src/main.o
                0x08002990                SetMode
 .text.ManualDrive
                0x08002a58      0x1c8 ./Core/Src/main.o
                0x08002a58                ManualDrive
 .text.ManualTimeoutCheck
                0x08002c20       0x60 ./Core/Src/main.o
                0x08002c20                ManualTimeoutCheck
 .text.UART_PrintStatus
                0x08002c80      0x198 ./Core/Src/main.o
                0x08002c80                UART_PrintStatus
 .text.BT_SendStatus
                0x08002e18      0x148 ./Core/Src/main.o
                0x08002e18                BT_SendStatus
 .text.USART1_IRQHandler
                0x08002f60       0x14 ./Core/Src/main.o
                0x08002f60                USART1_IRQHandler
 .text.DMA2_Stream0_IRQHandler
                0x08002f74       0x14 ./Core/Src/main.o
                0x08002f74                DMA2_Stream0_IRQHandler
 .text.HAL_UART_RxCpltCallback
                0x08002f88      0x174 ./Core/Src/main.o
                0x08002f88                HAL_UART_RxCpltCallback
 .text.main     0x080030fc      0x1a4 ./Core/Src/main.o
                0x080030fc                main
 .text.SystemClock_Config
                0x080032a0       0xd8 ./Core/Src/main.o
                0x080032a0                SystemClock_Config
 .text.MX_DMA_Init
                0x08003378       0xac ./Core/Src/main.o
 .text.MX_ADC1_Init
                0x08003424      0x1b8 ./Core/Src/main.o
 .text.MX_TIM2_Init
                0x080035dc       0xf4 ./Core/Src/main.o
 .text.MX_TIM3_Init
                0x080036d0      0x150 ./Core/Src/main.o
 .text.MX_TIM4_Init
                0x08003820       0xf4 ./Core/Src/main.o
 .text.MX_USART1_UART_Init
                0x08003914       0xcc ./Core/Src/main.o
 .text.MX_USART2_UART_Init
                0x080039e0       0xc8 ./Core/Src/main.o
 .text.MX_GPIO_Init
                0x08003aa8      0x118 ./Core/Src/main.o
 .text.Error_Handler
                0x08003bc0        0xc ./Core/Src/main.o
                0x08003bc0                Error_Handler
 .text.HAL_MspInit
                0x08003bcc       0x50 ./Core/Src/stm32f4xx_hal_msp.o
                0x08003bcc                HAL_MspInit
 .text.HAL_ADC_MspInit
                0x08003c1c       0xf8 ./Core/Src/stm32f4xx_hal_msp.o
                0x08003c1c                HAL_ADC_MspInit
 .text.HAL_TIM_PWM_MspInit
                0x08003d14       0x44 ./Core/Src/stm32f4xx_hal_msp.o
                0x08003d14                HAL_TIM_PWM_MspInit
 .text.HAL_UART_MspInit
                0x08003d58       0xf8 ./Core/Src/stm32f4xx_hal_msp.o
                0x08003d58                HAL_UART_MspInit
 .text.NMI_Handler
                0x08003e50        0x8 ./Core/Src/stm32f4xx_it.o
                0x08003e50                NMI_Handler
 .text.HardFault_Handler
                0x08003e58        0x8 ./Core/Src/stm32f4xx_it.o
                0x08003e58                HardFault_Handler
 .text.MemManage_Handler
                0x08003e60        0x8 ./Core/Src/stm32f4xx_it.o
                0x08003e60                MemManage_Handler
 .text.BusFault_Handler
                0x08003e68        0x8 ./Core/Src/stm32f4xx_it.o
                0x08003e68                BusFault_Handler
 .text.UsageFault_Handler
                0x08003e70        0x8 ./Core/Src/stm32f4xx_it.o
                0x08003e70                UsageFault_Handler
 .text.SVC_Handler
                0x08003e78        0xe ./Core/Src/stm32f4xx_it.o
                0x08003e78                SVC_Handler
 .text.DebugMon_Handler
                0x08003e86        0xe ./Core/Src/stm32f4xx_it.o
                0x08003e86                DebugMon_Handler
 .text.PendSV_Handler
                0x08003e94        0xe ./Core/Src/stm32f4xx_it.o
                0x08003e94                PendSV_Handler
 .text.SysTick_Handler
                0x08003ea2        0xc ./Core/Src/stm32f4xx_it.o
                0x08003ea2                SysTick_Handler
 .text._getpid  0x08003eae       0x10 ./Core/Src/syscalls.o
                0x08003eae                _getpid
 .text._kill    0x08003ebe       0x20 ./Core/Src/syscalls.o
                0x08003ebe                _kill
 .text._exit    0x08003ede       0x16 ./Core/Src/syscalls.o
                0x08003ede                _exit
 .text._read    0x08003ef4       0x3a ./Core/Src/syscalls.o
                0x08003ef4                _read
 .text._write   0x08003f2e       0x38 ./Core/Src/syscalls.o
                0x08003f2e                _write
 .text._close   0x08003f66       0x18 ./Core/Src/syscalls.o
                0x08003f66                _close
 .text._fstat   0x08003f7e       0x20 ./Core/Src/syscalls.o
                0x08003f7e                _fstat
 .text._isatty  0x08003f9e       0x16 ./Core/Src/syscalls.o
                0x08003f9e                _isatty
 .text._lseek   0x08003fb4       0x1a ./Core/Src/syscalls.o
                0x08003fb4                _lseek
 *fill*         0x08003fce        0x2 
 .text._sbrk    0x08003fd0       0x6c ./Core/Src/sysmem.o
                0x08003fd0                _sbrk
 .text.SystemInit
                0x0800403c       0x24 ./Core/Src/system_stm32f4xx.o
                0x0800403c                SystemInit
 .text.Reset_Handler
                0x08004060       0x50 ./Core/Startup/startup_stm32f401retx.o
                0x08004060                Reset_Handler
 .text.Default_Handler
                0x080040b0        0x2 ./Core/Startup/startup_stm32f401retx.o
                0x080040b0                RTC_Alarm_IRQHandler
                0x080040b0                EXTI2_IRQHandler
                0x080040b0                SPI4_IRQHandler
                0x080040b0                TIM1_CC_IRQHandler
                0x080040b0                DMA2_Stream5_IRQHandler
                0x080040b0                DMA1_Stream5_IRQHandler
                0x080040b0                PVD_IRQHandler
                0x080040b0                SDIO_IRQHandler
                0x080040b0                TAMP_STAMP_IRQHandler
                0x080040b0                EXTI3_IRQHandler
                0x080040b0                TIM1_UP_TIM10_IRQHandler
                0x080040b0                I2C3_ER_IRQHandler
                0x080040b0                EXTI0_IRQHandler
                0x080040b0                I2C2_EV_IRQHandler
                0x080040b0                DMA1_Stream2_IRQHandler
                0x080040b0                FPU_IRQHandler
                0x080040b0                DMA2_Stream2_IRQHandler
                0x080040b0                SPI1_IRQHandler
                0x080040b0                TIM1_BRK_TIM9_IRQHandler
                0x080040b0                DMA2_Stream3_IRQHandler
                0x080040b0                USART6_IRQHandler
                0x080040b0                TIM4_IRQHandler
                0x080040b0                I2C1_EV_IRQHandler
                0x080040b0                DMA1_Stream6_IRQHandler
                0x080040b0                DMA1_Stream1_IRQHandler
                0x080040b0                TIM3_IRQHandler
                0x080040b0                RCC_IRQHandler
                0x080040b0                Default_Handler
                0x080040b0                EXTI15_10_IRQHandler
                0x080040b0                ADC_IRQHandler
                0x080040b0                DMA1_Stream7_IRQHandler
                0x080040b0                TIM5_IRQHandler
                0x080040b0                DMA2_Stream7_IRQHandler
                0x080040b0                I2C3_EV_IRQHandler
                0x080040b0                EXTI9_5_IRQHandler
                0x080040b0                RTC_WKUP_IRQHandler
                0x080040b0                SPI2_IRQHandler
                0x080040b0                DMA1_Stream0_IRQHandler
                0x080040b0                EXTI4_IRQHandler
                0x080040b0                WWDG_IRQHandler
                0x080040b0                TIM2_IRQHandler
                0x080040b0                OTG_FS_WKUP_IRQHandler
                0x080040b0                TIM1_TRG_COM_TIM11_IRQHandler
                0x080040b0                EXTI1_IRQHandler
                0x080040b0                USART2_IRQHandler
                0x080040b0                I2C2_ER_IRQHandler
                0x080040b0                DMA2_Stream1_IRQHandler
                0x080040b0                FLASH_IRQHandler
                0x080040b0                DMA2_Stream4_IRQHandler
                0x080040b0                OTG_FS_IRQHandler
                0x080040b0                SPI3_IRQHandler
                0x080040b0                DMA1_Stream4_IRQHandler
                0x080040b0                I2C1_ER_IRQHandler
                0x080040b0                DMA2_Stream6_IRQHandler
                0x080040b0                DMA1_Stream3_IRQHandler
 *fill*         0x080040b2        0x2 
 .text.HAL_Init
                0x080040b4       0x44 ./Drivers/STM32F4xx_HAL_Driver/Src/stm32f4xx_hal.o
                0x080040b4                HAL_Init
 .text.HAL_InitTick
                0x080040f8       0x60 ./Drivers/STM32F4xx_HAL_Driver/Src/stm32f4xx_hal.o
                0x080040f8                HAL_InitTick
 .text.HAL_IncTick
                0x08004158       0x28 ./Drivers/STM32F4xx_HAL_Driver/Src/stm32f4xx_hal.o
                0x08004158                HAL_IncTick
 .text.HAL_GetTick
                0x08004180       0x18 ./Drivers/STM32F4xx_HAL_Driver/Src/stm32f4xx_hal.o
                0x08004180                HAL_GetTick
 .text.HAL_ADC_Init
                0x08004198       0x86 ./Drivers/STM32F4xx_HAL_Driver/Src/stm32f4xx_hal_adc.o
                0x08004198                HAL_ADC_Init
 *fill*         0x0800421e        0x2 
 .text.HAL_ADC_Start_DMA
                0x08004220      0x1e8 ./Drivers/STM32F4xx_HAL_Driver/Src/stm32f4xx_hal_adc.o
                0x08004220                HAL_ADC_Start_DMA
 .text.HAL_ADC_ConvCpltCallback
                0x08004408       0x14 ./Drivers/STM32F4xx_HAL_Driver/Src/stm32f4xx_hal_adc.o
                0x08004408                HAL_ADC_ConvCpltCallback
 .text.HAL_ADC_ConvHalfCpltCallback
                0x0800441c       0x14 ./Drivers/STM32F4xx_HAL_Driver/Src/stm32f4xx_hal_adc.o
                0x0800441c                HAL_ADC_ConvHalfCpltCallback
 .text.HAL_ADC_ErrorCallback
                0x08004430       0x14 ./Drivers/STM32F4xx_HAL_Driver/Src/stm32f4xx_hal_adc.o
                0x08004430                HAL_ADC_ErrorCallback
 .text.HAL_ADC_ConfigChannel
                0x08004444      0x244 ./Drivers/STM32F4xx_HAL_Driver/Src/stm32f4xx_hal_adc.o
                0x08004444                HAL_ADC_ConfigChannel
 .text.ADC_Init
                0x08004688      0x1f8 ./Drivers/STM32F4xx_HAL_Driver/Src/stm32f4xx_hal_adc.o
 .text.ADC_DMAConvCplt
                0x08004880       0xba ./Drivers/STM32F4xx_HAL_Driver/Src/stm32f4xx_hal_adc.o
 .text.ADC_DMAHalfConvCplt
                0x0800493a       0x1c ./Drivers/STM32F4xx_HAL_Driver/Src/stm32f4xx_hal_adc.o
 .text.ADC_DMAError
                0x08004956       0x2e ./Drivers/STM32F4xx_HAL_Driver/Src/stm32f4xx_hal_adc.o
 .text.__NVIC_SetPriorityGrouping
                0x08004984       0x48 ./Drivers/STM32F4xx_HAL_Driver/Src/stm32f4xx_hal_cortex.o
 .text.__NVIC_GetPriorityGrouping
                0x080049cc       0x1c ./Drivers/STM32F4xx_HAL_Driver/Src/stm32f4xx_hal_cortex.o
 .text.__NVIC_EnableIRQ
                0x080049e8       0x3c ./Drivers/STM32F4xx_HAL_Driver/Src/stm32f4xx_hal_cortex.o
 .text.__NVIC_SetPriority
                0x08004a24       0x54 ./Drivers/STM32F4xx_HAL_Driver/Src/stm32f4xx_hal_cortex.o
 .text.NVIC_EncodePriority
                0x08004a78       0x66 ./Drivers/STM32F4xx_HAL_Driver/Src/stm32f4xx_hal_cortex.o
 *fill*         0x08004ade        0x2 
 .text.SysTick_Config
                0x08004ae0       0x44 ./Drivers/STM32F4xx_HAL_Driver/Src/stm32f4xx_hal_cortex.o
 .text.HAL_NVIC_SetPriorityGrouping
                0x08004b24       0x16 ./Drivers/STM32F4xx_HAL_Driver/Src/stm32f4xx_hal_cortex.o
                0x08004b24                HAL_NVIC_SetPriorityGrouping
 .text.HAL_NVIC_SetPriority
                0x08004b3a       0x38 ./Drivers/STM32F4xx_HAL_Driver/Src/stm32f4xx_hal_cortex.o
                0x08004b3a                HAL_NVIC_SetPriority
 .text.HAL_NVIC_EnableIRQ
                0x08004b72       0x1c ./Drivers/STM32F4xx_HAL_Driver/Src/stm32f4xx_hal_cortex.o
                0x08004b72                HAL_NVIC_EnableIRQ
 .text.HAL_SYSTICK_Config
                0x08004b8e       0x18 ./Drivers/STM32F4xx_HAL_Driver/Src/stm32f4xx_hal_cortex.o
                0x08004b8e                HAL_SYSTICK_Config
 *fill*         0x08004ba6        0x2 
 .text.HAL_DMA_Init
                0x08004ba8      0x15c ./Drivers/STM32F4xx_HAL_Driver/Src/stm32f4xx_hal_dma.o
                0x08004ba8                HAL_DMA_Init
 .text.HAL_DMA_Start_IT
                0x08004d04       0xb0 ./Drivers/STM32F4xx_HAL_Driver/Src/stm32f4xx_hal_dma.o
                0x08004d04                HAL_DMA_Start_IT
 .text.HAL_DMA_Abort
                0x08004db4       0xe0 ./Drivers/STM32F4xx_HAL_Driver/Src/stm32f4xx_hal_dma.o
                0x08004db4                HAL_DMA_Abort
 .text.HAL_DMA_Abort_IT
                0x08004e94       0x44 ./Drivers/STM32F4xx_HAL_Driver/Src/stm32f4xx_hal_dma.o
                0x08004e94                HAL_DMA_Abort_IT
 .text.HAL_DMA_IRQHandler
                0x08004ed8      0x314 ./Drivers/STM32F4xx_HAL_Driver/Src/stm32f4xx_hal_dma.o
                0x08004ed8                HAL_DMA_IRQHandler
 .text.DMA_SetConfig
                0x080051ec       0x5c ./Drivers/STM32F4xx_HAL_Driver/Src/stm32f4xx_hal_dma.o
 .text.DMA_CalcBaseAndBitshift
                0x08005248       0x6c ./Drivers/STM32F4xx_HAL_Driver/Src/stm32f4xx_hal_dma.o
 .text.DMA_CheckFifoParam
                0x080052b4       0xf8 ./Drivers/STM32F4xx_HAL_Driver/Src/stm32f4xx_hal_dma.o
 .text.HAL_GPIO_Init
                0x080053ac      0x308 ./Drivers/STM32F4xx_HAL_Driver/Src/stm32f4xx_hal_gpio.o
                0x080053ac                HAL_GPIO_Init
 .text.HAL_GPIO_WritePin
                0x080056b4       0x32 ./Drivers/STM32F4xx_HAL_Driver/Src/stm32f4xx_hal_gpio.o
                0x080056b4                HAL_GPIO_WritePin
 *fill*         0x080056e6        0x2 
 .text.HAL_RCC_OscConfig
                0x080056e8      0x4f0 ./Drivers/STM32F4xx_HAL_Driver/Src/stm32f4xx_hal_rcc.o
                0x080056e8                HAL_RCC_OscConfig
 .text.HAL_RCC_ClockConfig
                0x08005bd8      0x1cc ./Drivers/STM32F4xx_HAL_Driver/Src/stm32f4xx_hal_rcc.o
                0x08005bd8                HAL_RCC_ClockConfig
 .text.HAL_RCC_GetSysClockFreq
                0x08005da4      0x20c ./Drivers/STM32F4xx_HAL_Driver/Src/stm32f4xx_hal_rcc.o
                0x08005da4                HAL_RCC_GetSysClockFreq
 .text.HAL_RCC_GetHCLKFreq
                0x08005fb0       0x18 ./Drivers/STM32F4xx_HAL_Driver/Src/stm32f4xx_hal_rcc.o
                0x08005fb0                HAL_RCC_GetHCLKFreq
 .text.HAL_RCC_GetPCLK1Freq
                0x08005fc8       0x28 ./Drivers/STM32F4xx_HAL_Driver/Src/stm32f4xx_hal_rcc.o
                0x08005fc8                HAL_RCC_GetPCLK1Freq
 .text.HAL_RCC_GetPCLK2Freq
                0x08005ff0       0x28 ./Drivers/STM32F4xx_HAL_Driver/Src/stm32f4xx_hal_rcc.o
                0x08005ff0                HAL_RCC_GetPCLK2Freq
 .text.HAL_TIM_PWM_Init
                0x08006018       0x9e ./Drivers/STM32F4xx_HAL_Driver/Src/stm32f4xx_hal_tim.o
                0x08006018                HAL_TIM_PWM_Init
 *fill*         0x080060b6        0x2 
 .text.HAL_TIM_PWM_Start
                0x080060b8      0x160 ./Drivers/STM32F4xx_HAL_Driver/Src/stm32f4xx_hal_tim.o
                0x080060b8                HAL_TIM_PWM_Start
 .text.HAL_TIM_Encoder_Init
                0x08006218      0x14c ./Drivers/STM32F4xx_HAL_Driver/Src/stm32f4xx_hal_tim.o
                0x08006218                HAL_TIM_Encoder_Init
 .text.HAL_TIM_Encoder_MspInit
                0x08006364       0x14 ./Drivers/STM32F4xx_HAL_Driver/Src/stm32f4xx_hal_tim.o
                0x08006364                HAL_TIM_Encoder_MspInit
 .text.HAL_TIM_Encoder_Start
                0x08006378      0x11c ./Drivers/STM32F4xx_HAL_Driver/Src/stm32f4xx_hal_tim.o
                0x08006378                HAL_TIM_Encoder_Start
 .text.HAL_TIM_PWM_ConfigChannel
                0x08006494      0x184 ./Drivers/STM32F4xx_HAL_Driver/Src/stm32f4xx_hal_tim.o
                0x08006494                HAL_TIM_PWM_ConfigChannel
 .text.TIM_Base_SetConfig
                0x08006618      0x10c ./Drivers/STM32F4xx_HAL_Driver/Src/stm32f4xx_hal_tim.o
                0x08006618                TIM_Base_SetConfig
 .text.TIM_OC1_SetConfig
                0x08006724       0xcc ./Drivers/STM32F4xx_HAL_Driver/Src/stm32f4xx_hal_tim.o
 .text.TIM_OC2_SetConfig
                0x080067f0       0xd8 ./Drivers/STM32F4xx_HAL_Driver/Src/stm32f4xx_hal_tim.o
                0x080067f0                TIM_OC2_SetConfig
 .text.TIM_OC3_SetConfig
                0x080068c8       0xd4 ./Drivers/STM32F4xx_HAL_Driver/Src/stm32f4xx_hal_tim.o
 .text.TIM_OC4_SetConfig
                0x0800699c       0xa0 ./Drivers/STM32F4xx_HAL_Driver/Src/stm32f4xx_hal_tim.o
 .text.TIM_CCxChannelCmd
                0x08006a3c       0x4a ./Drivers/STM32F4xx_HAL_Driver/Src/stm32f4xx_hal_tim.o
                0x08006a3c                TIM_CCxChannelCmd
 .text.HAL_UART_Init
                0x08006a86       0xa0 ./Drivers/STM32F4xx_HAL_Driver/Src/stm32f4xx_hal_uart.o
                0x08006a86                HAL_UART_Init
 .text.HAL_UART_Transmit
                0x08006b26      0x116 ./Drivers/STM32F4xx_HAL_Driver/Src/stm32f4xx_hal_uart.o
                0x08006b26                HAL_UART_Transmit
 .text.HAL_UART_Receive_IT
                0x08006c3c       0x4a ./Drivers/STM32F4xx_HAL_Driver/Src/stm32f4xx_hal_uart.o
                0x08006c3c                HAL_UART_Receive_IT
 *fill*         0x08006c86        0x2 
 .text.HAL_UART_IRQHandler
                0x08006c88      0x554 ./Drivers/STM32F4xx_HAL_Driver/Src/stm32f4xx_hal_uart.o
                0x08006c88                HAL_UART_IRQHandler
 .text.HAL_UART_TxCpltCallback
                0x080071dc       0x14 ./Drivers/STM32F4xx_HAL_Driver/Src/stm32f4xx_hal_uart.o
                0x080071dc                HAL_UART_TxCpltCallback
 .text.HAL_UART_ErrorCallback
                0x080071f0       0x14 ./Drivers/STM32F4xx_HAL_Driver/Src/stm32f4xx_hal_uart.o
                0x080071f0                HAL_UART_ErrorCallback
 .text.HAL_UARTEx_RxEventCallback
                0x08007204       0x18 ./Drivers/STM32F4xx_HAL_Driver/Src/stm32f4xx_hal_uart.o
                0x08007204                HAL_UARTEx_RxEventCallback
 .text.UART_WaitOnFlagUntilTimeout
                0x0800721c       0xb2 ./Drivers/STM32F4xx_HAL_Driver/Src/stm32f4xx_hal_uart.o
 .text.UART_Start_Receive_IT
                0x080072ce       0x74 ./Drivers/STM32F4xx_HAL_Driver/Src/stm32f4xx_hal_uart.o
                0x080072ce                UART_Start_Receive_IT
 .text.UART_EndRxTransfer
                0x08007342       0xc6 ./Drivers/STM32F4xx_HAL_Driver/Src/stm32f4xx_hal_uart.o
 .text.UART_DMAAbortOnError
                0x08007408       0x22 ./Drivers/STM32F4xx_HAL_Driver/Src/stm32f4xx_hal_uart.o
 .text.UART_Transmit_IT
                0x0800742a       0xa0 ./Drivers/STM32F4xx_HAL_Driver/Src/stm32f4xx_hal_uart.o
 .text.UART_EndTransmit_IT
                0x080074ca       0x30 ./Drivers/STM32F4xx_HAL_Driver/Src/stm32f4xx_hal_uart.o
 .text.UART_Receive_IT
                0x080074fa      0x17c ./Drivers/STM32F4xx_HAL_Driver/Src/stm32f4xx_hal_uart.o
 *fill*         0x08007676        0x2 
 .text.UART_SetConfig
                0x08007678      0x4e8 ./Drivers/STM32F4xx_HAL_Driver/Src/stm32f4xx_hal_uart.o
 .text.atof     0x08007b60        0x6 /home/leonas/User/SourceFile/CubeIDE/plugins/com.st.stm32cube.ide.mcu.externaltools.gnu-tools-for-stm32.13.3.rel1.linux64_1.0.100.202509120712/tools/bin/../lib/gcc/arm-none-eabi/13.3.1/../../../../arm-none-eabi/lib/thumb/v7e-m+fp/hard/libc_nano.a(libc_a-atof.o)
                0x08007b60                atof
 .text.sulp     0x08007b66       0x3c /home/leonas/User/SourceFile/CubeIDE/plugins/com.st.stm32cube.ide.mcu.externaltools.gnu-tools-for-stm32.13.3.rel1.linux64_1.0.100.202509120712/tools/bin/../lib/gcc/arm-none-eabi/13.3.1/../../../../arm-none-eabi/lib/thumb/v7e-m+fp/hard/libc_nano.a(libc_a-strtod.o)
 *fill*         0x08007ba2        0x6 
 .text._strtod_l
                0x08007ba8      0xbc8 /home/leonas/User/SourceFile/CubeIDE/plugins/com.st.stm32cube.ide.mcu.externaltools.gnu-tools-for-stm32.13.3.rel1.linux64_1.0.100.202509120712/tools/bin/../lib/gcc/arm-none-eabi/13.3.1/../../../../arm-none-eabi/lib/thumb/v7e-m+fp/hard/libc_nano.a(libc_a-strtod.o)
                0x08007ba8                _strtod_l
 .text.strtod   0x08008770       0x18 /home/leonas/User/SourceFile/CubeIDE/plugins/com.st.stm32cube.ide.mcu.externaltools.gnu-tools-for-stm32.13.3.rel1.linux64_1.0.100.202509120712/tools/bin/../lib/gcc/arm-none-eabi/13.3.1/../../../../arm-none-eabi/lib/thumb/v7e-m+fp/hard/libc_nano.a(libc_a-strtod.o)
                0x08008770                strtod
 .text.__cvt    0x08008788       0xca /home/leonas/User/SourceFile/CubeIDE/plugins/com.st.stm32cube.ide.mcu.externaltools.gnu-tools-for-stm32.13.3.rel1.linux64_1.0.100.202509120712/tools/bin/../lib/gcc/arm-none-eabi/13.3.1/../../../../arm-none-eabi/lib/thumb/v7e-m+fp/hard/libc_nano.a(libc_a-nano-vfprintf_float.o)
                0x08008788                __cvt
 .text.__exponent
                0x08008852       0x74 /home/leonas/User/SourceFile/CubeIDE/plugins/com.st.stm32cube.ide.mcu.externaltools.gnu-tools-for-stm32.13.3.rel1.linux64_1.0.100.202509120712/tools/bin/../lib/gcc/arm-none-eabi/13.3.1/../../../../arm-none-eabi/lib/thumb/v7e-m+fp/hard/libc_nano.a(libc_a-nano-vfprintf_float.o)
                0x08008852                __exponent
 *fill*         0x080088c6        0x2 
 .text._printf_float
                0x080088c8      0x454 /home/leonas/User/SourceFile/CubeIDE/plugins/com.st.stm32cube.ide.mcu.externaltools.gnu-tools-for-stm32.13.3.rel1.linux64_1.0.100.202509120712/tools/bin/../lib/gcc/arm-none-eabi/13.3.1/../../../../arm-none-eabi/lib/thumb/v7e-m+fp/hard/libc_nano.a(libc_a-nano-vfprintf_float.o)
                0x080088c8                _printf_float
 .text._printf_common
                0x08008d1c       0xda /home/leonas/User/SourceFile/CubeIDE/plugins/com.st.stm32cube.ide.mcu.externaltools.gnu-tools-for-stm32.13.3.rel1.linux64_1.0.100.202509120712/tools/bin/../lib/gcc/arm-none-eabi/13.3.1/../../../../arm-none-eabi/lib/thumb/v7e-m+fp/hard/libc_nano.a(libc_a-nano-vfprintf_i.o)
                0x08008d1c                _printf_common
 *fill*         0x08008df6        0x2 
 .text._printf_i
                0x08008df8      0x23c /home/leonas/User/SourceFile/CubeIDE/plugins/com.st.stm32cube.ide.mcu.externaltools.gnu-tools-for-stm32.13.3.rel1.linux64_1.0.100.202509120712/tools/bin/../lib/gcc/arm-none-eabi/13.3.1/../../../../arm-none-eabi/lib/thumb/v7e-m+fp/hard/libc_nano.a(libc_a-nano-vfprintf_i.o)
                0x08008df8                _printf_i
 .text.std      0x08009034       0x6c /home/leonas/User/SourceFile/CubeIDE/plugins/com.st.stm32cube.ide.mcu.externaltools.gnu-tools-for-stm32.13.3.rel1.linux64_1.0.100.202509120712/tools/bin/../lib/gcc/arm-none-eabi/13.3.1/../../../../arm-none-eabi/lib/thumb/v7e-m+fp/hard/libc_nano.a(libc_a-findfp.o)
 .text.stdio_exit_handler
                0x080090a0       0x18 /home/leonas/User/SourceFile/CubeIDE/plugins/com.st.stm32cube.ide.mcu.externaltools.gnu-tools-for-stm32.13.3.rel1.linux64_1.0.100.202509120712/tools/bin/../lib/gcc/arm-none-eabi/13.3.1/../../../../arm-none-eabi/lib/thumb/v7e-m+fp/hard/libc_nano.a(libc_a-findfp.o)
 .text.cleanup_stdio
                0x080090b8       0x40 /home/leonas/User/SourceFile/CubeIDE/plugins/com.st.stm32cube.ide.mcu.externaltools.gnu-tools-for-stm32.13.3.rel1.linux64_1.0.100.202509120712/tools/bin/../lib/gcc/arm-none-eabi/13.3.1/../../../../arm-none-eabi/lib/thumb/v7e-m+fp/hard/libc_nano.a(libc_a-findfp.o)
 .text.global_stdio_init.part.0
                0x080090f8       0x3c /home/leonas/User/SourceFile/CubeIDE/plugins/com.st.stm32cube.ide.mcu.externaltools.gnu-tools-for-stm32.13.3.rel1.linux64_1.0.100.202509120712/tools/bin/../lib/gcc/arm-none-eabi/13.3.1/../../../../arm-none-eabi/lib/thumb/v7e-m+fp/hard/libc_nano.a(libc_a-findfp.o)
 .text.__sfp_lock_acquire
                0x08009134        0xc /home/leonas/User/SourceFile/CubeIDE/plugins/com.st.stm32cube.ide.mcu.externaltools.gnu-tools-for-stm32.13.3.rel1.linux64_1.0.100.202509120712/tools/bin/../lib/gcc/arm-none-eabi/13.3.1/../../../../arm-none-eabi/lib/thumb/v7e-m+fp/hard/libc_nano.a(libc_a-findfp.o)
                0x08009134                __sfp_lock_acquire
 .text.__sfp_lock_release
                0x08009140        0xc /home/leonas/User/SourceFile/CubeIDE/plugins/com.st.stm32cube.ide.mcu.externaltools.gnu-tools-for-stm32.13.3.rel1.linux64_1.0.100.202509120712/tools/bin/../lib/gcc/arm-none-eabi/13.3.1/../../../../arm-none-eabi/lib/thumb/v7e-m+fp/hard/libc_nano.a(libc_a-findfp.o)
                0x08009140                __sfp_lock_release
 .text.__sinit  0x0800914c       0x30 /home/leonas/User/SourceFile/CubeIDE/plugins/com.st.stm32cube.ide.mcu.externaltools.gnu-tools-for-stm32.13.3.rel1.linux64_1.0.100.202509120712/tools/bin/../lib/gcc/arm-none-eabi/13.3.1/../../../../arm-none-eabi/lib/thumb/v7e-m+fp/hard/libc_nano.a(libc_a-findfp.o)
                0x0800914c                __sinit
 .text._fwalk_sglue
                0x0800917c       0x3c /home/leonas/User/SourceFile/CubeIDE/plugins/com.st.stm32cube.ide.mcu.externaltools.gnu-tools-for-stm32.13.3.rel1.linux64_1.0.100.202509120712/tools/bin/../lib/gcc/arm-none-eabi/13.3.1/../../../../arm-none-eabi/lib/thumb/v7e-m+fp/hard/libc_nano.a(libc_a-fwalk.o)
                0x0800917c                _fwalk_sglue
 .text.printf   0x080091b8       0x24 /home/leonas/User/SourceFile/CubeIDE/plugins/com.st.stm32cube.ide.mcu.externaltools.gnu-tools-for-stm32.13.3.rel1.linux64_1.0.100.202509120712/tools/bin/../lib/gcc/arm-none-eabi/13.3.1/../../../../arm-none-eabi/lib/thumb/v7e-m+fp/hard/libc_nano.a(libc_a-printf.o)
                0x080091b8                printf
                0x080091b8                iprintf
 .text._puts_r  0x080091dc       0xaa /home/leonas/User/SourceFile/CubeIDE/plugins/com.st.stm32cube.ide.mcu.externaltools.gnu-tools-for-stm32.13.3.rel1.linux64_1.0.100.202509120712/tools/bin/../lib/gcc/arm-none-eabi/13.3.1/../../../../arm-none-eabi/lib/thumb/v7e-m+fp/hard/libc_nano.a(libc_a-puts.o)
                0x080091dc                _puts_r
 *fill*         0x08009286        0x2 
 .text.puts     0x08009288       0x10 /home/leonas/User/SourceFile/CubeIDE/plugins/com.st.stm32cube.ide.mcu.externaltools.gnu-tools-for-stm32.13.3.rel1.linux64_1.0.100.202509120712/tools/bin/../lib/gcc/arm-none-eabi/13.3.1/../../../../arm-none-eabi/lib/thumb/v7e-m+fp/hard/libc_nano.a(libc_a-puts.o)
                0x08009288                puts
 .text.snprintf
                0x08009298       0x6c /home/leonas/User/SourceFile/CubeIDE/plugins/com.st.stm32cube.ide.mcu.externaltools.gnu-tools-for-stm32.13.3.rel1.linux64_1.0.100.202509120712/tools/bin/../lib/gcc/arm-none-eabi/13.3.1/../../../../arm-none-eabi/lib/thumb/v7e-m+fp/hard/libc_nano.a(libc_a-snprintf.o)
                0x08009298                snprintf
                0x08009298                sniprintf
 .text.__sread  0x08009304       0x22 /home/leonas/User/SourceFile/CubeIDE/plugins/com.st.stm32cube.ide.mcu.externaltools.gnu-tools-for-stm32.13.3.rel1.linux64_1.0.100.202509120712/tools/bin/../lib/gcc/arm-none-eabi/13.3.1/../../../../arm-none-eabi/lib/thumb/v7e-m+fp/hard/libc_nano.a(libc_a-stdio.o)
                0x08009304                __sread
 .text.__swrite
                0x08009326       0x38 /home/leonas/User/SourceFile/CubeIDE/plugins/com.st.stm32cube.ide.mcu.externaltools.gnu-tools-for-stm32.13.3.rel1.linux64_1.0.100.202509120712/tools/bin/../lib/gcc/arm-none-eabi/13.3.1/../../../../arm-none-eabi/lib/thumb/v7e-m+fp/hard/libc_nano.a(libc_a-stdio.o)
                0x08009326                __swrite
 .text.__sseek  0x0800935e       0x24 /home/leonas/User/SourceFile/CubeIDE/plugins/com.st.stm32cube.ide.mcu.externaltools.gnu-tools-for-stm32.13.3.rel1.linux64_1.0.100.202509120712/tools/bin/../lib/gcc/arm-none-eabi/13.3.1/../../../../arm-none-eabi/lib/thumb/v7e-m+fp/hard/libc_nano.a(libc_a-stdio.o)
                0x0800935e                __sseek
 .text.__sclose
                0x08009382        0x8 /home/leonas/User/SourceFile/CubeIDE/plugins/com.st.stm32cube.ide.mcu.externaltools.gnu-tools-for-stm32.13.3.rel1.linux64_1.0.100.202509120712/tools/bin/../lib/gcc/arm-none-eabi/13.3.1/../../../../arm-none-eabi/lib/thumb/v7e-m+fp/hard/libc_nano.a(libc_a-stdio.o)
                0x08009382                __sclose
 .text.__swbuf_r
                0x0800938a       0x7c /home/leonas/User/SourceFile/CubeIDE/plugins/com.st.stm32cube.ide.mcu.externaltools.gnu-tools-for-stm32.13.3.rel1.linux64_1.0.100.202509120712/tools/bin/../lib/gcc/arm-none-eabi/13.3.1/../../../../arm-none-eabi/lib/thumb/v7e-m+fp/hard/libc_nano.a(libc_a-wbuf.o)
                0x0800938a                __swbuf_r
 *fill*         0x08009406        0x2 
 .text.__swsetup_r
                0x08009408       0xac /home/leonas/User/SourceFile/CubeIDE/plugins/com.st.stm32cube.ide.mcu.externaltools.gnu-tools-for-stm32.13.3.rel1.linux64_1.0.100.202509120712/tools/bin/../lib/gcc/arm-none-eabi/13.3.1/../../../../arm-none-eabi/lib/thumb/v7e-m+fp/hard/libc_nano.a(libc_a-wsetup.o)
                0x08009408                __swsetup_r
 .text.memset   0x080094b4       0x10 /home/leonas/User/SourceFile/CubeIDE/plugins/com.st.stm32cube.ide.mcu.externaltools.gnu-tools-for-stm32.13.3.rel1.linux64_1.0.100.202509120712/tools/bin/../lib/gcc/arm-none-eabi/13.3.1/../../../../arm-none-eabi/lib/thumb/v7e-m+fp/hard/libc_nano.a(libc_a-memset.o)
                0x080094b4                memset
 .text.strncmp  0x080094c4       0x24 /home/leonas/User/SourceFile/CubeIDE/plugins/com.st.stm32cube.ide.mcu.externaltools.gnu-tools-for-stm32.13.3.rel1.linux64_1.0.100.202509120712/tools/bin/../lib/gcc/arm-none-eabi/13.3.1/../../../../arm-none-eabi/lib/thumb/v7e-m+fp/hard/libc_nano.a(libc_a-strncmp.o)
                0x080094c4                strncmp
 .text.strncpy  0x080094e8       0x26 /home/leonas/User/SourceFile/CubeIDE/plugins/com.st.stm32cube.ide.mcu.externaltools.gnu-tools-for-stm32.13.3.rel1.linux64_1.0.100.202509120712/tools/bin/../lib/gcc/arm-none-eabi/13.3.1/../../../../arm-none-eabi/lib/thumb/v7e-m+fp/hard/libc_nano.a(libc_a-strncpy.o)
                0x080094e8                strncpy
 *fill*         0x0800950e        0x2 
 .text._localeconv_r
                0x08009510        0x8 /home/leonas/User/SourceFile/CubeIDE/plugins/com.st.stm32cube.ide.mcu.externaltools.gnu-tools-for-stm32.13.3.rel1.linux64_1.0.100.202509120712/tools/bin/../lib/gcc/arm-none-eabi/13.3.1/../../../../arm-none-eabi/lib/thumb/v7e-m+fp/hard/libc_nano.a(libc_a-localeconv.o)
                0x08009510                _localeconv_r
 .text._close_r
                0x08009518       0x20 /home/leonas/User/SourceFile/CubeIDE/plugins/com.st.stm32cube.ide.mcu.externaltools.gnu-tools-for-stm32.13.3.rel1.linux64_1.0.100.202509120712/tools/bin/../lib/gcc/arm-none-eabi/13.3.1/../../../../arm-none-eabi/lib/thumb/v7e-m+fp/hard/libc_nano.a(libc_a-closer.o)
                0x08009518                _close_r
 .text._lseek_r
                0x08009538       0x24 /home/leonas/User/SourceFile/CubeIDE/plugins/com.st.stm32cube.ide.mcu.externaltools.gnu-tools-for-stm32.13.3.rel1.linux64_1.0.100.202509120712/tools/bin/../lib/gcc/arm-none-eabi/13.3.1/../../../../arm-none-eabi/lib/thumb/v7e-m+fp/hard/libc_nano.a(libc_a-lseekr.o)
                0x08009538                _lseek_r
 .text._read_r  0x0800955c       0x24 /home/leonas/User/SourceFile/CubeIDE/plugins/com.st.stm32cube.ide.mcu.externaltools.gnu-tools-for-stm32.13.3.rel1.linux64_1.0.100.202509120712/tools/bin/../lib/gcc/arm-none-eabi/13.3.1/../../../../arm-none-eabi/lib/thumb/v7e-m+fp/hard/libc_nano.a(libc_a-readr.o)
                0x0800955c                _read_r
 .text._write_r
                0x08009580       0x24 /home/leonas/User/SourceFile/CubeIDE/plugins/com.st.stm32cube.ide.mcu.externaltools.gnu-tools-for-stm32.13.3.rel1.linux64_1.0.100.202509120712/tools/bin/../lib/gcc/arm-none-eabi/13.3.1/../../../../arm-none-eabi/lib/thumb/v7e-m+fp/hard/libc_nano.a(libc_a-writer.o)
                0x08009580                _write_r
 .text.__errno  0x080095a4        0xc /home/leonas/User/SourceFile/CubeIDE/plugins/com.st.stm32cube.ide.mcu.externaltools.gnu-tools-for-stm32.13.3.rel1.linux64_1.0.100.202509120712/tools/bin/../lib/gcc/arm-none-eabi/13.3.1/../../../../arm-none-eabi/lib/thumb/v7e-m+fp/hard/libc_nano.a(libc_a-errno.o)
                0x080095a4                __errno
 .text.__libc_init_array
                0x080095b0       0x48 /home/leonas/User/SourceFile/CubeIDE/plugins/com.st.stm32cube.ide.mcu.externaltools.gnu-tools-for-stm32.13.3.rel1.linux64_1.0.100.202509120712/tools/bin/../lib/gcc/arm-none-eabi/13.3.1/../../../../arm-none-eabi/lib/thumb/v7e-m+fp/hard/libc_nano.a(libc_a-init.o)
                0x080095b0                __libc_init_array
 .text.__retarget_lock_init_recursive
                0x080095f8        0x2 /home/leonas/User/SourceFile/CubeIDE/plugins/com.st.stm32cube.ide.mcu.externaltools.gnu-tools-for-stm32.13.3.rel1.linux64_1.0.100.202509120712/tools/bin/../lib/gcc/arm-none-eabi/13.3.1/../../../../arm-none-eabi/lib/thumb/v7e-m+fp/hard/libc_nano.a(libc_a-lock.o)
                0x080095f8                __retarget_lock_init_recursive
 .text.__retarget_lock_acquire_recursive
                0x080095fa        0x2 /home/leonas/User/SourceFile/CubeIDE/plugins/com.st.stm32cube.ide.mcu.externaltools.gnu-tools-for-stm32.13.3.rel1.linux64_1.0.100.202509120712/tools/bin/../lib/gcc/arm-none-eabi/13.3.1/../../../../arm-none-eabi/lib/thumb/v7e-m+fp/hard/libc_nano.a(libc_a-lock.o)
                0x080095fa                __retarget_lock_acquire_recursive
 .text.__retarget_lock_release_recursive
                0x080095fc        0x2 /home/leonas/User/SourceFile/CubeIDE/plugins/com.st.stm32cube.ide.mcu.externaltools.gnu-tools-for-stm32.13.3.rel1.linux64_1.0.100.202509120712/tools/bin/../lib/gcc/arm-none-eabi/13.3.1/../../../../arm-none-eabi/lib/thumb/v7e-m+fp/hard/libc_nano.a(libc_a-lock.o)
                0x080095fc                __retarget_lock_release_recursive
 .text.memcpy   0x080095fe       0x1c /home/leonas/User/SourceFile/CubeIDE/plugins/com.st.stm32cube.ide.mcu.externaltools.gnu-tools-for-stm32.13.3.rel1.linux64_1.0.100.202509120712/tools/bin/../lib/gcc/arm-none-eabi/13.3.1/../../../../arm-none-eabi/lib/thumb/v7e-m+fp/hard/libc_nano.a(libc_a-memcpy-stub.o)
                0x080095fe                memcpy
 *fill*         0x0800961a        0x6 
 .text.nan      0x08009620       0x10 /home/leonas/User/SourceFile/CubeIDE/plugins/com.st.stm32cube.ide.mcu.externaltools.gnu-tools-for-stm32.13.3.rel1.linux64_1.0.100.202509120712/tools/bin/../lib/gcc/arm-none-eabi/13.3.1/../../../../arm-none-eabi/lib/thumb/v7e-m+fp/hard/libc_nano.a(libm_a-s_nan.o)
                0x08009620                nan
 .text.quorem   0x08009630      0x110 /home/leonas/User/SourceFile/CubeIDE/plugins/com.st.stm32cube.ide.mcu.externaltools.gnu-tools-for-stm32.13.3.rel1.linux64_1.0.100.202509120712/tools/bin/../lib/gcc/arm-none-eabi/13.3.1/../../../../arm-none-eabi/lib/thumb/v7e-m+fp/hard/libc_nano.a(libc_a-dtoa.o)
 .text._dtoa_r  0x08009740      0xba0 /home/leonas/User/SourceFile/CubeIDE/plugins/com.st.stm32cube.ide.mcu.externaltools.gnu-tools-for-stm32.13.3.rel1.linux64_1.0.100.202509120712/tools/bin/../lib/gcc/arm-none-eabi/13.3.1/../../../../arm-none-eabi/lib/thumb/v7e-m+fp/hard/libc_nano.a(libc_a-dtoa.o)
                0x08009740                _dtoa_r
 .text._free_r  0x0800a2e0       0x94 /home/leonas/User/SourceFile/CubeIDE/plugins/com.st.stm32cube.ide.mcu.externaltools.gnu-tools-for-stm32.13.3.rel1.linux64_1.0.100.202509120712/tools/bin/../lib/gcc/arm-none-eabi/13.3.1/../../../../arm-none-eabi/lib/thumb/v7e-m+fp/hard/libc_nano.a(libc_a-freer.o)
                0x0800a2e0                _free_r
 .text.rshift   0x0800a374       0xa4 /home/leonas/User/SourceFile/CubeIDE/plugins/com.st.stm32cube.ide.mcu.externaltools.gnu-tools-for-stm32.13.3.rel1.linux64_1.0.100.202509120712/tools/bin/../lib/gcc/arm-none-eabi/13.3.1/../../../../arm-none-eabi/lib/thumb/v7e-m+fp/hard/libc_nano.a(libc_a-gdtoa-gethex.o)
 .text.__hexdig_fun
                0x0800a418       0x2a /home/leonas/User/SourceFile/CubeIDE/plugins/com.st.stm32cube.ide.mcu.externaltools.gnu-tools-for-stm32.13.3.rel1.linux64_1.0.100.202509120712/tools/bin/../lib/gcc/arm-none-eabi/13.3.1/../../../../arm-none-eabi/lib/thumb/v7e-m+fp/hard/libc_nano.a(libc_a-gdtoa-gethex.o)
                0x0800a418                __hexdig_fun
 *fill*         0x0800a442        0x2 
 .text.__gethex
                0x0800a444      0x420 /home/leonas/User/SourceFile/CubeIDE/plugins/com.st.stm32cube.ide.mcu.externaltools.gnu-tools-for-stm32.13.3.rel1.linux64_1.0.100.202509120712/tools/bin/../lib/gcc/arm-none-eabi/13.3.1/../../../../arm-none-eabi/lib/thumb/v7e-m+fp/hard/libc_nano.a(libc_a-gdtoa-gethex.o)
                0x0800a444                __gethex
 .text.L_shift  0x0800a864       0x24 /home/leonas/User/SourceFile/CubeIDE/plugins/com.st.stm32cube.ide.mcu.externaltools.gnu-tools-for-stm32.13.3.rel1.linux64_1.0.100.202509120712/tools/bin/../lib/gcc/arm-none-eabi/13.3.1/../../../../arm-none-eabi/lib/thumb/v7e-m+fp/hard/libc_nano.a(libc_a-gdtoa-hexnan.o)
 .text.__match  0x0800a888       0x28 /home/leonas/User/SourceFile/CubeIDE/plugins/com.st.stm32cube.ide.mcu.externaltools.gnu-tools-for-stm32.13.3.rel1.linux64_1.0.100.202509120712/tools/bin/../lib/gcc/arm-none-eabi/13.3.1/../../../../arm-none-eabi/lib/thumb/v7e-m+fp/hard/libc_nano.a(libc_a-gdtoa-hexnan.o)
                0x0800a888                __match
 .text.__hexnan
                0x0800a8b0      0x136 /home/leonas/User/SourceFile/CubeIDE/plugins/com.st.stm32cube.ide.mcu.externaltools.gnu-tools-for-stm32.13.3.rel1.linux64_1.0.100.202509120712/tools/bin/../lib/gcc/arm-none-eabi/13.3.1/../../../../arm-none-eabi/lib/thumb/v7e-m+fp/hard/libc_nano.a(libc_a-gdtoa-hexnan.o)
                0x0800a8b0                __hexnan
 *fill*         0x0800a9e6        0x2 
 .text.malloc   0x0800a9e8       0x10 /home/leonas/User/SourceFile/CubeIDE/plugins/com.st.stm32cube.ide.mcu.externaltools.gnu-tools-for-stm32.13.3.rel1.linux64_1.0.100.202509120712/tools/bin/../lib/gcc/arm-none-eabi/13.3.1/../../../../arm-none-eabi/lib/thumb/v7e-m+fp/hard/libc_nano.a(libc_a-malloc.o)
                0x0800a9e8                malloc
 .text.sbrk_aligned
                0x0800a9f8       0x44 /home/leonas/User/SourceFile/CubeIDE/plugins/com.st.stm32cube.ide.mcu.externaltools.gnu-tools-for-stm32.13.3.rel1.linux64_1.0.100.202509120712/tools/bin/../lib/gcc/arm-none-eabi/13.3.1/../../../../arm-none-eabi/lib/thumb/v7e-m+fp/hard/libc_nano.a(libc_a-mallocr.o)
 .text._malloc_r
                0x0800aa3c      0x100 /home/leonas/User/SourceFile/CubeIDE/plugins/com.st.stm32cube.ide.mcu.externaltools.gnu-tools-for-stm32.13.3.rel1.linux64_1.0.100.202509120712/tools/bin/../lib/gcc/arm-none-eabi/13.3.1/../../../../arm-none-eabi/lib/thumb/v7e-m+fp/hard/libc_nano.a(libc_a-mallocr.o)
                0x0800aa3c                _malloc_r
 .text.__ascii_mbtowc
                0x0800ab3c       0x24 /home/leonas/User/SourceFile/CubeIDE/plugins/com.st.stm32cube.ide.mcu.externaltools.gnu-tools-for-stm32.13.3.rel1.linux64_1.0.100.202509120712/tools/bin/../lib/gcc/arm-none-eabi/13.3.1/../../../../arm-none-eabi/lib/thumb/v7e-m+fp/hard/libc_nano.a(libc_a-mbtowc_r.o)
                0x0800ab3c                __ascii_mbtowc
 .text.__malloc_lock
                0x0800ab60        0xc /home/leonas/User/SourceFile/CubeIDE/plugins/com.st.stm32cube.ide.mcu.externaltools.gnu-tools-for-stm32.13.3.rel1.linux64_1.0.100.202509120712/tools/bin/../lib/gcc/arm-none-eabi/13.3.1/../../../../arm-none-eabi/lib/thumb/v7e-m+fp/hard/libc_nano.a(libc_a-mlock.o)
                0x0800ab60                __malloc_lock
 .text.__malloc_unlock
                0x0800ab6c        0xc /home/leonas/User/SourceFile/CubeIDE/plugins/com.st.stm32cube.ide.mcu.externaltools.gnu-tools-for-stm32.13.3.rel1.linux64_1.0.100.202509120712/tools/bin/../lib/gcc/arm-none-eabi/13.3.1/../../../../arm-none-eabi/lib/thumb/v7e-m+fp/hard/libc_nano.a(libc_a-mlock.o)
                0x0800ab6c                __malloc_unlock
 .text._Balloc  0x0800ab78       0x80 /home/leonas/User/SourceFile/CubeIDE/plugins/com.st.stm32cube.ide.mcu.externaltools.gnu-tools-for-stm32.13.3.rel1.linux64_1.0.100.202509120712/tools/bin/../lib/gcc/arm-none-eabi/13.3.1/../../../../arm-none-eabi/lib/thumb/v7e-m+fp/hard/libc_nano.a(libc_a-mprec.o)
                0x0800ab78                _Balloc
 .text._Bfree   0x0800abf8       0x44 /home/leonas/User/SourceFile/CubeIDE/plugins/com.st.stm32cube.ide.mcu.externaltools.gnu-tools-for-stm32.13.3.rel1.linux64_1.0.100.202509120712/tools/bin/../lib/gcc/arm-none-eabi/13.3.1/../../../../arm-none-eabi/lib/thumb/v7e-m+fp/hard/libc_nano.a(libc_a-mprec.o)
                0x0800abf8                _Bfree
 .text.__multadd
                0x0800ac3c       0x8c /home/leonas/User/SourceFile/CubeIDE/plugins/com.st.stm32cube.ide.mcu.externaltools.gnu-tools-for-stm32.13.3.rel1.linux64_1.0.100.202509120712/tools/bin/../lib/gcc/arm-none-eabi/13.3.1/../../../../arm-none-eabi/lib/thumb/v7e-m+fp/hard/libc_nano.a(libc_a-mprec.o)
                0x0800ac3c                __multadd
 .text.__s2b    0x0800acc8       0x94 /home/leonas/User/SourceFile/CubeIDE/plugins/com.st.stm32cube.ide.mcu.externaltools.gnu-tools-for-stm32.13.3.rel1.linux64_1.0.100.202509120712/tools/bin/../lib/gcc/arm-none-eabi/13.3.1/../../../../arm-none-eabi/lib/thumb/v7e-m+fp/hard/libc_nano.a(libc_a-mprec.o)
                0x0800acc8                __s2b
 .text.__hi0bits
                0x0800ad5c       0x3e /home/leonas/User/SourceFile/CubeIDE/plugins/com.st.stm32cube.ide.mcu.externaltools.gnu-tools-for-stm32.13.3.rel1.linux64_1.0.100.202509120712/tools/bin/../lib/gcc/arm-none-eabi/13.3.1/../../../../arm-none-eabi/lib/thumb/v7e-m+fp/hard/libc_nano.a(libc_a-mprec.o)
                0x0800ad5c                __hi0bits
 .text.__lo0bits
                0x0800ad9a       0x5a /home/leonas/User/SourceFile/CubeIDE/plugins/com.st.stm32cube.ide.mcu.externaltools.gnu-tools-for-stm32.13.3.rel1.linux64_1.0.100.202509120712/tools/bin/../lib/gcc/arm-none-eabi/13.3.1/../../../../arm-none-eabi/lib/thumb/v7e-m+fp/hard/libc_nano.a(libc_a-mprec.o)
                0x0800ad9a                __lo0bits
 .text.__i2b    0x0800adf4       0x2c /home/leonas/User/SourceFile/CubeIDE/plugins/com.st.stm32cube.ide.mcu.externaltools.gnu-tools-for-stm32.13.3.rel1.linux64_1.0.100.202509120712/tools/bin/../lib/gcc/arm-none-eabi/13.3.1/../../../../arm-none-eabi/lib/thumb/v7e-m+fp/hard/libc_nano.a(libc_a-mprec.o)
                0x0800adf4                __i2b
 .text.__multiply
                0x0800ae20      0x144 /home/leonas/User/SourceFile/CubeIDE/plugins/com.st.stm32cube.ide.mcu.externaltools.gnu-tools-for-stm32.13.3.rel1.linux64_1.0.100.202509120712/tools/bin/../lib/gcc/arm-none-eabi/13.3.1/../../../../arm-none-eabi/lib/thumb/v7e-m+fp/hard/libc_nano.a(libc_a-mprec.o)
                0x0800ae20                __multiply
 .text.__pow5mult
                0x0800af64       0xb4 /home/leonas/User/SourceFile/CubeIDE/plugins/com.st.stm32cube.ide.mcu.externaltools.gnu-tools-for-stm32.13.3.rel1.linux64_1.0.100.202509120712/tools/bin/../lib/gcc/arm-none-eabi/13.3.1/../../../../arm-none-eabi/lib/thumb/v7e-m+fp/hard/libc_nano.a(libc_a-mprec.o)
                0x0800af64                __pow5mult
 .text.__lshift
                0x0800b018       0xd8 /home/leonas/User/SourceFile/CubeIDE/plugins/com.st.stm32cube.ide.mcu.externaltools.gnu-tools-for-stm32.13.3.rel1.linux64_1.0.100.202509120712/tools/bin/../lib/gcc/arm-none-eabi/13.3.1/../../../../arm-none-eabi/lib/thumb/v7e-m+fp/hard/libc_nano.a(libc_a-mprec.o)
                0x0800b018                __lshift
 .text.__mcmp   0x0800b0f0       0x36 /home/leonas/User/SourceFile/CubeIDE/plugins/com.st.stm32cube.ide.mcu.externaltools.gnu-tools-for-stm32.13.3.rel1.linux64_1.0.100.202509120712/tools/bin/../lib/gcc/arm-none-eabi/13.3.1/../../../../arm-none-eabi/lib/thumb/v7e-m+fp/hard/libc_nano.a(libc_a-mprec.o)
                0x0800b0f0                __mcmp
 *fill*         0x0800b126        0x2 
 .text.__mdiff  0x0800b128      0x128 /home/leonas/User/SourceFile/CubeIDE/plugins/com.st.stm32cube.ide.mcu.externaltools.gnu-tools-for-stm32.13.3.rel1.linux64_1.0.100.202509120712/tools/bin/../lib/gcc/arm-none-eabi/13.3.1/../../../../arm-none-eabi/lib/thumb/v7e-m+fp/hard/libc_nano.a(libc_a-mprec.o)
                0x0800b128                __mdiff
 .text.__ulp    0x0800b250       0x4c /home/leonas/User/SourceFile/CubeIDE/plugins/com.st.stm32cube.ide.mcu.externaltools.gnu-tools-for-stm32.13.3.rel1.linux64_1.0.100.202509120712/tools/bin/../lib/gcc/arm-none-eabi/13.3.1/../../../../arm-none-eabi/lib/thumb/v7e-m+fp/hard/libc_nano.a(libc_a-mprec.o)
                0x0800b250                __ulp
 .text.__b2d    0x0800b29c       0x94 /home/leonas/User/SourceFile/CubeIDE/plugins/com.st.stm32cube.ide.mcu.externaltools.gnu-tools-for-stm32.13.3.rel1.linux64_1.0.100.202509120712/tools/bin/../lib/gcc/arm-none-eabi/13.3.1/../../../../arm-none-eabi/lib/thumb/v7e-m+fp/hard/libc_nano.a(libc_a-mprec.o)
                0x0800b29c                __b2d
 .text.__d2b    0x0800b330       0xb0 /home/leonas/User/SourceFile/CubeIDE/plugins/com.st.stm32cube.ide.mcu.externaltools.gnu-tools-for-stm32.13.3.rel1.linux64_1.0.100.202509120712/tools/bin/../lib/gcc/arm-none-eabi/13.3.1/../../../../arm-none-eabi/lib/thumb/v7e-m+fp/hard/libc_nano.a(libc_a-mprec.o)
                0x0800b330                __d2b
 .text.__ratio  0x0800b3e0       0x64 /home/leonas/User/SourceFile/CubeIDE/plugins/com.st.stm32cube.ide.mcu.externaltools.gnu-tools-for-stm32.13.3.rel1.linux64_1.0.100.202509120712/tools/bin/../lib/gcc/arm-none-eabi/13.3.1/../../../../arm-none-eabi/lib/thumb/v7e-m+fp/hard/libc_nano.a(libc_a-mprec.o)
                0x0800b3e0                __ratio
 .text.__copybits
                0x0800b444       0x46 /home/leonas/User/SourceFile/CubeIDE/plugins/com.st.stm32cube.ide.mcu.externaltools.gnu-tools-for-stm32.13.3.rel1.linux64_1.0.100.202509120712/tools/bin/../lib/gcc/arm-none-eabi/13.3.1/../../../../arm-none-eabi/lib/thumb/v7e-m+fp/hard/libc_nano.a(libc_a-mprec.o)
                0x0800b444                __copybits
 .text.__any_on
                0x0800b48a       0x42 /home/leonas/User/SourceFile/CubeIDE/plugins/com.st.stm32cube.ide.mcu.externaltools.gnu-tools-for-stm32.13.3.rel1.linux64_1.0.100.202509120712/tools/bin/../lib/gcc/arm-none-eabi/13.3.1/../../../../arm-none-eabi/lib/thumb/v7e-m+fp/hard/libc_nano.a(libc_a-mprec.o)
                0x0800b48a                __any_on
 .text.__ascii_wctomb
                0x0800b4cc       0x1a /home/leonas/User/SourceFile/CubeIDE/plugins/com.st.stm32cube.ide.mcu.externaltools.gnu-tools-for-stm32.13.3.rel1.linux64_1.0.100.202509120712/tools/bin/../lib/gcc/arm-none-eabi/13.3.1/../../../../arm-none-eabi/lib/thumb/v7e-m+fp/hard/libc_nano.a(libc_a-wctomb_r.o)
                0x0800b4cc                __ascii_wctomb
 .text.__ssputs_r
                0x0800b4e6       0xb6 /home/leonas/User/SourceFile/CubeIDE/plugins/com.st.stm32cube.ide.mcu.externaltools.gnu-tools-for-stm32.13.3.rel1.linux64_1.0.100.202509120712/tools/bin/../lib/gcc/arm-none-eabi/13.3.1/../../../../arm-none-eabi/lib/thumb/v7e-m+fp/hard/libc_nano.a(libc_a-nano-svfprintf.o)
                0x0800b4e6                __ssputs_r
 .text._svfprintf_r
                0x0800b59c      0x1f8 /home/leonas/User/SourceFile/CubeIDE/plugins/com.st.stm32cube.ide.mcu.externaltools.gnu-tools-for-stm32.13.3.rel1.linux64_1.0.100.202509120712/tools/bin/../lib/gcc/arm-none-eabi/13.3.1/../../../../arm-none-eabi/lib/thumb/v7e-m+fp/hard/libc_nano.a(libc_a-nano-svfprintf.o)
                0x0800b59c                _svfprintf_r
                0x0800b59c                _svfiprintf_r
 .text.__sfputc_r
                0x0800b794       0x2e /home/leonas/User/SourceFile/CubeIDE/plugins/com.st.stm32cube.ide.mcu.externaltools.gnu-tools-for-stm32.13.3.rel1.linux64_1.0.100.202509120712/tools/bin/../lib/gcc/arm-none-eabi/13.3.1/../../../../arm-none-eabi/lib/thumb/v7e-m+fp/hard/libc_nano.a(libc_a-nano-vfprintf.o)
 .text.__sfputs_r
                0x0800b7c2       0x24 /home/leonas/User/SourceFile/CubeIDE/plugins/com.st.stm32cube.ide.mcu.externaltools.gnu-tools-for-stm32.13.3.rel1.linux64_1.0.100.202509120712/tools/bin/../lib/gcc/arm-none-eabi/13.3.1/../../../../arm-none-eabi/lib/thumb/v7e-m+fp/hard/libc_nano.a(libc_a-nano-vfprintf.o)
                0x0800b7c2                __sfputs_r
 *fill*         0x0800b7e6        0x2 
 .text._vfprintf_r
                0x0800b7e8      0x230 /home/leonas/User/SourceFile/CubeIDE/plugins/com.st.stm32cube.ide.mcu.externaltools.gnu-tools-for-stm32.13.3.rel1.linux64_1.0.100.202509120712/tools/bin/../lib/gcc/arm-none-eabi/13.3.1/../../../../arm-none-eabi/lib/thumb/v7e-m+fp/hard/libc_nano.a(libc_a-nano-vfprintf.o)
                0x0800b7e8                _vfiprintf_r
                0x0800b7e8                _vfprintf_r
 .text.__sflush_r
                0x0800ba18      0x108 /home/leonas/User/SourceFile/CubeIDE/plugins/com.st.stm32cube.ide.mcu.externaltools.gnu-tools-for-stm32.13.3.rel1.linux64_1.0.100.202509120712/tools/bin/../lib/gcc/arm-none-eabi/13.3.1/../../../../arm-none-eabi/lib/thumb/v7e-m+fp/hard/libc_nano.a(libc_a-fflush.o)
                0x0800ba18                __sflush_r
 .text._fflush_r
                0x0800bb20       0x50 /home/leonas/User/SourceFile/CubeIDE/plugins/com.st.stm32cube.ide.mcu.externaltools.gnu-tools-for-stm32.13.3.rel1.linux64_1.0.100.202509120712/tools/bin/../lib/gcc/arm-none-eabi/13.3.1/../../../../arm-none-eabi/lib/thumb/v7e-m+fp/hard/libc_nano.a(libc_a-fflush.o)
                0x0800bb20                _fflush_r
 .text.__swhatbuf_r
                0x0800bb70       0x4c /home/leonas/User/SourceFile/CubeIDE/plugins/com.st.stm32cube.ide.mcu.externaltools.gnu-tools-for-stm32.13.3.rel1.linux64_1.0.100.202509120712/tools/bin/../lib/gcc/arm-none-eabi/13.3.1/../../../../arm-none-eabi/lib/thumb/v7e-m+fp/hard/libc_nano.a(libc_a-makebuf.o)
                0x0800bb70                __swhatbuf_r
 .text.__smakebuf_r
                0x0800bbbc       0x78 /home/leonas/User/SourceFile/CubeIDE/plugins/com.st.stm32cube.ide.mcu.externaltools.gnu-tools-for-stm32.13.3.rel1.linux64_1.0.100.202509120712/tools/bin/../lib/gcc/arm-none-eabi/13.3.1/../../../../arm-none-eabi/lib/thumb/v7e-m+fp/hard/libc_nano.a(libc_a-makebuf.o)
                0x0800bbbc                __smakebuf_r
 .text.memmove  0x0800bc34       0x34 /home/leonas/User/SourceFile/CubeIDE/plugins/com.st.stm32cube.ide.mcu.externaltools.gnu-tools-for-stm32.13.3.rel1.linux64_1.0.100.202509120712/tools/bin/../lib/gcc/arm-none-eabi/13.3.1/../../../../arm-none-eabi/lib/thumb/v7e-m+fp/hard/libc_nano.a(libc_a-memmove.o)
                0x0800bc34                memmove
 .text._fstat_r
                0x0800bc68       0x24 /home/leonas/User/SourceFile/CubeIDE/plugins/com.st.stm32cube.ide.mcu.externaltools.gnu-tools-for-stm32.13.3.rel1.linux64_1.0.100.202509120712/tools/bin/../lib/gcc/arm-none-eabi/13.3.1/../../../../arm-none-eabi/lib/thumb/v7e-m+fp/hard/libc_nano.a(libc_a-fstatr.o)
                0x0800bc68                _fstat_r
 .text._isatty_r
                0x0800bc8c       0x20 /home/leonas/User/SourceFile/CubeIDE/plugins/com.st.stm32cube.ide.mcu.externaltools.gnu-tools-for-stm32.13.3.rel1.linux64_1.0.100.202509120712/tools/bin/../lib/gcc/arm-none-eabi/13.3.1/../../../../arm-none-eabi/lib/thumb/v7e-m+fp/hard/libc_nano.a(libc_a-isattyr.o)
                0x0800bc8c                _isatty_r
 .text._sbrk_r  0x0800bcac       0x20 /home/leonas/User/SourceFile/CubeIDE/plugins/com.st.stm32cube.ide.mcu.externaltools.gnu-tools-for-stm32.13.3.rel1.linux64_1.0.100.202509120712/tools/bin/../lib/gcc/arm-none-eabi/13.3.1/../../../../arm-none-eabi/lib/thumb/v7e-m+fp/hard/libc_nano.a(libc_a-sbrkr.o)
                0x0800bcac                _sbrk_r
 .text.__assert_func
                0x0800bccc       0x3c /home/leonas/User/SourceFile/CubeIDE/plugins/com.st.stm32cube.ide.mcu.externaltools.gnu-tools-for-stm32.13.3.rel1.linux64_1.0.100.202509120712/tools/bin/../lib/gcc/arm-none-eabi/13.3.1/../../../../arm-none-eabi/lib/thumb/v7e-m+fp/hard/libc_nano.a(libc_a-assert.o)
                0x0800bccc                __assert_func
 .text._calloc_r
                0x0800bd08       0x28 /home/leonas/User/SourceFile/CubeIDE/plugins/com.st.stm32cube.ide.mcu.externaltools.gnu-tools-for-stm32.13.3.rel1.linux64_1.0.100.202509120712/tools/bin/../lib/gcc/arm-none-eabi/13.3.1/../../../../arm-none-eabi/lib/thumb/v7e-m+fp/hard/libc_nano.a(libc_a-callocr.o)
                0x0800bd08                _calloc_r
 .text._realloc_r
                0x0800bd30       0x5c /home/leonas/User/SourceFile/CubeIDE/plugins/com.st.stm32cube.ide.mcu.externaltools.gnu-tools-for-stm32.13.3.rel1.linux64_1.0.100.202509120712/tools/bin/../lib/gcc/arm-none-eabi/13.3.1/../../../../arm-none-eabi/lib/thumb/v7e-m+fp/hard/libc_nano.a(libc_a-reallocr.o)
                0x0800bd30                _realloc_r
 .text.fprintf  0x0800bd8c       0x24 /home/leonas/User/SourceFile/CubeIDE/plugins/com.st.stm32cube.ide.mcu.externaltools.gnu-tools-for-stm32.13.3.rel1.linux64_1.0.100.202509120712/tools/bin/../lib/gcc/arm-none-eabi/13.3.1/../../../../arm-none-eabi/lib/thumb/v7e-m+fp/hard/libc_nano.a(libc_a-fprintf.o)
                0x0800bd8c                fprintf
                0x0800bd8c                fiprintf
 .text.abort    0x0800bdb0        0xe /home/leonas/User/SourceFile/CubeIDE/plugins/com.st.stm32cube.ide.mcu.externaltools.gnu-tools-for-stm32.13.3.rel1.linux64_1.0.100.202509120712/tools/bin/../lib/gcc/arm-none-eabi/13.3.1/../../../../arm-none-eabi/lib/thumb/v7e-m+fp/hard/libc_nano.a(libc_a-abort.o)
                0x0800bdb0                abort
 .text._malloc_usable_size_r
                0x0800bdbe       0x10 /home/leonas/User/SourceFile/CubeIDE/plugins/com.st.stm32cube.ide.mcu.externaltools.gnu-tools-for-stm32.13.3.rel1.linux64_1.0.100.202509120712/tools/bin/../lib/gcc/arm-none-eabi/13.3.1/../../../../arm-none-eabi/lib/thumb/v7e-m+fp/hard/libc_nano.a(libc_a-msizer.o)
                0x0800bdbe                _malloc_usable_size_r
 .text._raise_r
                0x0800bdce       0x50 /home/leonas/User/SourceFile/CubeIDE/plugins/com.st.stm32cube.ide.mcu.externaltools.gnu-tools-for-stm32.13.3.rel1.linux64_1.0.100.202509120712/tools/bin/../lib/gcc/arm-none-eabi/13.3.1/../../../../arm-none-eabi/lib/thumb/v7e-m+fp/hard/libc_nano.a(libc_a-signal.o)
                0x0800bdce                _raise_r
 *fill*         0x0800be1e        0x2 
 .text.raise    0x0800be20       0x10 /home/leonas/User/SourceFile/CubeIDE/plugins/com.st.stm32cube.ide.mcu.externaltools.gnu-tools-for-stm32.13.3.rel1.linux64_1.0.100.202509120712/tools/bin/../lib/gcc/arm-none-eabi/13.3.1/../../../../arm-none-eabi/lib/thumb/v7e-m+fp/hard/libc_nano.a(libc_a-signal.o)
                0x0800be20                raise
 .text._kill_r  0x0800be30       0x24 /home/leonas/User/SourceFile/CubeIDE/plugins/com.st.stm32cube.ide.mcu.externaltools.gnu-tools-for-stm32.13.3.rel1.linux64_1.0.100.202509120712/tools/bin/../lib/gcc/arm-none-eabi/13.3.1/../../../../arm-none-eabi/lib/thumb/v7e-m+fp/hard/libc_nano.a(libc_a-signalr.o)
                0x0800be30                _kill_r
 .text._getpid_r
                0x0800be54        0x4 /home/leonas/User/SourceFile/CubeIDE/plugins/com.st.stm32cube.ide.mcu.externaltools.gnu-tools-for-stm32.13.3.rel1.linux64_1.0.100.202509120712/tools/bin/../lib/gcc/arm-none-eabi/13.3.1/../../../../arm-none-eabi/lib/thumb/v7e-m+fp/hard/libc_nano.a(libc_a-signalr.o)
                0x0800be54                _getpid_r
 *(.glue_7)
 .glue_7        0x0800be58        0x0 linker stubs
 *(.glue_7t)
 .glue_7t       0x0800be58        0x0 linker stubs
 *(.eh_frame)
 .eh_frame      0x0800be58        0x0 /home/leonas/User/SourceFile/CubeIDE/plugins/com.st.stm32cube.ide.mcu.externaltools.gnu-tools-for-stm32.13.3.rel1.linux64_1.0.100.202509120712/tools/bin/../lib/gcc/arm-none-eabi/13.3.1/thumb/v7e-m+fp/hard/crtbegin.o
 *(.init)
 .init          0x0800be58        0x4 /home/leonas/User/SourceFile/CubeIDE/plugins/com.st.stm32cube.ide.mcu.externaltools.gnu-tools-for-stm32.13.3.rel1.linux64_1.0.100.202509120712/tools/bin/../lib/gcc/arm-none-eabi/13.3.1/thumb/v7e-m+fp/hard/crti.o
                0x0800be58                _init
 .init          0x0800be5c        0x8 /home/leonas/User/SourceFile/CubeIDE/plugins/com.st.stm32cube.ide.mcu.externaltools.gnu-tools-for-stm32.13.3.rel1.linux64_1.0.100.202509120712/tools/bin/../lib/gcc/arm-none-eabi/13.3.1/thumb/v7e-m+fp/hard/crtn.o
 *(.fini)
 .fini          0x0800be64        0x4 /home/leonas/User/SourceFile/CubeIDE/plugins/com.st.stm32cube.ide.mcu.externaltools.gnu-tools-for-stm32.13.3.rel1.linux64_1.0.100.202509120712/tools/bin/../lib/gcc/arm-none-eabi/13.3.1/thumb/v7e-m+fp/hard/crti.o
                0x0800be64                _fini
 .fini          0x0800be68        0x8 /home/leonas/User/SourceFile/CubeIDE/plugins/com.st.stm32cube.ide.mcu.externaltools.gnu-tools-for-stm32.13.3.rel1.linux64_1.0.100.202509120712/tools/bin/../lib/gcc/arm-none-eabi/13.3.1/thumb/v7e-m+fp/hard/crtn.o
                0x0800be70                        . = ALIGN (0x4)
                0x0800be70                        _etext = .

.vfp11_veneer   0x0800be70        0x0
 .vfp11_veneer  0x0800be70        0x0 linker stubs

.v4_bx          0x0800be70        0x0
 .v4_bx         0x0800be70        0x0 linker stubs

.iplt           0x0800be70        0x0
 .iplt          0x0800be70        0x0 /home/leonas/User/SourceFile/CubeIDE/plugins/com.st.stm32cube.ide.mcu.externaltools.gnu-tools-for-stm32.13.3.rel1.linux64_1.0.100.202509120712/tools/bin/../lib/gcc/arm-none-eabi/13.3.1/thumb/v7e-m+fp/hard/crtbegin.o

.rodata         0x0800be70      0xbc4
                0x0800be70                        . = ALIGN (0x4)
 *(.rodata)
 .rodata        0x0800be70      0x77a ./Core/Src/main.o
 *(.rodata*)
 *fill*         0x0800c5ea        0x2 
 .rodata.AHBPrescTable
                0x0800c5ec       0x10 ./Core/Src/system_stm32f4xx.o
                0x0800c5ec                AHBPrescTable
 .rodata.APBPrescTable
                0x0800c5fc        0x8 ./Core/Src/system_stm32f4xx.o
                0x0800c5fc                APBPrescTable
 .rodata.flagBitshiftOffset.0
                0x0800c604        0x8 ./Drivers/STM32F4xx_HAL_Driver/Src/stm32f4xx_hal_dma.o
 .rodata._strtod_l.str1.1
                0x0800c60c      0x1d1 /home/leonas/User/SourceFile/CubeIDE/plugins/com.st.stm32cube.ide.mcu.externaltools.gnu-tools-for-stm32.13.3.rel1.linux64_1.0.100.202509120712/tools/bin/../lib/gcc/arm-none-eabi/13.3.1/../../../../arm-none-eabi/lib/thumb/v7e-m+fp/hard/libc_nano.a(libc_a-strtod.o)
                                  0xf (size before relaxing)
 *fill*         0x0800c7dd        0x3 
 .rodata.fpinan.0
                0x0800c7e0       0x14 /home/leonas/User/SourceFile/CubeIDE/plugins/com.st.stm32cube.ide.mcu.externaltools.gnu-tools-for-stm32.13.3.rel1.linux64_1.0.100.202509120712/tools/bin/../lib/gcc/arm-none-eabi/13.3.1/../../../../arm-none-eabi/lib/thumb/v7e-m+fp/hard/libc_nano.a(libc_a-strtod.o)
 .rodata.fpi.1  0x0800c7f4       0x14 /home/leonas/User/SourceFile/CubeIDE/plugins/com.st.stm32cube.ide.mcu.externaltools.gnu-tools-for-stm32.13.3.rel1.linux64_1.0.100.202509120712/tools/bin/../lib/gcc/arm-none-eabi/13.3.1/../../../../arm-none-eabi/lib/thumb/v7e-m+fp/hard/libc_nano.a(libc_a-strtod.o)
 .rodata.tinytens
                0x0800c808       0x28 /home/leonas/User/SourceFile/CubeIDE/plugins/com.st.stm32cube.ide.mcu.externaltools.gnu-tools-for-stm32.13.3.rel1.linux64_1.0.100.202509120712/tools/bin/../lib/gcc/arm-none-eabi/13.3.1/../../../../arm-none-eabi/lib/thumb/v7e-m+fp/hard/libc_nano.a(libc_a-strtod.o)
 .rodata._printf_float.str1.1
                0x0800c830        0x0 /home/leonas/User/SourceFile/CubeIDE/plugins/com.st.stm32cube.ide.mcu.externaltools.gnu-tools-for-stm32.13.3.rel1.linux64_1.0.100.202509120712/tools/bin/../lib/gcc/arm-none-eabi/13.3.1/../../../../arm-none-eabi/lib/thumb/v7e-m+fp/hard/libc_nano.a(libc_a-nano-vfprintf_float.o)
                                 0x12 (size before relaxing)
 .rodata._printf_i.str1.1
                0x0800c830        0x0 /home/leonas/User/SourceFile/CubeIDE/plugins/com.st.stm32cube.ide.mcu.externaltools.gnu-tools-for-stm32.13.3.rel1.linux64_1.0.100.202509120712/tools/bin/../lib/gcc/arm-none-eabi/13.3.1/../../../../arm-none-eabi/lib/thumb/v7e-m+fp/hard/libc_nano.a(libc_a-nano-vfprintf_i.o)
                                 0x22 (size before relaxing)
 .rodata._setlocale_r.str1.1
                0x0800c830        0x0 /home/leonas/User/SourceFile/CubeIDE/plugins/com.st.stm32cube.ide.mcu.externaltools.gnu-tools-for-stm32.13.3.rel1.linux64_1.0.100.202509120712/tools/bin/../lib/gcc/arm-none-eabi/13.3.1/../../../../arm-none-eabi/lib/thumb/v7e-m+fp/hard/libc_nano.a(libc_a-locale.o)
                                  0x9 (size before relaxing)
 .rodata.str1.1
                0x0800c830        0x0 /home/leonas/User/SourceFile/CubeIDE/plugins/com.st.stm32cube.ide.mcu.externaltools.gnu-tools-for-stm32.13.3.rel1.linux64_1.0.100.202509120712/tools/bin/../lib/gcc/arm-none-eabi/13.3.1/../../../../arm-none-eabi/lib/thumb/v7e-m+fp/hard/libc_nano.a(libc_a-locale.o)
                                  0x2 (size before relaxing)
 .rodata._dtoa_r.str1.1
                0x0800c830        0x0 /home/leonas/User/SourceFile/CubeIDE/plugins/com.st.stm32cube.ide.mcu.externaltools.gnu-tools-for-stm32.13.3.rel1.linux64_1.0.100.202509120712/tools/bin/../lib/gcc/arm-none-eabi/13.3.1/../../../../arm-none-eabi/lib/thumb/v7e-m+fp/hard/libc_nano.a(libc_a-dtoa.o)
                                 0x8f (size before relaxing)
 .rodata.__gethex.str1.1
                0x0800c830        0x0 /home/leonas/User/SourceFile/CubeIDE/plugins/com.st.stm32cube.ide.mcu.externaltools.gnu-tools-for-stm32.13.3.rel1.linux64_1.0.100.202509120712/tools/bin/../lib/gcc/arm-none-eabi/13.3.1/../../../../arm-none-eabi/lib/thumb/v7e-m+fp/hard/libc_nano.a(libc_a-gdtoa-gethex.o)
                                 0x73 (size before relaxing)
 .rodata._Balloc.str1.1
                0x0800c830        0x0 /home/leonas/User/SourceFile/CubeIDE/plugins/com.st.stm32cube.ide.mcu.externaltools.gnu-tools-for-stm32.13.3.rel1.linux64_1.0.100.202509120712/tools/bin/../lib/gcc/arm-none-eabi/13.3.1/../../../../arm-none-eabi/lib/thumb/v7e-m+fp/hard/libc_nano.a(libc_a-mprec.o)
                                 0x70 (size before relaxing)
 .rodata.__multadd.str1.1
                0x0800c830        0x0 /home/leonas/User/SourceFile/CubeIDE/plugins/com.st.stm32cube.ide.mcu.externaltools.gnu-tools-for-stm32.13.3.rel1.linux64_1.0.100.202509120712/tools/bin/../lib/gcc/arm-none-eabi/13.3.1/../../../../arm-none-eabi/lib/thumb/v7e-m+fp/hard/libc_nano.a(libc_a-mprec.o)
                                 0x11 (size before relaxing)
 .rodata.p05.0  0x0800c830        0xc /home/leonas/User/SourceFile/CubeIDE/plugins/com.st.stm32cube.ide.mcu.externaltools.gnu-tools-for-stm32.13.3.rel1.linux64_1.0.100.202509120712/tools/bin/../lib/gcc/arm-none-eabi/13.3.1/../../../../arm-none-eabi/lib/thumb/v7e-m+fp/hard/libc_nano.a(libc_a-mprec.o)
 *fill*         0x0800c83c        0x4 
 .rodata.__mprec_bigtens
                0x0800c840       0x28 /home/leonas/User/SourceFile/CubeIDE/plugins/com.st.stm32cube.ide.mcu.externaltools.gnu-tools-for-stm32.13.3.rel1.linux64_1.0.100.202509120712/tools/bin/../lib/gcc/arm-none-eabi/13.3.1/../../../../arm-none-eabi/lib/thumb/v7e-m+fp/hard/libc_nano.a(libc_a-mprec.o)
                0x0800c840                __mprec_bigtens
 .rodata.__mprec_tens
                0x0800c868       0xc8 /home/leonas/User/SourceFile/CubeIDE/plugins/com.st.stm32cube.ide.mcu.externaltools.gnu-tools-for-stm32.13.3.rel1.linux64_1.0.100.202509120712/tools/bin/../lib/gcc/arm-none-eabi/13.3.1/../../../../arm-none-eabi/lib/thumb/v7e-m+fp/hard/libc_nano.a(libc_a-mprec.o)
                0x0800c868                __mprec_tens
 .rodata._ctype_
                0x0800c930      0x101 /home/leonas/User/SourceFile/CubeIDE/plugins/com.st.stm32cube.ide.mcu.externaltools.gnu-tools-for-stm32.13.3.rel1.linux64_1.0.100.202509120712/tools/bin/../lib/gcc/arm-none-eabi/13.3.1/../../../../arm-none-eabi/lib/thumb/v7e-m+fp/hard/libc_nano.a(libc_a-ctype_.o)
                0x0800c930                _ctype_
 .rodata._svfprintf_r.str1.1
                0x0800ca31        0x0 /home/leonas/User/SourceFile/CubeIDE/plugins/com.st.stm32cube.ide.mcu.externaltools.gnu-tools-for-stm32.13.3.rel1.linux64_1.0.100.202509120712/tools/bin/../lib/gcc/arm-none-eabi/13.3.1/../../../../arm-none-eabi/lib/thumb/v7e-m+fp/hard/libc_nano.a(libc_a-nano-svfprintf.o)
                                 0x11 (size before relaxing)
 .rodata._vfprintf_r.str1.1
                0x0800ca31        0x0 /home/leonas/User/SourceFile/CubeIDE/plugins/com.st.stm32cube.ide.mcu.externaltools.gnu-tools-for-stm32.13.3.rel1.linux64_1.0.100.202509120712/tools/bin/../lib/gcc/arm-none-eabi/13.3.1/../../../../arm-none-eabi/lib/thumb/v7e-m+fp/hard/libc_nano.a(libc_a-nano-vfprintf.o)
                                 0x11 (size before relaxing)
 .rodata.__assert_func.str1.1
                0x0800ca31        0x0 /home/leonas/User/SourceFile/CubeIDE/plugins/com.st.stm32cube.ide.mcu.externaltools.gnu-tools-for-stm32.13.3.rel1.linux64_1.0.100.202509120712/tools/bin/../lib/gcc/arm-none-eabi/13.3.1/../../../../arm-none-eabi/lib/thumb/v7e-m+fp/hard/libc_nano.a(libc_a-assert.o)
                                 0x3d (size before relaxing)
                0x0800ca34                        . = ALIGN (0x4)
 *fill*         0x0800ca31        0x3 

.ARM.extab      0x0800ca34        0x0
                0x0800ca34                        . = ALIGN (0x4)
 *(.ARM.extab* .gnu.linkonce.armextab.*)
                0x0800ca34                        . = ALIGN (0x4)

.ARM            0x0800ca34        0x8
                0x0800ca34                        . = ALIGN (0x4)
                0x0800ca34                        __exidx_start = .
 *(.ARM.exidx*)
 .ARM.exidx     0x0800ca34        0x8 /home/leonas/User/SourceFile/CubeIDE/plugins/com.st.stm32cube.ide.mcu.externaltools.gnu-tools-for-stm32.13.3.rel1.linux64_1.0.100.202509120712/tools/bin/../lib/gcc/arm-none-eabi/13.3.1/../../../../arm-none-eabi/lib/thumb/v7e-m+fp/hard/libc_nano.a(libc_a-memchr.o)
 .ARM.exidx     0x0800ca3c        0x0 /home/leonas/User/SourceFile/CubeIDE/plugins/com.st.stm32cube.ide.mcu.externaltools.gnu-tools-for-stm32.13.3.rel1.linux64_1.0.100.202509120712/tools/bin/../lib/gcc/arm-none-eabi/13.3.1/../../../../arm-none-eabi/lib/thumb/v7e-m+fp/hard/libc_nano.a(libc_a-strlen.o)
                                  0x8 (size before relaxing)
 .ARM.exidx     0x0800ca3c        0x0 /home/leonas/User/SourceFile/CubeIDE/plugins/com.st.stm32cube.ide.mcu.externaltools.gnu-tools-for-stm32.13.3.rel1.linux64_1.0.100.202509120712/tools/bin/../lib/gcc/arm-none-eabi/13.3.1/thumb/v7e-m+fp/hard/libgcc.a(_udivmoddi4.o)
                                  0x8 (size before relaxing)
                0x0800ca3c                        __exidx_end = .
                0x0800ca3c                        . = ALIGN (0x4)

.preinit_array  0x0800ca3c        0x0
                0x0800ca3c                        . = ALIGN (0x4)
                0x0800ca3c                        PROVIDE (__preinit_array_start = .)
 *(.preinit_array*)
                0x0800ca3c                        PROVIDE (__preinit_array_end = .)
                0x0800ca3c                        . = ALIGN (0x4)

.init_array     0x0800ca3c        0x4
                0x0800ca3c                        . = ALIGN (0x4)
                0x0800ca3c                        PROVIDE (__init_array_start = .)
 *(SORT_BY_NAME(.init_array.*))
 *(.init_array*)
 .init_array    0x0800ca3c        0x4 /home/leonas/User/SourceFile/CubeIDE/plugins/com.st.stm32cube.ide.mcu.externaltools.gnu-tools-for-stm32.13.3.rel1.linux64_1.0.100.202509120712/tools/bin/../lib/gcc/arm-none-eabi/13.3.1/thumb/v7e-m+fp/hard/crtbegin.o
                0x0800ca40                        PROVIDE (__init_array_end = .)
                0x0800ca40                        . = ALIGN (0x4)

.fini_array     0x0800ca40        0x4
                0x0800ca40                        . = ALIGN (0x4)
                [!provide]                        PROVIDE (__fini_array_start = .)
 *(SORT_BY_NAME(.fini_array.*))
 *(.fini_array*)
 .fini_array    0x0800ca40        0x4 /home/leonas/User/SourceFile/CubeIDE/plugins/com.st.stm32cube.ide.mcu.externaltools.gnu-tools-for-stm32.13.3.rel1.linux64_1.0.100.202509120712/tools/bin/../lib/gcc/arm-none-eabi/13.3.1/thumb/v7e-m+fp/hard/crtbegin.o
                [!provide]                        PROVIDE (__fini_array_end = .)
                0x0800ca44                        . = ALIGN (0x4)
                0x0800ca44                        _sidata = LOADADDR (.data)

.rel.dyn        0x0800ca44        0x0
 .rel.iplt      0x0800ca44        0x0 /home/leonas/User/SourceFile/CubeIDE/plugins/com.st.stm32cube.ide.mcu.externaltools.gnu-tools-for-stm32.13.3.rel1.linux64_1.0.100.202509120712/tools/bin/../lib/gcc/arm-none-eabi/13.3.1/thumb/v7e-m+fp/hard/crtbegin.o

.data           0x20000000      0x21c load address 0x0800ca44
                0x20000000                        . = ALIGN (0x4)
                0x20000000                        _sdata = .
 *(.data)
 *(.data*)
 .data.g_kp     0x20000000        0x4 ./Core/Src/main.o
 .data.g_kd     0x20000004        0x4 ./Core/Src/main.o
 .data.g_base_speed
                0x20000008        0x1 ./Core/Src/main.o
 .data.g_turn_lost
                0x20000009        0x1 ./Core/Src/main.o
 .data.g_manual_speed
                0x2000000a        0x1 ./Core/Src/main.o
 *fill*         0x2000000b        0x1 
 .data.g_manual_timeout
                0x2000000c        0x4 ./Core/Src/main.o
 .data.g_w_l2   0x20000010        0x4 ./Core/Src/main.o
 .data.g_w_l1   0x20000014        0x4 ./Core/Src/main.o
 .data.g_w_r1   0x20000018        0x4 ./Core/Src/main.o
 .data.g_w_r2   0x2000001c        0x4 ./Core/Src/main.o
 .data.g_bias_a
                0x20000020        0x4 ./Core/Src/main.o
 .data.g_cl_enabled
                0x20000024        0x1 ./Core/Src/main.o
 *fill*         0x20000025        0x3 
 .data.g_cl_kp  0x20000028        0x4 ./Core/Src/main.o
 .data.g_cl_kd  0x2000002c        0x4 ./Core/Src/main.o
 .data.g_ir_threshold
                0x20000030        0x2 ./Core/Src/main.o
 *fill*         0x20000032        0x2 
 .data.g_state  0x20000034       0x14 ./Core/Src/main.o
 .data.SystemCoreClock
                0x20000048        0x4 ./Core/Src/system_stm32f4xx.o
                0x20000048                SystemCoreClock
 .data.uwTickPrio
                0x2000004c        0x4 ./Drivers/STM32F4xx_HAL_Driver/Src/stm32f4xx_hal.o
                0x2000004c                uwTickPrio
 .data.uwTickFreq
                0x20000050        0x1 ./Drivers/STM32F4xx_HAL_Driver/Src/stm32f4xx_hal.o
                0x20000050                uwTickFreq
 *fill*         0x20000051        0x3 
 .data.__sglue  0x20000054        0xc /home/leonas/User/SourceFile/CubeIDE/plugins/com.st.stm32cube.ide.mcu.externaltools.gnu-tools-for-stm32.13.3.rel1.linux64_1.0.100.202509120712/tools/bin/../lib/gcc/arm-none-eabi/13.3.1/../../../../arm-none-eabi/lib/thumb/v7e-m+fp/hard/libc_nano.a(libc_a-findfp.o)
                0x20000054                __sglue
 .data.__global_locale
                0x20000060      0x16c /home/leonas/User/SourceFile/CubeIDE/plugins/com.st.stm32cube.ide.mcu.externaltools.gnu-tools-for-stm32.13.3.rel1.linux64_1.0.100.202509120712/tools/bin/../lib/gcc/arm-none-eabi/13.3.1/../../../../arm-none-eabi/lib/thumb/v7e-m+fp/hard/libc_nano.a(libc_a-locale.o)
                0x20000060                __global_locale
 .data._impure_ptr
                0x200001cc        0x4 /home/leonas/User/SourceFile/CubeIDE/plugins/com.st.stm32cube.ide.mcu.externaltools.gnu-tools-for-stm32.13.3.rel1.linux64_1.0.100.202509120712/tools/bin/../lib/gcc/arm-none-eabi/13.3.1/../../../../arm-none-eabi/lib/thumb/v7e-m+fp/hard/libc_nano.a(libc_a-impure.o)
                0x200001cc                _impure_ptr
 .data._impure_data
                0x200001d0       0x4c /home/leonas/User/SourceFile/CubeIDE/plugins/com.st.stm32cube.ide.mcu.externaltools.gnu-tools-for-stm32.13.3.rel1.linux64_1.0.100.202509120712/tools/bin/../lib/gcc/arm-none-eabi/13.3.1/../../../../arm-none-eabi/lib/thumb/v7e-m+fp/hard/libc_nano.a(libc_a-impure.o)
                0x200001d0                _impure_data
 *(.RamFunc)
 *(.RamFunc*)
                0x2000021c                        . = ALIGN (0x4)
                0x2000021c                        _edata = .

.igot.plt       0x2000021c        0x0 load address 0x0800cc60
 .igot.plt      0x2000021c        0x0 /home/leonas/User/SourceFile/CubeIDE/plugins/com.st.stm32cube.ide.mcu.externaltools.gnu-tools-for-stm32.13.3.rel1.linux64_1.0.100.202509120712/tools/bin/../lib/gcc/arm-none-eabi/13.3.1/thumb/v7e-m+fp/hard/crtbegin.o
                0x2000021c                        . = ALIGN (0x4)

.bss            0x2000021c      0x410 load address 0x0800cc60
                0x2000021c                        _sbss = .
                0x2000021c                        __bss_start__ = _sbss
 *(.bss)
 .bss           0x2000021c       0x1c /home/leonas/User/SourceFile/CubeIDE/plugins/com.st.stm32cube.ide.mcu.externaltools.gnu-tools-for-stm32.13.3.rel1.linux64_1.0.100.202509120712/tools/bin/../lib/gcc/arm-none-eabi/13.3.1/thumb/v7e-m+fp/hard/crtbegin.o
 *(.bss*)
 .bss.htim2     0x20000238       0x48 ./Core/Src/main.o
                0x20000238                htim2
 .bss.htim3     0x20000280       0x48 ./Core/Src/main.o
                0x20000280                htim3
 .bss.htim4     0x200002c8       0x48 ./Core/Src/main.o
                0x200002c8                htim4
 .bss.huart1    0x20000310       0x48 ./Core/Src/main.o
                0x20000310                huart1
 .bss.huart2    0x20000358       0x48 ./Core/Src/main.o
                0x20000358                huart2
 .bss.hadc1     0x200003a0       0x48 ./Core/Src/main.o
                0x200003a0                hadc1
 .bss.hdma_adc1
                0x200003e8       0x60 ./Core/Src/main.o
                0x200003e8                hdma_adc1
 .bss.g_ki      0x20000448        0x4 ./Core/Src/main.o
 .bss.g_bias_b  0x2000044c        0x4 ./Core/Src/main.o
 .bss.g_error   0x20000450        0x4 ./Core/Src/main.o
 .bss.g_last_error
                0x20000454        0x4 ./Core/Src/main.o
 .bss.g_integral
                0x20000458        0x4 ./Core/Src/main.o
 .bss.g_last_pid_time
                0x2000045c        0x4 ./Core/Src/main.o
 .bss.g_turn_memory
                0x20000460        0x4 ./Core/Src/main.o
 .bss.g_adc_buf
                0x20000464        0xa ./Core/Src/main.o
 *fill*         0x2000046e        0x2 
 .bss.g_adc_ring
                0x20000470        0xa ./Core/Src/main.o
 .bss.g_adc_ring_idx
                0x2000047a        0x1 ./Core/Src/main.o
 *fill*         0x2000047b        0x1 
 .bss.g_adc_last_tick
                0x2000047c        0x4 ./Core/Src/main.o
 .bss.g_ir_L2   0x20000480        0x2 ./Core/Src/main.o
 .bss.g_ir_L1   0x20000482        0x2 ./Core/Src/main.o
 .bss.g_ir_C    0x20000484        0x2 ./Core/Src/main.o
 .bss.g_ir_R1   0x20000486        0x2 ./Core/Src/main.o
 .bss.g_ir_R2   0x20000488        0x2 ./Core/Src/main.o
 *fill*         0x2000048a        0x2 
 .bss.g_enc_left_prev
                0x2000048c        0x4 ./Core/Src/main.o
 .bss.g_enc_right_prev
                0x20000490        0x4 ./Core/Src/main.o
 .bss.g_rpm_left
                0x20000494        0x4 ./Core/Src/main.o
 .bss.g_rpm_right
                0x20000498        0x4 ./Core/Src/main.o
 .bss.g_speed_last_tick
                0x2000049c        0x4 ./Core/Src/main.o
 .bss.g_cl_error_prev
                0x200004a0        0x4 ./Core/Src/main.o
 .bss.g_cl_correction
                0x200004a4        0x4 ./Core/Src/main.o
 .bss.g_softstart_tick
                0x200004a8        0x4 ./Core/Src/main.o
 .bss.g_softstart_done
                0x200004ac        0x1 ./Core/Src/main.o
 *fill*         0x200004ad        0x3 
 .bss.g_softstart_scale
                0x200004b0        0x4 ./Core/Src/main.o
 .bss.g_bt_rx_byte
                0x200004b4        0x1 ./Core/Src/main.o
 *fill*         0x200004b5        0x3 
 .bss.g_bt_cmd_buf
                0x200004b8       0x10 ./Core/Src/main.o
 .bss.g_bt_cmd_len
                0x200004c8        0x1 ./Core/Src/main.o
 .bss.g_running
                0x200004c9        0x1 ./Core/Src/main.o
                0x200004c9                g_running
 .bss.g_mode    0x200004ca        0x1 ./Core/Src/main.o
                0x200004ca                g_mode
 *fill*         0x200004cb        0x1 
 .bss.g_bt_last_cmd_tick
                0x200004cc        0x4 ./Core/Src/main.o
                0x200004cc                g_bt_last_cmd_tick
 .bss.g_manual_active
                0x200004d0        0x1 ./Core/Src/main.o
                0x200004d0                g_manual_active
 .bss.g_tuning  0x200004d1        0x1 ./Core/Src/main.o
                0x200004d1                g_tuning
 .bss.g_resume_run
                0x200004d2        0x1 ./Core/Src/main.o
 .bss.g_spd_A   0x200004d3        0x1 ./Core/Src/main.o
 .bss.g_spd_B   0x200004d4        0x1 ./Core/Src/main.o
 *fill*         0x200004d5        0x3 
 .bss.__sbrk_heap_end
                0x200004d8        0x4 ./Core/Src/sysmem.o
 .bss.uwTick    0x200004dc        0x4 ./Drivers/STM32F4xx_HAL_Driver/Src/stm32f4xx_hal.o
                0x200004dc                uwTick
 .bss.__sf      0x200004e0      0x138 /home/leonas/User/SourceFile/CubeIDE/plugins/com.st.stm32cube.ide.mcu.externaltools.gnu-tools-for-stm32.13.3.rel1.linux64_1.0.100.202509120712/tools/bin/../lib/gcc/arm-none-eabi/13.3.1/../../../../arm-none-eabi/lib/thumb/v7e-m+fp/hard/libc_nano.a(libc_a-findfp.o)
                0x200004e0                __sf
 .bss.__stdio_exit_handler
                0x20000618        0x4 /home/leonas/User/SourceFile/CubeIDE/plugins/com.st.stm32cube.ide.mcu.externaltools.gnu-tools-for-stm32.13.3.rel1.linux64_1.0.100.202509120712/tools/bin/../lib/gcc/arm-none-eabi/13.3.1/../../../../arm-none-eabi/lib/thumb/v7e-m+fp/hard/libc_nano.a(libc_a-findfp.o)
                0x20000618                __stdio_exit_handler
 .bss.errno     0x2000061c        0x4 /home/leonas/User/SourceFile/CubeIDE/plugins/com.st.stm32cube.ide.mcu.externaltools.gnu-tools-for-stm32.13.3.rel1.linux64_1.0.100.202509120712/tools/bin/../lib/gcc/arm-none-eabi/13.3.1/../../../../arm-none-eabi/lib/thumb/v7e-m+fp/hard/libc_nano.a(libc_a-reent.o)
                0x2000061c                errno
 .bss.__lock___malloc_recursive_mutex
                0x20000620        0x1 /home/leonas/User/SourceFile/CubeIDE/plugins/com.st.stm32cube.ide.mcu.externaltools.gnu-tools-for-stm32.13.3.rel1.linux64_1.0.100.202509120712/tools/bin/../lib/gcc/arm-none-eabi/13.3.1/../../../../arm-none-eabi/lib/thumb/v7e-m+fp/hard/libc_nano.a(libc_a-lock.o)