../Core/Src/main.c:263:5:__io_putchar	16	static
../Core/Src/main.c:272:6:BT_Send	16	static
../Core/Src/main.c:280:6:TB6612_Enable	8	static
../Core/Src/main.c:285:6:TB6612_Disable	8	static
../Core/Src/main.c:296:6:MotorA_SetSpeed	32	static
../Core/Src/main.c:338:6:MotorB_SetSpeed	24	static
../Core/Src/main.c:376:6:Motors_Stop	8	static
../Core/Src/main.c:386:6:Motors_Brake	8	static
../Core/Src/main.c:411:6:ADC_UpdateIR	56	static,ignoring_inline_asm
../Core/Src/main.c:450:6:Encoder_UpdateSpeed	40	static
../Core/Src/main.c:500:6:ToggleRunning	8	static
../Core/Src/main.c:571:6:LineFollow_PID	112	static
../Core/Src/main.c:754:6:Tuning_ResetDefaults	8	static
../Core/Src/main.c:788:6:BT_SendTuningMenu	232	static
../Core/Src/main.c:821:6:EnterTuningMode	8	static
../Core/Src/main.c:845:6:ExitTuningMode	8	static
../Core/Src/main.c:882:6:BT_ProcessCommand	120	static
../Core/Src/main.c:1019:6:SetMode	16	static
../Core/Src/main.c:1051:6:ManualDrive	16	static
../Core/Src/main.c:1094:6:ManualTimeoutCheck	8	static
../Core/Src/main.c:1110:6:UART_PrintStatus	184	static
../Core/Src/main.c:1132:6:BT_SendStatus	304	static
../Core/Src/main.c:1156:6:USART1_IRQHandler	8	static
../Core/Src/main.c:1161:6:DMA2_Stream0_IRQHandler	8	static
../Core/Src/main.c:1166:6:HAL_UART_RxCpltCallback	24	static
../Core/Src/main.c:1224:5:main	24	static
../Core/Src/main.c:1317:6:SystemClock_Config	88	static
../Core/Src/main.c:1354:13:MX_DMA_Init	16	static
../Core/Src/main.c:1387:13:MX_ADC1_Init	64	static
../Core/Src/main.c:1437:13:MX_TIM2_Init	72	static
../Core/Src/main.c:1476:13:MX_TIM3_Init	72	static
../Core/Src/main.c:1523:13:MX_TIM4_Init	72	static
../Core/Src/main.c:1562:13:MX_USART1_UART_Init	40	static
../Core/Src/main.c:1592:13:MX_USART2_UART_Init	40	static
../Core/Src/main.c:1622:13:MX_GPIO_Init	48	static
../Core/Src/main.c:1657:6:Error_Handler	4	static,ignoring_inline_asm
