../Core/Src/main.c:263:5:__io_putchar	1
../Core/Src/main.c:272:6:BT_Send	1
../Core/Src/main.c:280:6:TB6612_Enable	1
../Core/Src/main.c:285:6:TB6612_Disable	1
../Core/Src/main.c:296:6:MotorA_SetSpeed	8
../Core/Src/main.c:338:6:MotorB_SetSpeed	8
../Core/Src/main.c:376:6:Motors_Stop	1
../Core/Src/main.c:386:6:Motors_Brake	1
../Core/Src/main.c:411:6:ADC_UpdateIR	5
../Core/Src/main.c:450:6:Encoder_UpdateSpeed	10
../Core/Src/main.c:500:6:ToggleRunning	4
../Core/Src/main.c:571:6:LineFollow_PID	32
../Core/Src/main.c:754:6:Tuning_ResetDefaults	1
../Core/Src/main.c:788:6:BT_SendTuningMenu	2
../Core/Src/main.c:821:6:EnterTuningMode	2
../Core/Src/main.c:845:6:ExitTuningMode	4
../Core/Src/main.c:882:6:BT_ProcessCommand	38
../Core/Src/main.c:1019:6:SetMode	2
../Core/Src/main.c:1051:6:ManualDrive	5
../Core/Src/main.c:1094:6:ManualTimeoutCheck	4
../Core/Src/main.c:1110:6:UART_PrintStatus	5
../Core/Src/main.c:1132:6:BT_SendStatus	5
../Core/Src/main.c:1156:6:USART1_IRQHandler	1
../Core/Src/main.c:1161:6:DMA2_Stream0_IRQHandler	1
../Core/Src/main.c:1166:6:HAL_UART_RxCpltCallback	30
../Core/Src/main.c:1224:5:main	11
../Core/Src/main.c:1317:6:SystemClock_Config	3
../Core/Src/main.c:1354:13:MX_DMA_Init	2
../Core/Src/main.c:1387:13:MX_ADC1_Init	2
../Core/Src/main.c:1437:13:MX_TIM2_Init	2
../Core/Src/main.c:1476:13:MX_TIM3_Init	4
../Core/Src/main.c:1523:13:MX_TIM4_Init	2
../Core/Src/main.c:1562:13:MX_USART1_UART_Init	2
../Core/Src/main.c:1592:13:MX_USART2_UART_Init	2
../Core/Src/main.c:1622:13:MX_GPIO_Init	1
../Core/Src/main.c:1657:6:Error_Handler	1
