../Core/Src/main.c:230:5:__io_putchar	16	static
../Core/Src/main.c:236:6:BT_Send	16	static
../Core/Src/main.c:244:6:TB6612_Enable	8	static
../Core/Src/main.c:245:6:TB6612_Disable	8	static
../Core/Src/main.c:252:6:MotorA_SetSpeed	32	static
../Core/Src/main.c:284:6:MotorB_SetSpeed	24	static
../Core/Src/main.c:310:6:Motors_Stop	8	static
../Core/Src/main.c:319:6:Motors_Brake	8	static
../Core/Src/main.c:331:6:ADC_UpdateIR	4	static
../Core/Src/main.c:351:6:Encoder_UpdateSpeed	40	static
../Core/Src/main.c:396:6:ToggleRunning	8	static
../Core/Src/main.c:424:6:Tuning_ResetDefaults	8	static
../Core/Src/main.c:454:6:BT_SendTuningMenu	216	static
../Core/Src/main.c:502:6:EnterTuningMode	8	static
../Core/Src/main.c:517:6:ExitTuningMode	8	static
../Core/Src/main.c:543:6:BT_ProcessCommand	120	static
../Core/Src/main.c:655:6:SetMode	16	static
../Core/Src/main.c:678:6:ManualDrive	16	static
../Core/Src/main.c:704:6:ManualTimeoutCheck	8	static
../Core/Src/main.c:717:6:HAL_UART_RxCpltCallback	24	static
../Core/Src/main.c:769:6:LineFollow_PID	72	static
../Core/Src/main.c:847:6:UART_PrintStatus	152	static
../Core/Src/main.c:867:6:BT_SendStatus	304	static
../Core/Src/main.c:886:6:EXTI15_10_IRQHandler	8	static
../Core/Src/main.c:887:6:USART1_IRQHandler	8	static
../Core/Src/main.c:888:6:DMA2_Stream0_IRQHandler	8	static
../Core/Src/main.c:890:6:HAL_GPIO_EXTI_Callback	24	static
../Core/Src/main.c:902:5:main	24	static
../Core/Src/main.c:975:6:SystemClock_Config	88	static
../Core/Src/main.c:1006:13:MX_DMA_Init	16	static
../Core/Src/main.c:1033:13:MX_ADC1_Init	64	static
../Core/Src/main.c:1086:13:MX_TIM2_Init	72	static
../Core/Src/main.c:1124:13:MX_TIM3_Init	48	static
../Core/Src/main.c:1156:13:MX_TIM4_Init	72	static
../Core/Src/main.c:1193:13:MX_USART1_UART_Init	40	static
../Core/Src/main.c:1221:13:MX_USART2_UART_Init	8	static
../Core/Src/main.c:1237:13:MX_GPIO_Init	48	static
../Core/Src/main.c:1277:6:Error_Handler	4	static,ignoring_inline_asm
